Microchip MPLAB XC8 Compiler V2.35

Linker command line:

-W-3 --edf=D:\Program Files\Microchip\xc8\v2.35\pic\dat\en_msgs.txt -cn \
  -h+dist/default/debug\Ohm_Meter.X.debug.sym \
  --cmf=dist/default/debug\Ohm_Meter.X.debug.cmf -z -Q18F47K40 \
  -oC:\Users\ryans\AppData\Local\Temp\xcAsa2s.4 --defsym=__MPLAB_BUILD=1 \
  -Mdist/default/debug/Ohm_Meter.X.debug.map \
  --md=C:\Users\ryans\AppData\Local\Temp\xcAsa2s.dat -E1 -ver=XC8 Compiler \
  --acfsm=1493 -ACODE=00h-01FFFFh -ACONST=00h-01FFFFh \
  -ASMALLCONST=0F00h-0FFFhx497 -AMEDIUMCONST=0F00h-0FFFFh,010F00h-01FFFFh \
  -ACOMRAM=01h-05Fh -AABS1=00h-0E87h -ABIGRAM=01h-0E87h \
  -ARAM=060h-0FFh,0100h-01FFhx13,0E00h-0E87h -ABANK0=060h-0FFh \
  -ABANK1=0100h-01FFh -ABANK2=0200h-02FFh -ABANK3=0300h-03FFh \
  -ABANK4=0400h-04FFh -ABANK5=0500h-05FFh -ABANK6=0600h-06FFh \
  -ABANK7=0700h-07FFh -ABANK8=0800h-08FFh -ABANK9=0900h-09FFh \
  -ABANK10=0A00h-0AFFh -ABANK11=0B00h-0BFFh -ABANK12=0C00h-0CFFh \
  -ABANK13=0D00h-0DFFh -ABANK14=0E00h-0E87h \
  -ASFR=0E8Dh-0EFFh,0F00h-0F5Fh,0F60h-0FFFh -ABIGSFR=0E8Dh-0FFFh \
  -ACONFIG=0300000h-030000Bh -AIDLOC=0200000h-020000Fh \
  -AEEDATA=0310000h-03103FFh -peeprom_data=EEDATA \
  -preset_vec=00h,intcode=08h,intcodelo,powerup,init -pramtop=0F00h \
  -psmallconst=SMALLCONST -pmediumconst=MEDIUMCONST -pconst=CONST \
  -AFARRAM=00h-00h \
  -prdata=COMRAM,nvrram=COMRAM,nvbit=COMRAM,rbss=COMRAM,rbit=COMRAM \
  -pfarbss=FARRAM,fardata=FARRAM,nvFARRAM=FARRAM \
  -pintsave_regs=BIGRAM,bigbss=BIGRAM,bigdata=BIGRAM -pbss=RAM \
  -pidata=CODE,irdata=CODE,ibigdata=CODE,ifardata=CODE -prparam=COMRAM \
  C:\Users\ryans\AppData\Local\Temp\xcAsa2s.o \
  dist/default/debug\Ohm_Meter.X.debug.o 

Object code version is 3.11

Machine type is 18F47K40



                Name                               Link     Load   Length Selector   Space Scale
C:\Users\ryans\AppData\Local\Temp\xcAsa2s.o
                idloc                            200000   200000       10        0       5
                config                           300000   300000        C        0       4
                init                                 4E       4E        4        4       0
                reset_vec                             0        0        6        0       0
dist/default/debug\Ohm_Meter.X.debug.o
                intcode                               8        8       46        4       0
                idloc                            200000   200000       10        0       5
                config                           300000   300000        C        0       4
                temp                                 5C       5C        1        1       1
                smallconst                          F00      F00       9A      780       0
                text50                             6854     6854        2      7CD       0
                text49                             66FA     66FA       36      7CD       0
                text47                             681C     681C       14      7CD       0
                text46                             683E     683E        C      7CD       0
                text45                             595E     595E      10A      7CD       0
                text44                             65DC     65DC       40      7CD       0
                text43                             678A     678A       26      7CD       0
                text42                             62A8     62A8       80      7CD       0
                text41                             668C     668C       38      7CD       0
                text40                             5FF2     5FF2       C6      7CD       0
                text39                             617A     617A       9A      7CD       0
                text38                             5854     5854      10A      7CD       0
                text37                             6214     6214       94      7CD       0
                text36                             6830     6830        E      7CD       0
                text35                             6402     6402       66      7CD       0
                text34                             684E     684E        4      7CD       0
                text33                             67EE     67EE       18      7CD       0
                text32                             6328     6328       74      7CD       0
                text31                             67D2     67D2       1C      7CD       0
                text30                             6806     6806       16      7CD       0
                text29                             5A68     5A68      106      7CD       0
                text28                             4A48     4A48      39A      7CD       0
                text27                             6654     6654       38      7CD       0
                text26                             3D76     3D76      4C0      7CD       0
                text25                             6552     6552       46      7CD       0
                text24                             5536     5536      1B4      7CD       0
                text23                             6730     6730       34      7CD       0
                text22                             4236     4236      42A      7CD       0
                text21                             5100     5100      234      7CD       0
                text20                             5B6E     5B6E      104      7CD       0
                text19                             67B0     67B0       22      7CD       0
                text18                             38B6     38B6      4C0      7CD       0
                text17                              F9A      F9A     291C      7CD       0
                text16                             6764     6764       26      7CD       0
                text15                             661C     661C       38      7CD       0
                text14                             64BA     64BA       52      7CD       0
                text13                             56EA     56EA      16A      7CD       0
                text12                             5C72     5C72       F6      7CD       0
                text11                             5D68     5D68       F0      7CD       0
                text10                             5E58     5E58       D0      7CD       0
                text9                              6852     6852        2      7CD       0
                text8                              5F28     5F28       CA      7CD       0
                text7                              6598     6598       44      7CD       0
                text6                              66C4     66C4       36      7CD       0
                text5                              60B8     60B8       C2      7CD       0
                text4                              5334     5334      202      7CD       0
                text3                              4DE2     4DE2      31E      7CD       0
                text2                              639C     639C       66      7CD       0
                text1                              6468     6468       52      7CD       0
                text0                              4660     4660      3E8      7CD       0
                cstackCOMRAM                          1        1       59        1       1
                cstackBANK0                          60       60       46       60       1
                cstackBANK1                         100      100       BC      100       1
                bssBANK1                            1BC      1BC       20      100       1
                dataBANK0                            E1       E1        4       60       1
                bssBANK0                             A6       A6       3B       60       1
                bssCOMRAM                            5A       5A        2        1       1
                cinit                              650C     650C       46      7CD       0
                nvBANK0                              E5       E5        3       60       1
                idataBANK0                         684A     684A        4      7CD       0

TOTAL           Name                               Link     Load   Length     Space
        CLASS   CODE           
                intcode                               8        8       46         0
                init                                 4E       4E        4         0
                reset_vec                             0        0        6         0
                text50                             6854     6854        2         0
                text49                             66FA     66FA       36         0
                text47                             681C     681C       14         0
                text46                             683E     683E        C         0
                text45                             595E     595E      10A         0
                text44                             65DC     65DC       40         0
                text43                             678A     678A       26         0
                text42                             62A8     62A8       80         0
                text41                             668C     668C       38         0
                text40                             5FF2     5FF2       C6         0
                text39                             617A     617A       9A         0
                text38                             5854     5854      10A         0
                text37                             6214     6214       94         0
                text36                             6830     6830        E         0
                text35                             6402     6402       66         0
                text34                             684E     684E        4         0
                text33                             67EE     67EE       18         0
                text32                             6328     6328       74         0
                text31                             67D2     67D2       1C         0
                text30                             6806     6806       16         0
                text29                             5A68     5A68      106         0
                text28                             4A48     4A48      39A         0
                text27                             6654     6654       38         0
                text26                             3D76     3D76      4C0         0
                text25                             6552     6552       46         0
                text24                             5536     5536      1B4         0
                text23                             6730     6730       34         0
                text22                             4236     4236      42A         0
                text21                             5100     5100      234         0
                text20                             5B6E     5B6E      104         0
                text19                             67B0     67B0       22         0
                text18                             38B6     38B6      4C0         0
                text17                              F9A      F9A     291C         0
                text16                             6764     6764       26         0
                text15                             661C     661C       38         0
                text14                             64BA     64BA       52         0
                text13                             56EA     56EA      16A         0
                text12                             5C72     5C72       F6         0
                text11                             5D68     5D68       F0         0
                text10                             5E58     5E58       D0         0
                text9                              6852     6852        2         0
                text8                              5F28     5F28       CA         0
                text7                              6598     6598       44         0
                text6                              66C4     66C4       36         0
                text5                              60B8     60B8       C2         0
                text4                              5334     5334      202         0
                text3                              4DE2     4DE2      31E         0
                text2                              639C     639C       66         0
                text1                              6468     6468       52         0
                text0                              4660     4660      3E8         0
                cinit                              650C     650C       46         0
                idataBANK0                         684A     684A        4         0

        CLASS   CONST          

        CLASS   SMALLCONST     
                smallconst                          F00      F00       9A         0

        CLASS   MEDIUMCONST    

        CLASS   COMRAM         
                temp                                 5C       5C        1         1
                cstackCOMRAM                          1        1       59         1
                bssCOMRAM                            5A       5A        2         1

        CLASS   ABS1           

        CLASS   BIGRAM         

        CLASS   RAM            

        CLASS   BANK0          
                cstackBANK0                          60       60       46         1
                dataBANK0                            E1       E1        4         1
                bssBANK0                             A6       A6       3B         1
                nvBANK0                              E5       E5        3         1

        CLASS   BANK1          
                cstackBANK1                         100      100       BC         1
                bssBANK1                            1BC      1BC       20         1

        CLASS   BANK2          

        CLASS   BANK3          

        CLASS   BANK4          

        CLASS   BANK5          

        CLASS   BANK6          

        CLASS   BANK7          

        CLASS   BANK8          

        CLASS   BANK9          

        CLASS   BANK10         

        CLASS   BANK11         

        CLASS   BANK12         

        CLASS   BANK13         

        CLASS   BANK14         

        CLASS   SFR            

        CLASS   BIGSFR         

        CLASS   CONFIG         
                config                           300000   300000        C         4

        CLASS   IDLOC          
                idloc                            200000   200000       10         5

        CLASS   EEDATA         

        CLASS   FARRAM         

        CLASS   HEAP           

        CLASS   STACK          



SEGMENTS        Name                           Load    Length   Top    Selector   Space  Class

                reset_vec                      000000  000006  000006         0       0  CODE    
                cstackCOMRAM                   000001  00005C  00005D         1       1  COMRAM  
                intcode                        000008  00004A  000052         4       0  CODE    
                cstackBANK0                    000060  000088  0000E8        60       1  BANK0   
                cstackBANK1                    000100  0000DC  0001DC       100       1  BANK1   
                smallconst                     000F00  00009A  000F9A       780       0  SMALLCON
                text17                         000F9A  0058BC  006856       7CD       0  CODE    


UNUSED ADDRESS RANGES

        Name                Unused          Largest block    Delta
        BANK0            0000E8-0000FF               18
        BANK1            0001DC-0001FF               24
        BANK10           000A00-000AFF              100
        BANK11           000B00-000BFF              100
        BANK12           000C00-000CFF              100
        BANK13           000D00-000DFF              100
        BANK14           000E00-000E87               88
        BANK2            000200-0002FF              100
        BANK3            000300-0003FF              100
        BANK4            000400-0004FF              100
        BANK5            000500-0005FF              100
        BANK6            000600-0006FF              100
        BANK7            000700-0007FF              100
        BANK8            000800-0008FF              100
        BANK9            000900-0009FF              100
        BIGRAM           00005D-00005F                3
                         0000E8-0000FF               18
                         0001DC-000E87              CAC
        BIGSFR           000E8D-000FFF              173
        CODE             000006-000007                2
                         000052-000EFF              EAE
                         006856-01FFFF            197AA
        COMRAM           00005D-00005F                3
        CONST            000006-000007                2
                         000052-000EFF              EAE
                         006856-01FFFF            197AA
        EEDATA           310000-3103FF              400
        MEDIUMCONST      006856-00FFFF             97AA
                         010F00-01FFFF             F100
        RAM              0000E8-0000FF               18
                         0001DC-000E87              100
        SFR              000E8D-000FFF               73
        SMALLCONST       006856-01FFFF              100

                                  Symbol Table

?_ADCC_GetConversionResult                   cstackCOMRAM 000003
?___fladd                                    cstackCOMRAM 000003
?___fldiv                                    cstackCOMRAM 000034
?___flmul                                    cstackCOMRAM 000013
?___flneg                                    cstackCOMRAM 000003
?___flsub                                    cstackCOMRAM 00002C
?___fltol                                    cstackCOMRAM 00002C
?___lodiv                                    cstackCOMRAM 000003
?___lomod                                    cstackCOMRAM 000003
?___wmul                                     cstackCOMRAM 000003
?___xxtofl                                   cstackCOMRAM 000003
?_atoi                                       cstackCOMRAM 00000A
?_fabsf                                      cstackCOMRAM 000003
?_isdigit                                    cstackCOMRAM 000003
?_isspace                                    cstackCOMRAM 000003
?_nanf                                       cstackCOMRAM 000003
?_pad                                        cstackCOMRAM 000013
?_powf                                       cstackBANK0  000084
?_scalbnf                                    cstackCOMRAM 00002C
?_sprintf                                    cstackBANK0  000060
?_sqrtf                                      cstackCOMRAM 000040
?_strlen                                     cstackCOMRAM 000003
?_strncmp                                    cstackCOMRAM 000003
?_utoa                                       cstackCOMRAM 00001E
?_vfpfcnvrt                                  cstackCOMRAM 00003E
?_vfprintf                                   cstackCOMRAM 000052
ADCC_SetADIInterruptHandler@InterruptHandler cstackCOMRAM 000003
ADCC_StartConversion@channel                 cstackCOMRAM 000003
LCD_Init@lcd                                 cstackCOMRAM 00001F
LCD_MakeCMD@buffer                           cstackCOMRAM 000003
LCD_MakeCMD@data                             cstackCOMRAM 000005
LCD_MakeData@buffer                          cstackCOMRAM 000003
LCD_MakeData@data                            cstackCOMRAM 000005
LCD_Reset@lcd                                cstackCOMRAM 00001F
LCD_SendBytes@buffer                         cstackCOMRAM 00000B
LCD_SendBytes@i                              cstackCOMRAM 000016
LCD_SendBytes@lcd                            cstackCOMRAM 00000D
LCD_SendBytes@len                            cstackCOMRAM 000013
LCD_WriteCMD@buffer                          bssBANK0     0000D2
LCD_WriteCMD@cmd                             cstackCOMRAM 000017
LCD_WriteCMD@lcd                             cstackCOMRAM 000019
LCD_WriteData@buffer                         bssBANK0     0000C2
LCD_WriteString@buffer                       bssBANK0     0000CA
LCD_WriteString@lcd                          cstackCOMRAM 000019
LCD_WriteString@str                          cstackCOMRAM 000017
_ADACCH                                      (abs)        000F71
_ADACCL                                      (abs)        000F70
_ADACQ                                       (abs)        000F5C
_ADACT                                       (abs)        000F56
_ADCAP                                       (abs)        000F5D
_ADCC_ADI_InterruptHandler                   nvBANK0      0000E5
_ADCC_DefaultInterruptHandler                text50       006854
_ADCC_GetConversionResult                    text47       00681C
_ADCC_ISR                                    text49       0066FA
_ADCC_Initialize                             text35       006402
_ADCC_SetADIInterruptHandler                 text36       006830
_ADCC_StartConversion                        text46       00683E
_ADCDAT                                      bssBANK0     0000B6
_ADCDATavg                                   bssBANK0     0000AE
_ADCDATsum                                   bssBANK0     0000B2
_ADCLK                                       (abs)        000F57
_ADCNT                                       (abs)        000F67
_ADCON0                                      (abs)        000F60
_ADCON0bits                                  (abs)        000F60
_ADCON1                                      (abs)        000F59
_ADCON1bits                                  (abs)        000F59
_ADCON2                                      (abs)        000F5A
_ADCON2bits                                  (abs)        000F5A
_ADCON3                                      (abs)        000F5B
_ADCON3bits                                  (abs)        000F5B
_ADERRH                                      (abs)        000F6F
_ADERRL                                      (abs)        000F6E
_ADFLTRH                                     (abs)        000F73
_ADFLTRL                                     (abs)        000F72
_ADLTHH                                      (abs)        000F6B
_ADLTHL                                      (abs)        000F6A
_ADPCH                                       (abs)        000F5F
_ADPRE                                       (abs)        000F5E
_ADPREVH                                     (abs)        000F62
_ADPREVL                                     (abs)        000F61
_ADREF                                       (abs)        000F58
_ADRESH                                      (abs)        000F64
_ADRESL                                      (abs)        000F63
_ADRPT                                       (abs)        000F66
_ADSTAT                                      (abs)        000F65
_ADSTATbits                                  (abs)        000F65
_ADSTPTH                                     (abs)        000F69
_ADSTPTL                                     (abs)        000F68
_ADUTHH                                      (abs)        000F6D
_ADUTHL                                      (abs)        000F6C
_ANSELA                                      (abs)        000F11
_ANSELB                                      (abs)        000F19
_ANSELC                                      (abs)        000F21
_ANSELD                                      (abs)        000F26
_ANSELE                                      (abs)        000F2E
_INLVLA                                      (abs)        000F0D
_INLVLB                                      (abs)        000F15
_INLVLC                                      (abs)        000F1D
_INLVLD                                      (abs)        000F22
_INLVLE                                      (abs)        000F2A
_INTCONbits                                  (abs)        000FF2
_INTERRUPT_Initialize                        text34       00684E
_INTERRUPT_InterruptManager                  intcode      000008
_LATA                                        (abs)        000F83
_LATB                                        (abs)        000F84
_LATC                                        (abs)        000F85
_LATD                                        (abs)        000F86
_LATE                                        (abs)        000F87
_LCD_Init                                    text40       005FF2
_LCD_MakeCMD                                 text45       00595E
_LCD_MakeData                                text38       005854
_LCD_Reset                                   text39       00617A
_LCD_SendBytes                               text42       0062A8
_LCD_WriteCMD                                text41       00668C
_LCD_WriteString                             text37       006214
_Measured                                    bssBANK0     0000DA
_ODCONA                                      (abs)        000F0F
_ODCONB                                      (abs)        000F17
_ODCONC                                      (abs)        000F1F
_ODCOND                                      (abs)        000F24
_ODCONE                                      (abs)        000F2C
_OSCCON1                                     (abs)        000ED8
_OSCCON3                                     (abs)        000EDA
_OSCEN                                       (abs)        000EDC
_OSCFRQ                                      (abs)        000EDE
_OSCILLATOR_Initialize                       text33       0067EE
_OSCTUNE                                     (abs)        000EDD
_PIE1bits                                    (abs)        000EC3
_PIN_MANAGER_Initialize                      text32       006328
_PIR1bits                                    (abs)        000ECB
_PMD0                                        (abs)        000EE1
_PMD1                                        (abs)        000EE2
_PMD2                                        (abs)        000EE3
_PMD3                                        (abs)        000EE4
_PMD4                                        (abs)        000EE5
_PMD5                                        (abs)        000EE6
_PMD_Initialize                              text31       0067D2
_PORTB                                       (abs)        000F8E
_PORTC                                       (abs)        000F8F
_RKnown                                      dataBANK0    0000E1
_Resistance                                  bssBANK0     0000AA
_SLRCONA                                     (abs)        000F0E
_SLRCONB                                     (abs)        000F16
_SLRCONC                                     (abs)        000F1E
_SLRCOND                                     (abs)        000F23
_SLRCONE                                     (abs)        000F2B
_SYSTEM_Initialize                           text30       006806
_TRISA                                       (abs)        000F88
_TRISB                                       (abs)        000F89
_TRISC                                       (abs)        000F8A
_TRISD                                       (abs)        000F8B
_TRISE                                       (abs)        000F8C
_WPUA                                        (abs)        000F10
_WPUB                                        (abs)        000F18
_WPUC                                        (abs)        000F20
_WPUD                                        (abs)        000F25
_WPUE                                        (abs)        000F2D
__HRAM                                       (abs)        000000
__Habs1                                      abs1         000000
__Hbank0                                     bank0        000000
__Hbank1                                     bank1        000000
__Hbank10                                    bank10       000000
__Hbank11                                    bank11       000000
__Hbank12                                    bank12       000000
__Hbank13                                    bank13       000000
__Hbank14                                    bank14       000000
__Hbank2                                     bank2        000000
__Hbank3                                     bank3        000000
__Hbank4                                     bank4        000000
__Hbank5                                     bank5        000000
__Hbank6                                     bank6        000000
__Hbank7                                     bank7        000000
__Hbank8                                     bank8        000000
__Hbank9                                     bank9        000000
__Hbigbss                                    bigbss       000000
__Hbigdata                                   bigdata      000000
__Hbigram                                    bigram       000000
__Hbigsfr                                    bigsfr       000000
__Hbss                                       bss          000000
__HbssBANK0                                  bssBANK0     000000
__HbssBANK1                                  bssBANK1     000000
__HbssCOMRAM                                 bssCOMRAM    000000
__Hcinit                                     cinit        000000
__Hclrtext                                   clrtext      000000
__Hcomram                                    comram       000000
__Hconfig                                    config       30000C
__Hconst                                     const        000000
__HcstackBANK0                               cstackBANK0  000000
__HcstackBANK1                               cstackBANK1  000000
__HcstackCOMRAM                              cstackCOMRAM 000000
__Hdata                                      data         000000
__HdataBANK0                                 dataBANK0    000000
__Heeprom_data                               eeprom_data  000000
__Hfarbss                                    farbss       000000
__Hfardata                                   fardata      000000
__Hheap                                      heap         000000
__Hibigdata                                  ibigdata     000000
__Hidata                                     idata        000000
__HidataBANK0                                idataBANK0   000000
__Hidloc                                     idloc        200010
__Hifardata                                  ifardata     000000
__Hinit                                      init         000052
__Hintcode                                   intcode      00004E
__Hintcode_body                              intcode_body 000000
__Hintcodelo                                 intcodelo    00004E
__Hintentry                                  intentry     000000
__Hintret                                    intret       000000
__Hintsave_regs                              intsave_regs 000000
__Hirdata                                    irdata       000000
__Hmediumconst                               mediumconst  000000
__HnvBANK0                                   nvBANK0      000000
__HnvFARRAM                                  nvFARRAM     000000
__Hnvbit                                     nvbit        000000
__Hnvrram                                    nvrram       000000
__Hparam                                     rparam       000000
__Hpowerup                                   powerup      00004E
__Hram                                       ram          000000
__Hramtop                                    ramtop       000F00
__Hrbit                                      rbit         000000
__Hrbss                                      rbss         000000
__Hrdata                                     rdata        000000
__Hreset_vec                                 reset_vec    000006
__Hrparam                                    rparam       000000
__Hsfr                                       sfr          000000
__Hsmallconst                                smallconst   000F9A
__Hspace_0                                   (abs)        006856
__Hspace_1                                   (abs)        0001DC
__Hspace_2                                   (abs)        000000
__Hspace_4                                   (abs)        60000C
__Hstack                                     stack        000000
__Hstruct                                    struct       000000
__Htemp                                      temp         00005D
__Htext                                      text         000000
__Htext0                                     text0        000000
__Htext1                                     text1        000000
__Htext10                                    text10       000000
__Htext11                                    text11       000000
__Htext12                                    text12       000000
__Htext13                                    text13       000000
__Htext14                                    text14       000000
__Htext15                                    text15       000000
__Htext16                                    text16       000000
__Htext17                                    text17       000000
__Htext18                                    text18       000000
__Htext19                                    text19       000000
__Htext2                                     text2        000000
__Htext20                                    text20       000000
__Htext21                                    text21       000000
__Htext22                                    text22       000000
__Htext23                                    text23       000000
__Htext24                                    text24       000000
__Htext25                                    text25       000000
__Htext26                                    text26       000000
__Htext27                                    text27       000000
__Htext28                                    text28       000000
__Htext29                                    text29       000000
__Htext3                                     text3        000000
__Htext30                                    text30       000000
__Htext31                                    text31       000000
__Htext32                                    text32       000000
__Htext33                                    text33       000000
__Htext34                                    text34       000000
__Htext35                                    text35       000000
__Htext36                                    text36       000000
__Htext37                                    text37       000000
__Htext38                                    text38       000000
__Htext39                                    text39       000000
__Htext4                                     text4        000000
__Htext40                                    text40       000000
__Htext41                                    text41       000000
__Htext42                                    text42       000000
__Htext43                                    text43       000000
__Htext44                                    text44       000000
__Htext45                                    text45       000000
__Htext46                                    text46       000000
__Htext47                                    text47       000000
__Htext49                                    text49       000000
__Htext5                                     text5        000000
__Htext50                                    text50       000000
__Htext51                                    text51       000000
__Htext6                                     text6        000000
__Htext7                                     text7        000000
__Htext8                                     text8        000000
__Htext9                                     text9        000000
__LRAM                                       (abs)        000001
__Labs1                                      abs1         000000
__Lbank0                                     bank0        000000
__Lbank1                                     bank1        000000
__Lbank10                                    bank10       000000
__Lbank11                                    bank11       000000
__Lbank12                                    bank12       000000
__Lbank13                                    bank13       000000
__Lbank14                                    bank14       000000
__Lbank2                                     bank2        000000
__Lbank3                                     bank3        000000
__Lbank4                                     bank4        000000
__Lbank5                                     bank5        000000
__Lbank6                                     bank6        000000
__Lbank7                                     bank7        000000
__Lbank8                                     bank8        000000
__Lbank9                                     bank9        000000
__Lbigbss                                    bigbss       000000
__Lbigdata                                   bigdata      000000
__Lbigram                                    bigram       000000
__Lbigsfr                                    bigsfr       000000
__Lbss                                       bss          000000
__LbssBANK0                                  bssBANK0     000000
__LbssBANK1                                  bssBANK1     000000
__LbssCOMRAM                                 bssCOMRAM    000000
__Lcinit                                     cinit        000000
__Lclrtext                                   clrtext      000000
__Lcomram                                    comram       000000
__Lconfig                                    config       000000
__Lconst                                     const        000000
__LcstackBANK0                               cstackBANK0  000000
__LcstackBANK1                               cstackBANK1  000000
__LcstackCOMRAM                              cstackCOMRAM 000000
__Ldata                                      data         000000
__LdataBANK0                                 dataBANK0    000000
__Leeprom_data                               eeprom_data  000000
__Lfarbss                                    farbss       000000
__Lfardata                                   fardata      000000
__Lheap                                      heap         000000
__Libigdata                                  ibigdata     000000
__Lidata                                     idata        000000
__LidataBANK0                                idataBANK0   000000
__Lidloc                                     idloc        000000
__Lifardata                                  ifardata     000000
__Linit                                      init         00004E
__Lintcode                                   intcode      000008
__Lintcode_body                              intcode_body 000000
__Lintcodelo                                 intcodelo    00004E
__Lintentry                                  intentry     000000
__Lintret                                    intret       000000
__Lintsave_regs                              intsave_regs 000000
__Lirdata                                    irdata       000000
__Lmediumconst                               mediumconst  000000
__LnvBANK0                                   nvBANK0      000000
__LnvFARRAM                                  nvFARRAM     000000
__Lnvbit                                     nvbit        000000
__Lnvrram                                    nvrram       000000
__Lparam                                     rparam       000000
__Lpowerup                                   powerup      00004E
__Lram                                       ram          000000
__Lramtop                                    ramtop       000F00
__Lrbit                                      rbit         000000
__Lrbss                                      rbss         000000
__Lrdata                                     rdata        000000
__Lreset_vec                                 reset_vec    000000
__Lrparam                                    rparam       000000
__Lsfr                                       sfr          000000
__Lsmallconst                                smallconst   000F00
__Lspace_0                                   (abs)        000000
__Lspace_1                                   (abs)        000000
__Lspace_2                                   (abs)        000000
__Lspace_4                                   (abs)        000000
__Lstack                                     stack        000000
__Lstruct                                    struct       000000
__Ltemp                                      temp         00005C
__Ltext                                      text         000000
__Ltext0                                     text0        000000
__Ltext1                                     text1        000000
__Ltext10                                    text10       000000
__Ltext11                                    text11       000000
__Ltext12                                    text12       000000
__Ltext13                                    text13       000000
__Ltext14                                    text14       000000
__Ltext15                                    text15       000000
__Ltext16                                    text16       000000
__Ltext17                                    text17       000000
__Ltext18                                    text18       000000
__Ltext19                                    text19       000000
__Ltext2                                     text2        000000
__Ltext20                                    text20       000000
__Ltext21                                    text21       000000
__Ltext22                                    text22       000000
__Ltext23                                    text23       000000
__Ltext24                                    text24       000000
__Ltext25                                    text25       000000
__Ltext26                                    text26       000000
__Ltext27                                    text27       000000
__Ltext28                                    text28       000000
__Ltext29                                    text29       000000
__Ltext3                                     text3        000000
__Ltext30                                    text30       000000
__Ltext31                                    text31       000000
__Ltext32                                    text32       000000
__Ltext33                                    text33       000000
__Ltext34                                    text34       000000
__Ltext35                                    text35       000000
__Ltext36                                    text36       000000
__Ltext37                                    text37       000000
__Ltext38                                    text38       000000
__Ltext39                                    text39       000000
__Ltext4                                     text4        000000
__Ltext40                                    text40       000000
__Ltext41                                    text41       000000
__Ltext42                                    text42       000000
__Ltext43                                    text43       000000
__Ltext44                                    text44       000000
__Ltext45                                    text45       000000
__Ltext46                                    text46       000000
__Ltext47                                    text47       000000
__Ltext49                                    text49       000000
__Ltext5                                     text5        000000
__Ltext50                                    text50       000000
__Ltext51                                    text51       000000
__Ltext6                                     text6        000000
__Ltext7                                     text7        000000
__Ltext8                                     text8        000000
__Ltext9                                     text9        000000
__S0                                         (abs)        006856
__S1                                         (abs)        0001DC
__S4                                         (abs)        000000
__S5                                         (abs)        000000
___fladd                                     text26       003D76
___fladd@a                                   cstackCOMRAM 000007
___fladd@aexp                                cstackCOMRAM 000010
___fladd@b                                   cstackCOMRAM 000003
___fladd@bexp                                cstackCOMRAM 000011
___fladd@grs                                 cstackCOMRAM 000012
___fladd@signs                               cstackCOMRAM 00000F
___fldiv                                     text28       004A48
___fldiv@a                                   cstackCOMRAM 000038
___fldiv@aexp                                cstackCOMRAM 00004C
___fldiv@b                                   cstackCOMRAM 000034
___fldiv@bexp                                cstackCOMRAM 00004B
___fldiv@grs                                 cstackCOMRAM 000047
___fldiv@new_exp                             cstackCOMRAM 000045
___fldiv@rem                                 cstackCOMRAM 000040
___fldiv@sign                                cstackCOMRAM 000044
___flge                                      text20       005B6E
___flge@ff1                                  cstackCOMRAM 000034
___flge@ff2                                  cstackCOMRAM 000038
___flmul                                     text22       004236
___flmul@a                                   cstackCOMRAM 000017
___flmul@aexp                                cstackCOMRAM 000024
___flmul@b                                   cstackCOMRAM 000013
___flmul@bexp                                cstackCOMRAM 000025
___flmul@grs                                 cstackCOMRAM 000020
___flmul@prod                                cstackCOMRAM 000026
___flmul@sign                                cstackCOMRAM 00001F
___flmul@temp                                cstackCOMRAM 00002A
___flneg                                     text27       006654
___flneg@f1                                  cstackCOMRAM 000003
___flsub                                     text25       006552
___flsub@a                                   cstackCOMRAM 000030
___flsub@b                                   cstackCOMRAM 00002C
___fltol                                     text29       005A68
___fltol@exp1                                cstackCOMRAM 000035
___fltol@f1                                  cstackCOMRAM 00002C
___fltol@sign1                               cstackCOMRAM 000034
___heap_hi                                   (abs)        000000
___heap_lo                                   (abs)        000000
___inthi_sp                                  stack        000000
___intlo_sp                                  stack        000000
___lodiv                                     text11       005D68
___lodiv@counter                             cstackCOMRAM 00001B
___lodiv@dividend                            cstackCOMRAM 000003
___lodiv@divisor                             cstackCOMRAM 00000B
___lodiv@quotient                            cstackCOMRAM 000013
___lomod                                     text10       005E58
___lomod@counter                             cstackCOMRAM 000013
___lomod@dividend                            cstackCOMRAM 000003
___lomod@divisor                             cstackCOMRAM 00000B
___param_bank                                (abs)        000000
___rparam_used                               (abs)        000001
___sp                                        stack        000000
___wmul                                      text16       006764
___wmul@multiplicand                         cstackCOMRAM 000005
___wmul@multiplier                           cstackCOMRAM 000003
___wmul@product                              cstackCOMRAM 000007
___xxtofl                                    text24       005536
___xxtofl@arg                                cstackCOMRAM 00000D
___xxtofl@exp                                cstackCOMRAM 00000C
___xxtofl@sign                               cstackCOMRAM 00000B
___xxtofl@val                                cstackCOMRAM 000003
__accesstop                                  (abs)        000060
__activetblptr                               (abs)        000003
__end_of_ADCC_DefaultInterruptHandler        text50       006856
__end_of_ADCC_GetConversionResult            text47       006830
__end_of_ADCC_ISR                            text49       006730
__end_of_ADCC_Initialize                     text35       006468
__end_of_ADCC_SetADIInterruptHandler         text36       00683E
__end_of_ADCC_StartConversion                text46       00684A
__end_of_INTERRUPT_Initialize                text34       006852
__end_of_INTERRUPT_InterruptManager          intcode      00004E
__end_of_L1                                  smallconst   000F5D
__end_of_L2                                  smallconst   000F59
__end_of_L3                                  smallconst   000F55
__end_of_L4                                  smallconst   000F51
__end_of_L5                                  smallconst   000F4D
__end_of_L6                                  smallconst   000F49
__end_of_LCD_Init                            text40       0060B8
__end_of_LCD_MakeCMD                         text45       005A68
__end_of_LCD_MakeData                        text38       00595E
__end_of_LCD_Reset                           text39       006214
__end_of_LCD_SendBytes                       text42       006328
__end_of_LCD_WriteCMD                        text41       0066C4
__end_of_LCD_WriteString                     text37       0062A8
__end_of_OSCILLATOR_Initialize               text33       006806
__end_of_P1                                  smallconst   000F45
__end_of_P2                                  smallconst   000F41
__end_of_P3                                  smallconst   000F3D
__end_of_P4                                  smallconst   000F39
__end_of_P5                                  smallconst   000F35
__end_of_PIN_MANAGER_Initialize              text32       00639C
__end_of_PMD_Initialize                      text31       0067EE
__end_of_SYSTEM_Initialize                   text30       00681C
__end_of___fladd                             text26       004236
__end_of___fldiv                             text28       004DE2
__end_of___flge                              text20       005C72
__end_of___flmul                             text22       004660
__end_of___flneg                             text27       00668C
__end_of___flsub                             text25       006598
__end_of___fltol                             text29       005B6E
__end_of___lodiv                             text11       005E58
__end_of___lomod                             text10       005F28
__end_of___wmul                              text16       00678A
__end_of___xxtofl                            text24       0056EA
__end_of__initialization                     cinit        006548
__end_of_atoi                                text13       005854
__end_of_bp                                  smallconst   000F71
__end_of_cp                                  smallconst   000F21
__end_of_cp_h                                smallconst   000F7D
__end_of_cp_l                                smallconst   000F79
__end_of_delayUS                             text44       00661C
__end_of_dp_h                                smallconst   000F11
__end_of_dp_l                                smallconst   000F09
__end_of_fabsf                               text23       006764
__end_of_fputc                               text8        005FF2
__end_of_fputs                               text7        0065DC
__end_of_huge                                smallconst   000F65
__end_of_isdigit                             text15       006654
__end_of_isspace                             text14       00650C
__end_of_ivln2                               smallconst   000F1D
__end_of_ivln2_h                             smallconst   000F75
__end_of_ivln2_l                             smallconst   000F19
__end_of_lg2                                 smallconst   000F31
__end_of_lg2_h                               smallconst   000F2D
__end_of_lg2_l                               smallconst   000F29
__end_of_main                                text0        004A48
__end_of_nanf                                text19       0067D2
__end_of_ovt                                 smallconst   000F25
__end_of_pad                                 text5        00617A
__end_of_powf                                text17       0038B6
__end_of_putch                               text9        006854
__end_of_scalbnf                             text21       005334
__end_of_sprintf                             text1        0064BA
__end_of_sqrtf                               text18       003D76
__end_of_strlen                              text6        0066FA
__end_of_strncmp                             text12       005D68
__end_of_tiny                                smallconst   000F61
__end_of_tiny@sqrtf$F1419                    smallconst   000F15
__end_of_two24                               smallconst   000F69
__end_of_utoa                                text4        005536
__end_of_vfpfcnvrt                           text3        005100
__end_of_vfprintf                            text2        006402
__end_of_writeLCD                            text43       0067B0
__initialization                             cinit        00650C
__mediumconst                                mediumconst  000000
__pbssBANK0                                  bssBANK0     0000A6
__pbssBANK1                                  bssBANK1     0001BC
__pbssCOMRAM                                 bssCOMRAM    00005A
__pcinit                                     cinit        00650C
__pcstackBANK0                               cstackBANK0  000060
__pcstackBANK1                               cstackBANK1  000100
__pcstackCOMRAM                              cstackCOMRAM 000001
__pdataBANK0                                 dataBANK0    0000E1
__pidataBANK0                                idataBANK0   00684A
__pintcode                                   intcode      000008
__pnvBANK0                                   nvBANK0      0000E5
__psmallconst                                smallconst   000F00
__ptext0                                     text0        004660
__ptext1                                     text1        006468
__ptext10                                    text10       005E58
__ptext11                                    text11       005D68
__ptext12                                    text12       005C72
__ptext13                                    text13       0056EA
__ptext14                                    text14       0064BA
__ptext15                                    text15       00661C
__ptext16                                    text16       006764
__ptext17                                    text17       000F9A
__ptext18                                    text18       0038B6
__ptext19                                    text19       0067B0
__ptext2                                     text2        00639C
__ptext20                                    text20       005B6E
__ptext21                                    text21       005100
__ptext22                                    text22       004236
__ptext23                                    text23       006730
__ptext24                                    text24       005536
__ptext25                                    text25       006552
__ptext26                                    text26       003D76
__ptext27                                    text27       006654
__ptext28                                    text28       004A48
__ptext29                                    text29       005A68
__ptext3                                     text3        004DE2
__ptext30                                    text30       006806
__ptext31                                    text31       0067D2
__ptext32                                    text32       006328
__ptext33                                    text33       0067EE
__ptext34                                    text34       00684E
__ptext35                                    text35       006402
__ptext36                                    text36       006830
__ptext37                                    text37       006214
__ptext38                                    text38       005854
__ptext39                                    text39       00617A
__ptext4                                     text4        005334
__ptext40                                    text40       005FF2
__ptext41                                    text41       00668C
__ptext42                                    text42       0062A8
__ptext43                                    text43       00678A
__ptext44                                    text44       0065DC
__ptext45                                    text45       00595E
__ptext46                                    text46       00683E
__ptext47                                    text47       00681C
__ptext49                                    text49       0066FA
__ptext5                                     text5        0060B8
__ptext50                                    text50       006854
__ptext51                                    text51       000000
__ptext6                                     text6        0066C4
__ptext7                                     text7        006598
__ptext8                                     text8        005F28
__ptext9                                     text9        006852
__ramtop                                     ramtop       000F00
__smallconst                                 smallconst   000F00
_atoi                                        text13       0056EA
_bp                                          smallconst   000F69
_dbuf                                        bssBANK1     0001BC
_delayUS                                     text44       0065DC
_dp_h                                        smallconst   000F09
_dp_l                                        smallconst   000F01
_errno                                       bssBANK0     0000BA
_fabsf                                       text23       006730
_flags                                       bssCOMRAM    00005A
_fputc                                       text8        005F28
_fputs                                       text7        006598
_isdigit                                     text15       00661C
_isspace                                     text14       0064BA
_isspace$1254                                cstackCOMRAM 000009
_main                                        text0        004660
_main$1725                                   cstackBANK0  00008E
_main$1726                                   cstackBANK0  000092
_nanf                                        text19       0067B0
_nout                                        bssBANK0     0000BC
_pad                                         text5        0060B8
_powf                                        text17       000F9A
_powf$1727                                   cstackBANK1  0001A4
_powf$1728                                   cstackBANK1  000158
_powf$1729                                   cstackBANK1  000148
_powf$1730                                   cstackBANK1  000198
_powf$1731                                   cstackBANK1  000138
_powf$1732                                   cstackBANK1  000100
_powf$1733                                   cstackBANK1  000104
_powf$1734                                   cstackBANK1  00015C
_powf$1735                                   cstackBANK1  00013C
_powf$1736                                   cstackBANK1  000140
_powf$1737                                   cstackBANK1  000108
_powf$1738                                   cstackBANK1  00010C
_powf$1739                                   cstackBANK1  000110
_powf$1740                                   cstackBANK1  000114
_powf$1741                                   cstackBANK1  000118
_prec                                        bssBANK0     0000C0
_putch                                       text9        006852
_scalbnf                                     text21       005100
_sprintf                                     text1        006468
_sqrtf                                       text18       0038B6
_strlen                                      text6        0066C4
_strncmp                                     text12       005C72
_utoa                                        text4        005334
_vfpfcnvrt                                   text3        004DE2
_vfprintf                                    text2        00639C
_width                                       bssBANK0     0000BE
_writeLCD                                    text43       00678A
atoi@n                                       cstackCOMRAM 000012
atoi@neg                                     cstackCOMRAM 000010
atoi@s                                       cstackCOMRAM 00000A
btemp                                        temp         00005C
delayUS@i                                    cstackCOMRAM 000007
delayUS@usec                                 cstackCOMRAM 000003
end_of_initialization                        cinit        006548
fabsf@F465                                   bssBANK0     0000A6
fabsf@u                                      cstackCOMRAM 000007
fabsf@x                                      cstackCOMRAM 000003
fputc@c                                      cstackCOMRAM 000003
fputc@fp                                     cstackCOMRAM 000005
fputs@c                                      cstackCOMRAM 000010
fputs@fp                                     cstackCOMRAM 00000E
fputs@i                                      cstackCOMRAM 000011
fputs@s                                      cstackCOMRAM 00000C
int$flags                                    temp         00005C
intlevel0                                    text         000000
intlevel1                                    text         000000
intlevel2                                    text         000000
intlevel3                                    text         000000
isa$std                                      (abs)        000001
isa$xinst                                    (abs)        000000
isdigit@c                                    cstackCOMRAM 000003
isspace@c                                    cstackCOMRAM 000003
main@conversion                              cstackBANK0  00009A
main@i                                       cstackBANK0  00009E
main@lcd                                     cstackBANK0  0000A0
main@str1                                    cstackBANK0  000096
main@str2                                    cstackBANK0  000098
nanf@s                                       cstackCOMRAM 000003
nanf@u                                       cstackCOMRAM 000007
pad@buf                                      cstackCOMRAM 000015
pad@fp                                       cstackCOMRAM 000013
pad@i                                        cstackCOMRAM 00001A
pad@p                                        cstackCOMRAM 000017
pad@w                                        cstackCOMRAM 00001C
powf@__xc8_float_word                        cstackBANK1  0001B8
powf@ax                                      cstackBANK1  000170
powf@hx                                      cstackBANK1  000160
powf@hy                                      cstackBANK1  00017C
powf@i                                       cstackBANK1  00012C
powf@is                                      cstackBANK1  000194
powf@ix                                      cstackBANK1  0001A8
powf@iy                                      cstackBANK1  000190
powf@j                                       cstackBANK1  0001AC
powf@k                                       cstackBANK1  0001A0
powf@n                                       cstackBANK1  000188
powf@p_h                                     cstackBANK1  00019C
powf@p_l                                     cstackBANK1  000164
powf@r                                       cstackBANK1  00014C
powf@s                                       cstackBANK1  000154
powf@s2                                      cstackBANK1  00018C
powf@s_h                                     cstackBANK1  00016C
powf@s_l                                     cstackBANK1  000130
powf@sn                                      cstackBANK1  000184
powf@t                                       cstackBANK1  0001B0
powf@t1                                      cstackBANK1  000180
powf@t2                                      cstackBANK1  00011C
powf@t_h                                     cstackBANK1  000168
powf@t_l                                     cstackBANK1  000134
powf@u                                       cstackBANK1  000174
powf@v                                       cstackBANK1  000178
powf@w                                       cstackBANK1  000144
powf@x                                       cstackBANK0  000084
powf@y                                       cstackBANK0  000088
powf@y1                                      cstackBANK1  000128
powf@yisint                                  cstackBANK1  000150
powf@z                                       cstackBANK1  0001B4
powf@z_h                                     cstackBANK1  000120
powf@z_l                                     cstackBANK1  000124
scalbnf@n                                    cstackCOMRAM 000030
scalbnf@u                                    cstackCOMRAM 000036
scalbnf@x                                    cstackCOMRAM 00002C
scalbnf@y                                    cstackCOMRAM 00003A
sprintf@ap                                   cstackBANK0  000068
sprintf@f                                    cstackBANK0  00006A
sprintf@fmt                                  cstackBANK0  000062
sprintf@s                                    cstackBANK0  000060
sqrtf@__xc8_float_word                       cstackBANK0  000068
sqrtf@i                                      cstackBANK0  000064
sqrtf@ix                                     cstackBANK0  000080
sqrtf@m                                      cstackBANK0  000078
sqrtf@q                                      cstackBANK0  00006C
sqrtf@r                                      cstackBANK0  00007C
sqrtf@s                                      cstackBANK0  000060
sqrtf@t                                      cstackBANK0  000070
sqrtf@x                                      cstackCOMRAM 000040
sqrtf@z                                      cstackBANK0  000074
stackhi                                      (abs)        000000
stacklo                                      (abs)        000000
start                                        init         00004E
start_initialization                         cinit        00650C
strlen@a                                     cstackCOMRAM 000005
strlen@s                                     cstackCOMRAM 000003
strncmp@_l                                   cstackCOMRAM 000003
strncmp@_r                                   cstackCOMRAM 000005
strncmp@l                                    cstackCOMRAM 00000A
strncmp@n                                    cstackCOMRAM 000007
strncmp@r                                    cstackCOMRAM 00000C
ttemp5                                       temp         00005D
ttemp6                                       temp         000060
ttemp7                                       temp         000064
utoa@d                                       cstackCOMRAM 000020
utoa@fp                                      cstackCOMRAM 00001E
utoa@i                                       cstackCOMRAM 00003C
utoa@n                                       cstackCOMRAM 000034
utoa@p                                       cstackCOMRAM 000030
utoa@w                                       cstackCOMRAM 000032
vfpfcnvrt@ap                                 cstackCOMRAM 000042
vfpfcnvrt@fmt                                cstackCOMRAM 000040
vfpfcnvrt@fp                                 cstackCOMRAM 00003E
vfpfcnvrt@llu                                cstackCOMRAM 00004A
vfprintf@ap                                  cstackCOMRAM 000056
vfprintf@cfmt                                cstackCOMRAM 000058
vfprintf@fmt                                 cstackCOMRAM 000054
vfprintf@fp                                  cstackCOMRAM 000052
writeLCD@bitfield                            cstackCOMRAM 000005
wtemp8                                       temp         00005D


MODULE INFORMATION

Module		Function		Class		Link	Load	Size
D:\Program Files\Microchip\xc8\v2.35\pic\sources\c99\common\Umul16.c
		___wmul        		CODE           	6764	0000	38

D:\Program Files\Microchip\xc8\v2.35\pic\sources\c99\common\Umul16.c estimated size: 38

D:\Program Files\Microchip\xc8\v2.35\pic\sources\c99\common\lomod.c
		___lomod       		CODE           	5E58	0000	208

D:\Program Files\Microchip\xc8\v2.35\pic\sources\c99\common\lomod.c estimated size: 208

D:\Program Files\Microchip\xc8\v2.35\pic\sources\c99\common\powf.c
		_powf          		CODE           	0F9A	0000	10524

D:\Program Files\Microchip\xc8\v2.35\pic\sources\c99\common\powf.c estimated size: 10524

D:\Program Files\Microchip\xc8\v2.35\pic\sources\c99\common\putch.c
		_putch         		CODE           	6852	0000	2

D:\Program Files\Microchip\xc8\v2.35\pic\sources\c99\common\putch.c estimated size: 2

mcc_generated_files/interrupt_manager.c
		_INTERRUPT_Initialize		CODE           	684E	0000	4
		_INTERRUPT_InterruptManager		CODE           	0008	0000	70

mcc_generated_files/interrupt_manager.c estimated size: 74

D:\Program Files\Microchip\xc8\v2.35\pic\sources\c99\common\flge.c
		___flge        		CODE           	5B6E	0000	260

D:\Program Files\Microchip\xc8\v2.35\pic\sources\c99\common\flge.c estimated size: 260

D:\Program Files\Microchip\xc8\v2.35\pic\sources\c99\common\isspace.c
		_isspace       		CODE           	64BA	0000	82

D:\Program Files\Microchip\xc8\v2.35\pic\sources\c99\common\isspace.c estimated size: 82

mcc_generated_files/pin_manager.c
		_PIN_MANAGER_Initialize		CODE           	6328	0000	116

mcc_generated_files/pin_manager.c estimated size: 116

D:\Program Files\Microchip\xc8\v2.35\pic\sources\c99\common\xxtofl.c
		___xxtofl      		CODE           	5536	0000	436

D:\Program Files\Microchip\xc8\v2.35\pic\sources\c99\common\xxtofl.c estimated size: 436

D:\Program Files\Microchip\xc8\v2.35\pic\sources\c99\common\lodiv.c
		___lodiv       		CODE           	5D68	0000	240

D:\Program Files\Microchip\xc8\v2.35\pic\sources\c99\common\lodiv.c estimated size: 240

D:\Program Files\Microchip\xc8\v2.35\pic\sources\c99\common\strncmp.c
		_strncmp       		CODE           	5C72	0000	246

D:\Program Files\Microchip\xc8\v2.35\pic\sources\c99\common\strncmp.c estimated size: 246

D:\Program Files\Microchip\xc8\v2.35\pic\sources\c99\common\sprcmul.c
		___flmul       		CODE           	4236	0000	1066

D:\Program Files\Microchip\xc8\v2.35\pic\sources\c99\common\sprcmul.c estimated size: 1066

ANY_LCD.c
		_LCD_Init      		CODE           	5FF2	0000	198
		_LCD_SendBytes 		CODE           	62A8	0000	128
		_LCD_Reset     		CODE           	617A	0000	154
		_LCD_WriteString		CODE           	6214	0000	148
		_LCD_MakeCMD   		CODE           	595E	0000	266
		_LCD_MakeData  		CODE           	5854	0000	266
		_LCD_WriteCMD  		CODE           	668C	0000	56

ANY_LCD.c estimated size: 1216

D:\Program Files\Microchip\xc8\v2.35\pic\sources\c99\common\strlen.c
		_strlen        		CODE           	66C4	0000	54

D:\Program Files\Microchip\xc8\v2.35\pic\sources\c99\common\strlen.c estimated size: 54

D:\Program Files\Microchip\xc8\v2.35\pic\sources\c99\common\sprcdiv.c
		___fldiv       		CODE           	4A48	0000	922

D:\Program Files\Microchip\xc8\v2.35\pic\sources\c99\common\sprcdiv.c estimated size: 922

D:\Program Files\Microchip\xc8\v2.35\pic\sources\c99\common\nf_fputs.c
		_fputs         		CODE           	6598	0000	68

D:\Program Files\Microchip\xc8\v2.35\pic\sources\c99\common\nf_fputs.c estimated size: 68

D:\Program Files\Microchip\xc8\v2.35\pic\sources\c99\common\sqrtf.c
		_sqrtf         		CODE           	38B6	0000	1216

D:\Program Files\Microchip\xc8\v2.35\pic\sources\c99\common\sqrtf.c estimated size: 1216

D:\Program Files\Microchip\xc8\v2.35\pic\sources\c99\common\scalbnf.c
		_scalbnf       		CODE           	5100	0000	564

D:\Program Files\Microchip\xc8\v2.35\pic\sources\c99\common\scalbnf.c estimated size: 564

D:\Program Files\Microchip\xc8\v2.35\pic\sources\c99\common\fltol.c
		___fltol       		CODE           	5A68	0000	262

D:\Program Files\Microchip\xc8\v2.35\pic\sources\c99\common\fltol.c estimated size: 262

D:\Program Files\Microchip\xc8\v2.35\pic\sources\c99\common\nanf.c
		_nanf          		CODE           	67B0	0000	34

D:\Program Files\Microchip\xc8\v2.35\pic\sources\c99\common\nanf.c estimated size: 34

shared
		_L5            		SMALLCONST     	0000	0000	0
		_P3            		SMALLCONST     	0000	0000	0
		_L6            		SMALLCONST     	0000	0000	0
		_P4            		SMALLCONST     	0000	0000	0
		_P5            		SMALLCONST     	0000	0000	0
		_lg2_l         		SMALLCONST     	0000	0000	0
		_ivln2_l       		SMALLCONST     	0000	0000	0
		_ivln2         		SMALLCONST     	0000	0000	0
		__initialization		CODE           	650C	0000	60
		_bp            		SMALLCONST     	0F69	0000	8
		_cp            		SMALLCONST     	0000	0000	0
		_cp_h          		SMALLCONST     	0000	0000	0
		_dp_h          		SMALLCONST     	0F09	0000	8
		_lg2           		SMALLCONST     	0000	0000	0
		_tiny@sqrtf$F1419		SMALLCONST     	0000	0000	0
		_lg2_h         		SMALLCONST     	0000	0000	0
		_ivln2_h       		SMALLCONST     	0000	0000	0
		_tiny          		SMALLCONST     	0000	0000	0
		_ovt           		SMALLCONST     	0000	0000	0
		_huge          		SMALLCONST     	0000	0000	0
		_two24         		SMALLCONST     	0000	0000	0
		_cp_l          		SMALLCONST     	0000	0000	0
		_dp_l          		SMALLCONST     	0F01	0000	8
		_L1            		SMALLCONST     	0000	0000	0
		_L2            		SMALLCONST     	0000	0000	0
		_L3            		SMALLCONST     	0000	0000	0
		_P1            		SMALLCONST     	0000	0000	0
		_L4            		SMALLCONST     	0000	0000	0
		_P2            		SMALLCONST     	0000	0000	0

shared estimated size: 84

D:\Program Files\Microchip\xc8\v2.35\pic\sources\c99\common\doprnt.c
		_vfpfcnvrt     		CODE           	4DE2	0000	798
		_pad           		CODE           	60B8	0000	194
		_vfprintf      		CODE           	639C	0000	102
		_utoa          		CODE           	5334	0000	514

D:\Program Files\Microchip\xc8\v2.35\pic\sources\c99\common\doprnt.c estimated size: 1608

mcc_generated_files/mcc.c
		_PMD_Initialize		CODE           	67D2	0000	28
		_OSCILLATOR_Initialize		CODE           	67EE	0000	24
		_SYSTEM_Initialize		CODE           	6806	0000	22

mcc_generated_files/mcc.c estimated size: 74

D:\Program Files\Microchip\xc8\v2.35\pic\sources\c99\common\nf_sprintf.c
		_sprintf       		CODE           	6468	0000	82

D:\Program Files\Microchip\xc8\v2.35\pic\sources\c99\common\nf_sprintf.c estimated size: 82

D:\Program Files\Microchip\xc8\v2.35\pic\sources\c99\common\atoi.c
		_atoi          		CODE           	56EA	0000	362

D:\Program Files\Microchip\xc8\v2.35\pic\sources\c99\common\atoi.c estimated size: 362

D:\Program Files\Microchip\xc8\v2.35\pic\sources\c99\common\isdigit.c
		_isdigit       		CODE           	661C	0000	56

D:\Program Files\Microchip\xc8\v2.35\pic\sources\c99\common\isdigit.c estimated size: 56

D:\Program Files\Microchip\xc8\v2.35\pic\sources\c99\common\sprcadd.c
		___flsub       		CODE           	6552	0000	70
		___fladd       		CODE           	3D76	0000	1216

D:\Program Files\Microchip\xc8\v2.35\pic\sources\c99\common\sprcadd.c estimated size: 1286

mcc_generated_files/adcc.c
		_ADCC_DefaultInterruptHandler		CODE           	6854	0000	2
		_ADCC_GetConversionResult		CODE           	681C	0000	20
		_ADCC_SetADIInterruptHandler		CODE           	6830	0000	14
		_ADCC_ISR      		CODE           	66FA	0000	54
		_ADCC_StartConversion		CODE           	683E	0000	12
		_ADCC_Initialize		CODE           	6402	0000	102

mcc_generated_files/adcc.c estimated size: 204

main.c
		_main          		CODE           	4660	0000	1000
		_delayUS       		CODE           	65DC	0000	64
		_writeLCD      		CODE           	678A	0000	38

main.c estimated size: 1102

D:\Program Files\Microchip\xc8\v2.35\pic\sources\c99\common\flneg.c
		___flneg       		CODE           	6654	0000	56

D:\Program Files\Microchip\xc8\v2.35\pic\sources\c99\common\flneg.c estimated size: 56

D:\Program Files\Microchip\xc8\v2.35\pic\sources\c99\common\fabsf.c
		_fabsf         		CODE           	6730	0000	52

D:\Program Files\Microchip\xc8\v2.35\pic\sources\c99\common\fabsf.c estimated size: 52

D:\Program Files\Microchip\xc8\v2.35\pic\sources\c99\common\nf_fputc.c
		_fputc         		CODE           	5F28	0000	202

D:\Program Files\Microchip\xc8\v2.35\pic\sources\c99\common\nf_fputc.c estimated size: 202

