Microchip MPLAB XC8 Compiler V2.35

Linker command line:

-W-3 --edf=D:\Program Files\Microchip\xc8\v2.35\pic\dat\en_msgs.txt -cn \
  -h+dist/default/debug\Temperature_and_Humidity_Monitor.X.debug.sym \
  --cmf=dist/default/debug\Temperature_and_Humidity_Monitor.X.debug.cmf -z \
  -Q18F47K40 -oC:\Users\ryans\AppData\Local\Temp\xcAsqh8.4 \
  --defsym=__MPLAB_BUILD=1 \
  -Mdist/default/debug/Temperature_and_Humidity_Monitor.X.debug.map \
  --md=C:\Users\ryans\AppData\Local\Temp\xcAsqh8.dat -E1 -ver=XC8 Compiler \
  --acfsm=1493 -ACODE=00h-01FFFFh -ACONST=00h-01FFFFh \
  -ASMALLCONST=0F00h-0FFFhx497 -AMEDIUMCONST=0F00h-0FFFFh,010F00h-01FFFFh \
  -ACOMRAM=01h-05Fh -AABS1=00h-0E87h -ABIGRAM=01h-0E87h \
  -ARAM=060h-0FFh,0100h-01FFhx13,0E00h-0E87h -ABANK0=060h-0FFh \
  -ABANK1=0100h-01FFh -ABANK2=0200h-02FFh -ABANK3=0300h-03FFh \
  -ABANK4=0400h-04FFh -ABANK5=0500h-05FFh -ABANK6=0600h-06FFh \
  -ABANK7=0700h-07FFh -ABANK8=0800h-08FFh -ABANK9=0900h-09FFh \
  -ABANK10=0A00h-0AFFh -ABANK11=0B00h-0BFFh -ABANK12=0C00h-0CFFh \
  -ABANK13=0D00h-0DFFh -ABANK14=0E00h-0E87h \
  -ASFR=0E8Dh-0EFFh,0F00h-0F5Fh,0F60h-0FFFh -ABIGSFR=0E8Dh-0FFFh \
  -ACONFIG=0300000h-030000Bh -AIDLOC=0200000h-020000Fh \
  -AEEDATA=0310000h-03103FFh -peeprom_data=EEDATA \
  -preset_vec=00h,intcode=08h,intcodelo,powerup,init -pramtop=0F00h \
  -psmallconst=SMALLCONST -pmediumconst=MEDIUMCONST -pconst=CONST \
  -AFARRAM=00h-00h \
  -prdata=COMRAM,nvrram=COMRAM,nvbit=COMRAM,rbss=COMRAM,rbit=COMRAM \
  -pfarbss=FARRAM,fardata=FARRAM,nvFARRAM=FARRAM \
  -pintsave_regs=BIGRAM,bigbss=BIGRAM,bigdata=BIGRAM -pbss=RAM \
  -pidata=CODE,irdata=CODE,ibigdata=CODE,ifardata=CODE -prparam=COMRAM \
  C:\Users\ryans\AppData\Local\Temp\xcAsqh8.o \
  dist/default/debug\Temperature_and_Humidity_Monitor.X.debug.o 

Object code version is 3.11

Machine type is 18F47K40



                Name                               Link     Load   Length Selector   Space Scale
C:\Users\ryans\AppData\Local\Temp\xcAsqh8.o
                idloc                            200000   200000       10        0       5
                config                           300000   300000        C        0       4
                init                                100      100        4        4       0
                reset_vec                             0        0        6        0       0
dist/default/debug\Temperature_and_Humidity_Monitor.X.debug.o
                intcode                               8        8       F8        4       0
                idloc                            200000   200000       10        0       5
                config                           300000   300000        C        0       4
                temp                                 56       56        1        1       1
                smallconst                          F00      F00       44      780       0
                text68                             38AA     38AA        2     1C45       0
                text67                             36A4     36A4       36      7A2       0
                text66                             38A8     38A8        2     1C45       0
                text65                             366E     366E       36      7A2       0
                text64                             38A6     38A6        2     1C45       0
                text63                             3638     3638       36      7A2       0
                text62                             38A4     38A4        2     1C45       0
                text61                             3602     3602       36      7A2       0
                text60                             38A2     38A2        2     1C45       0
                text59                             35CC     35CC       36      7A2       0
                text58                             32CC     32CC       52      7A2       0
                text57                             38A0     38A0        2     1C45       0
                text56                             3476     3476       3E      7A2       0
                text55                             389E     389E        2     1C45       0
                text54                             370A     370A       28      7A2       0
                text53                             33F4     33F4       42      7A2       0
                text52                             389C     389C        2     1C45       0
                text51                             3596     3596       36      7A2       0
                text49                             37F8     37F8       14      7A2       0
                text48                             388A     388A        C     1C45       0
                text47                             292A     292A      10A      7A2       0
                text46                             3368     3368       48      7A2       0
                text45                             377E     377E       26      7A2       0
                text44                             3010     3010       80      7A2       0
                text43                             3528     3528       38      7A2       0
                text42                             2E88     2E88       C6      7A2       0
                text41                             2820     2820      10A      7A2       0
                text40                             31C6     31C6       62      7A2       0
                text39                             386E     386E        E      7A2       0
                text38                             3160     3160       66      7A2       0
                text37                             3896     3896        4     1C45       0
                text36                             37E0     37E0       18      7A2       0
                text35                             3860     3860        E      7A2       0
                text34                             3852     3852        E      7A2       0
                text33                             3844     3844        E      7A2       0
                text32                             3836     3836        E      7A2       0
                text31                             2B3A     2B3A       E8      7A2       0
                text30                             37C4     37C4       1C      7A2       0
                text29                             37A4     37A4       20      7A2       0
                text28                             3828     3828        E      7A2       0
                text27                             34B4     34B4       3C      7A2       0
                text26                             381A     381A        E      7A2       0
                text25                             331E     331E       4A      7A2       0
                text24                             380C     380C        E      7A2       0
                text23                             36DA     36DA       30      7A2       0
                text22                             3758     3758       26      7A2       0
                text21                              F44      F44      4C0      7A2       0
                text20                             1404     1404      42A      7A2       0
                text19                             2A34     2A34      106      7A2       0
                text18                             2216     2216      1B4      7A2       0
                text17                             3732     3732       26      7A2       0
                text16                             34F0     34F0       38      7A2       0
                text15                             327A     327A       52      7A2       0
                text14                             2552     2552      16A      7A2       0
                text13                             389A     389A        2     1C45       0
                text12                             2CF6     2CF6       CA      7A2       0
                text11                             2C22     2C22       D4      7A2       0
                text10                             23CA     23CA      188      7A2       0
                text9                              26BC     26BC      164      7A2       0
                text8                              3436     3436       40      7A2       0
                text7                              33B0     33B0       44      7A2       0
                text6                              3560     3560       36      7A2       0
                text5                              2F4E     2F4E       C2      7A2       0
                text4                              1F36     1F36      2E0      7A2       0
                text3                              1C0A     1C0A      32C      7A2       0
                text2                              30FA     30FA       66      7A2       0
                text1                              3228     3228       52      7A2       0
                text0                              182E     182E      3DC      7A2       0
                cstackCOMRAM                          1        1       4F        1       1
                cstackBANK0                          60       60       3A       60       1
                dataBANK2                           200      200       C8      200       1
                bssBANK1                            100      100       40      100       1
                dataBANK0                            EA       EA        D       60       1
                bssBANK0                             9A       9A       36       60       1
                bssCOMRAM                            50       50        4        1       1
                cinit                              3090     3090       6A      7A2       0
                nvBANK0                              D0       D0       1A       60       1
                nvCOMRAM                             54       54        2        1       1
                idataBANK2                         2DC0     2DC0       C8      7A2       0
                idataBANK0                         387C     387C        D      7A2       0

TOTAL           Name                               Link     Load   Length     Space
        CLASS   CODE           
                intcode                               8        8       F8         0
                init                                100      100        4         0
                reset_vec                             0        0        6         0
                text68                             38AA     38AA        2         0
                text67                             36A4     36A4       36         0
                text66                             38A8     38A8        2         0
                text65                             366E     366E       36         0
                text64                             38A6     38A6        2         0
                text63                             3638     3638       36         0
                text62                             38A4     38A4        2         0
                text61                             3602     3602       36         0
                text60                             38A2     38A2        2         0
                text59                             35CC     35CC       36         0
                text58                             32CC     32CC       52         0
                text57                             38A0     38A0        2         0
                text56                             3476     3476       3E         0
                text55                             389E     389E        2         0
                text54                             370A     370A       28         0
                text53                             33F4     33F4       42         0
                text52                             389C     389C        2         0
                text51                             3596     3596       36         0
                text49                             37F8     37F8       14         0
                text48                             388A     388A        C         0
                text47                             292A     292A      10A         0
                text46                             3368     3368       48         0
                text45                             377E     377E       26         0
                text44                             3010     3010       80         0
                text43                             3528     3528       38         0
                text42                             2E88     2E88       C6         0
                text41                             2820     2820      10A         0
                text40                             31C6     31C6       62         0
                text39                             386E     386E        E         0
                text38                             3160     3160       66         0
                text37                             3896     3896        4         0
                text36                             37E0     37E0       18         0
                text35                             3860     3860        E         0
                text34                             3852     3852        E         0
                text33                             3844     3844        E         0
                text32                             3836     3836        E         0
                text31                             2B3A     2B3A       E8         0
                text30                             37C4     37C4       1C         0
                text29                             37A4     37A4       20         0
                text28                             3828     3828        E         0
                text27                             34B4     34B4       3C         0
                text26                             381A     381A        E         0
                text25                             331E     331E       4A         0
                text24                             380C     380C        E         0
                text23                             36DA     36DA       30         0
                text22                             3758     3758       26         0
                text21                              F44      F44      4C0         0
                text20                             1404     1404      42A         0
                text19                             2A34     2A34      106         0
                text18                             2216     2216      1B4         0
                text17                             3732     3732       26         0
                text16                             34F0     34F0       38         0
                text15                             327A     327A       52         0
                text14                             2552     2552      16A         0
                text13                             389A     389A        2         0
                text12                             2CF6     2CF6       CA         0
                text11                             2C22     2C22       D4         0
                text10                             23CA     23CA      188         0
                text9                              26BC     26BC      164         0
                text8                              3436     3436       40         0
                text7                              33B0     33B0       44         0
                text6                              3560     3560       36         0
                text5                              2F4E     2F4E       C2         0
                text4                              1F36     1F36      2E0         0
                text3                              1C0A     1C0A      32C         0
                text2                              30FA     30FA       66         0
                text1                              3228     3228       52         0
                text0                              182E     182E      3DC         0
                cinit                              3090     3090       6A         0
                idataBANK2                         2DC0     2DC0       C8         0
                idataBANK0                         387C     387C        D         0

        CLASS   CONST          

        CLASS   SMALLCONST     
                smallconst                          F00      F00       44         0

        CLASS   MEDIUMCONST    

        CLASS   COMRAM         
                temp                                 56       56        1         1
                cstackCOMRAM                          1        1       4F         1
                bssCOMRAM                            50       50        4         1
                nvCOMRAM                             54       54        2         1

        CLASS   ABS1           

        CLASS   BIGRAM         

        CLASS   RAM            

        CLASS   BANK0          
                cstackBANK0                          60       60       3A         1
                dataBANK0                            EA       EA        D         1
                bssBANK0                             9A       9A       36         1
                nvBANK0                              D0       D0       1A         1

        CLASS   BANK1          
                bssBANK1                            100      100       40         1

        CLASS   BANK2          
                dataBANK2                           200      200       C8         1

        CLASS   BANK3          

        CLASS   BANK4          

        CLASS   BANK5          

        CLASS   BANK6          

        CLASS   BANK7          

        CLASS   BANK8          

        CLASS   BANK9          

        CLASS   BANK10         

        CLASS   BANK11         

        CLASS   BANK12         

        CLASS   BANK13         

        CLASS   BANK14         

        CLASS   SFR            

        CLASS   BIGSFR         

        CLASS   CONFIG         
                config                           300000   300000        C         4

        CLASS   IDLOC          
                idloc                            200000   200000       10         5

        CLASS   EEDATA         

        CLASS   FARRAM         

        CLASS   HEAP           

        CLASS   STACK          



SEGMENTS        Name                           Load    Length   Top    Selector   Space  Class

                reset_vec                      000000  000006  000006         0       0  CODE    
                cstackCOMRAM                   000001  000056  000057         1       1  COMRAM  
                intcode                        000008  0000FC  000104         4       0  CODE    
                cstackBANK0                    000060  000097  0000F7        60       1  BANK0   
                bssBANK1                       000100  000040  000140       100       1  BANK1   
                dataBANK2                      000200  0000C8  0002C8       200       1  BANK2   
                smallconst                     000F00  000044  000F44       780       0  SMALLCON
                text21                         000F44  002945  003889       7A2       0  CODE    
                text48                         00388A  000022  0038AC      1C45       0  CODE    


UNUSED ADDRESS RANGES

        Name                Unused          Largest block    Delta
        BANK0            0000F7-0000FF                9
        BANK1            000140-0001FF               C0
        BANK10           000A00-000AFF              100
        BANK11           000B00-000BFF              100
        BANK12           000C00-000CFF              100
        BANK13           000D00-000DFF              100
        BANK14           000E00-000E87               88
        BANK2            0002C8-0002FF               38
        BANK3            000300-0003FF              100
        BANK4            000400-0004FF              100
        BANK5            000500-0005FF              100
        BANK6            000600-0006FF              100
        BANK7            000700-0007FF              100
        BANK8            000800-0008FF              100
        BANK9            000900-0009FF              100
        BIGRAM           000057-00005F                9
                         0000F7-0000FF                9
                         000140-0001FF               C0
                         0002C8-000E87              BC0
        BIGSFR           000E8D-000FFF              173
        CODE             000006-000007                2
                         000104-000EFF              DFC
                         003889-003889                1
                         0038AC-01FFFF            1C754
        COMRAM           000057-00005F                9
        CONST            000006-000007                2
                         000104-000EFF              DFC
                         003889-003889                1
                         0038AC-01FFFF            1C754
        EEDATA           310000-3103FF              400
        MEDIUMCONST      003889-003889                1
                         0038AC-00FFFF             C754
                         010F00-01FFFF             F100
        RAM              0000F7-0000FF                9
                         000140-0001FF               C0
                         0002C8-000E87              100
        SFR              000E8D-000FFF               73
        SMALLCONST       003889-003889                1
                         0038AC-01FFFF              100

                                  Symbol Table

?_ADCC_GetConversionResult                   cstackCOMRAM 000005
?___aodiv                                    cstackCOMRAM 000005
?___aomod                                    cstackCOMRAM 000005
?___fladd                                    cstackCOMRAM 00002C
?___flmul                                    cstackCOMRAM 000013
?___fltol                                    cstackCOMRAM 00003C
?___wmul                                     cstackCOMRAM 000005
?___xxtofl                                   cstackCOMRAM 000005
?_abs                                        cstackCOMRAM 000017
?_atoi                                       cstackCOMRAM 00000C
?_ctoa                                       cstackCOMRAM 00000E
?_dtoa                                       cstackCOMRAM 000020
?_isdigit                                    cstackCOMRAM 000005
?_isspace                                    cstackCOMRAM 000005
?_pad                                        cstackCOMRAM 000015
?_sprintf                                    cstackBANK0  00006F
?_strlen                                     cstackCOMRAM 000005
?_vfpfcnvrt                                  cstackCOMRAM 000044
?_vfprintf                                   cstackBANK0  000069
ADCC_SetADIInterruptHandler@InterruptHandler cstackCOMRAM 000005
ADCC_StartConversion@channel                 cstackCOMRAM 000005
IOCCF0_SetInterruptHandler@InterruptHandler  cstackCOMRAM 000005
IOCCF1_SetInterruptHandler@InterruptHandler  cstackCOMRAM 000005
IOCCF2_SetInterruptHandler@InterruptHandler  cstackCOMRAM 000005
IOCCF3_SetInterruptHandler@InterruptHandler  cstackCOMRAM 000005
LCD_Init@lcd                                 cstackCOMRAM 000021
LCD_MakeCMD@buffer                           cstackCOMRAM 000005
LCD_MakeCMD@data                             cstackCOMRAM 000007
LCD_MakeData@buffer                          cstackCOMRAM 000005
LCD_MakeData@data                            cstackCOMRAM 000007
LCD_SendBytes@buffer                         cstackCOMRAM 00000D
LCD_SendBytes@i                              cstackCOMRAM 000018
LCD_SendBytes@lcd                            cstackCOMRAM 00000F
LCD_SendBytes@len                            cstackCOMRAM 000015
LCD_WriteCMD@buffer                          bssBANK0     0000C4
LCD_WriteCMD@cmd                             cstackCOMRAM 000019
LCD_WriteCMD@lcd                             cstackCOMRAM 00001B
LCD_WriteData@buffer                         bssBANK0     0000B4
LCD_WriteString@buffer                       bssBANK0     0000BC
LCD_WriteString@lcd                          cstackCOMRAM 00001B
LCD_WriteString@str                          cstackCOMRAM 000019
TMR0_SetInterruptHandler@InterruptHandler    cstackCOMRAM 000005
TMR1_SetInterruptHandler@InterruptHandler    cstackCOMRAM 000005
TMR1_WriteTimer@timerVal                     cstackCOMRAM 000001
TMR2_SetInterruptHandler@InterruptHandler    cstackCOMRAM 000005
_ADACCH                                      (abs)        000F71
_ADACCL                                      (abs)        000F70
_ADACQ                                       (abs)        000F5C
_ADACT                                       (abs)        000F56
_ADCAP                                       (abs)        000F5D
_ADCC_ADI_InterruptHandler                   nvBANK0      0000D6
_ADCC_DefaultInterruptHandler                text68       0038AA
_ADCC_GetConversionResult                    text49       0037F8
_ADCC_ISR                                    text67       0036A4
_ADCC_Initialize                             text38       003160
_ADCC_SetADIInterruptHandler                 text39       00386E
_ADCC_StartConversion                        text48       00388A
_ADCFlag                                     bssBANK0     0000B1
_ADCLK                                       (abs)        000F57
_ADCNT                                       (abs)        000F67
_ADCON0                                      (abs)        000F60
_ADCON0bits                                  (abs)        000F60
_ADCON1                                      (abs)        000F59
_ADCON1bits                                  (abs)        000F59
_ADCON2                                      (abs)        000F5A
_ADCON2bits                                  (abs)        000F5A
_ADCON3                                      (abs)        000F5B
_ADCON3bits                                  (abs)        000F5B
_ADERRH                                      (abs)        000F6F
_ADERRL                                      (abs)        000F6E
_ADFLTRH                                     (abs)        000F73
_ADFLTRL                                     (abs)        000F72
_ADLTHH                                      (abs)        000F6B
_ADLTHL                                      (abs)        000F6A
_ADPCH                                       (abs)        000F5F
_ADPRE                                       (abs)        000F5E
_ADPREVH                                     (abs)        000F62
_ADPREVL                                     (abs)        000F61
_ADREF                                       (abs)        000F58
_ADRESH                                      (abs)        000F64
_ADRESL                                      (abs)        000F63
_ADRPT                                       (abs)        000F66
_ADSTAT                                      (abs)        000F65
_ADSTATbits                                  (abs)        000F65
_ADSTPTH                                     (abs)        000F69
_ADSTPTL                                     (abs)        000F68
_ADUTHH                                      (abs)        000F6D
_ADUTHL                                      (abs)        000F6C
_ANSELA                                      (abs)        000F11
_ANSELB                                      (abs)        000F19
_ANSELC                                      (abs)        000F21
_ANSELD                                      (abs)        000F26
_ANSELE                                      (abs)        000F2E
_CalcFlag                                    dataBANK0    0000F6
_Degree                                      dataBANK0    0000F3
_HumChar                                     bssBANK0     0000A0
_HumLimit                                    dataBANK0    0000EE
_HumLimitChar                                bssBANK0     00009A
_HumRH                                       bssBANK0     0000AA
_HumSelect                                   dataBANK0    0000F4
_INLVLA                                      (abs)        000F0D
_INLVLB                                      (abs)        000F15
_INLVLC                                      (abs)        000F1D
_INLVLD                                      (abs)        000F22
_INLVLE                                      (abs)        000F2A
_INTCONbits                                  (abs)        000FF2
_INTERRUPT_Initialize                        text37       003896
_INTERRUPT_InterruptManager                  intcode      000008
_IOCCF0_DefaultInterruptHandler              text66       0038A8
_IOCCF0_ISR                                  text65       00366E
_IOCCF0_InterruptHandler                     nvBANK0      0000E5
_IOCCF0_SetInterruptHandler                  text35       003860
_IOCCF1_DefaultInterruptHandler              text64       0038A6
_IOCCF1_ISR                                  text63       003638
_IOCCF1_InterruptHandler                     nvBANK0      0000E2
_IOCCF1_SetInterruptHandler                  text34       003852
_IOCCF2_DefaultInterruptHandler              text62       0038A4
_IOCCF2_ISR                                  text61       003602
_IOCCF2_InterruptHandler                     nvBANK0      0000DF
_IOCCF2_SetInterruptHandler                  text33       003844
_IOCCF3_DefaultInterruptHandler              text60       0038A2
_IOCCF3_ISR                                  text59       0035CC
_IOCCF3_InterruptHandler                     nvBANK0      0000DC
_IOCCF3_SetInterruptHandler                  text32       003836
_IOCCFbits                                   (abs)        000F1A
_IOCCNbits                                   (abs)        000F1B
_IOCCPbits                                   (abs)        000F1C
_LATA                                        (abs)        000F83
_LATB                                        (abs)        000F84
_LATC                                        (abs)        000F85
_LATD                                        (abs)        000F86
_LATE                                        (abs)        000F87
_LCD_Init                                    text42       002E88
_LCD_MakeCMD                                 text47       00292A
_LCD_MakeData                                text41       002820
_LCD_SendBytes                               text44       003010
_LCD_WriteCMD                                text43       003528
_LCD_WriteString                             text40       0031C6
_LCDout                                      bssBANK1     000120
_ODCONA                                      (abs)        000F0F
_ODCONB                                      (abs)        000F17
_ODCONC                                      (abs)        000F1F
_ODCOND                                      (abs)        000F24
_ODCONE                                      (abs)        000F2C
_OSCCON1                                     (abs)        000ED8
_OSCCON3                                     (abs)        000EDA
_OSCEN                                       (abs)        000EDC
_OSCFRQ                                      (abs)        000EDE
_OSCILLATOR_Initialize                       text36       0037E0
_OSCTUNE                                     (abs)        000EDD
_PBFlag                                      bssBANK0     0000B2
_PIE0bits                                    (abs)        000EC2
_PIE1bits                                    (abs)        000EC3
_PIE4bits                                    (abs)        000EC6
_PIN_MANAGER_IOC                             text58       0032CC
_PIN_MANAGER_Initialize                      text31       002B3A
_PIR0bits                                    (abs)        000ECA
_PIR1bits                                    (abs)        000ECB
_PIR3bits                                    (abs)        000ECD
_PIR4bits                                    (abs)        000ECE
_PMD0                                        (abs)        000EE1
_PMD1                                        (abs)        000EE2
_PMD2                                        (abs)        000EE3
_PMD3                                        (abs)        000EE4
_PMD4                                        (abs)        000EE5
_PMD5                                        (abs)        000EE6
_PMD_Initialize                              text30       0037C4
_PORTB                                       (abs)        000F8E
_PORTC                                       (abs)        000F8F
_PORTCbits                                   (abs)        000F8F
_PR2                                         (abs)        000FBC
_Percent                                     dataBANK0    0000F2
_RB5PPS                                      (abs)        000EF4
_SLRCONA                                     (abs)        000F0E
_SLRCONB                                     (abs)        000F16
_SLRCONC                                     (abs)        000F1E
_SLRCOND                                     (abs)        000F23
_SLRCONE                                     (abs)        000F2B
_SPI1_Initialize                             text29       0037A4
_SSP1ADD                                     (abs)        000F93
_SSP1BUF                                     (abs)        000F92
_SSP1CLKPPS                                  (abs)        000EB7
_SSP1CON1                                    (abs)        000F96
_SSP1CON1bits                                (abs)        000F96
_SSP1CON2                                    (abs)        000F97
_SSP1DATPPS                                  (abs)        000EB8
_SSP1STAT                                    (abs)        000F95
_SYSTEM_Initialize                           text22       003758
_SensorData                                  bssBANK0     0000CC
_T0CKIPPS                                    (abs)        000EA4
_T0CON0                                      (abs)        000FD5
_T0CON0bits                                  (abs)        000FD5
_T0CON1                                      (abs)        000FD6
_T1CLK                                       (abs)        000FD2
_T1CON                                       (abs)        000FCF
_T1CONbits                                   (abs)        000FCF
_T1GATE                                      (abs)        000FD1
_T1GCON                                      (abs)        000FD0
_T1GCONbits                                  (abs)        000FD0
_T2CLKCON                                    (abs)        000FBF
_T2CON                                       (abs)        000FBD
_T2CONbits                                   (abs)        000FBD
_T2HLT                                       (abs)        000FBE
_T2HLTbits                                   (abs)        000FBE
_T2PR                                        (abs)        000FBC
_T2RST                                       (abs)        000FC0
_T2RSTbits                                   (abs)        000FC0
_T2TMR                                       (abs)        000FBB
_TMR0H                                       (abs)        000FD4
_TMR0L                                       (abs)        000FD3
_TMR0_DefaultInterruptHandler                text57       0038A0
_TMR0_ISR                                    text56       003476
_TMR0_Initialize                             text27       0034B4
_TMR0_InterruptHandler                       nvBANK0      0000D9
_TMR0_SetInterruptHandler                    text28       003828
_TMR1H                                       (abs)        000FCE
_TMR1L                                       (abs)        000FCD
_TMR1_DefaultInterruptHandler                text55       00389E
_TMR1_ISR                                    text53       0033F4
_TMR1_Initialize                             text25       00331E
_TMR1_InterruptHandler                       nvBANK0      0000D3
_TMR1_SetInterruptHandler                    text26       00381A
_TMR1_WriteTimer                             text54       00370A
_TMR2                                        (abs)        000FBB
_TMR2_DefaultInterruptHandler                text52       00389C
_TMR2_ISR                                    text51       003596
_TMR2_Initialize                             text23       0036DA
_TMR2_InterruptHandler                       nvBANK0      0000D0
_TMR2_SetInterruptHandler                    text24       00380C
_TRISA                                       (abs)        000F88
_TRISB                                       (abs)        000F89
_TRISBbits                                   (abs)        000F89
_TRISC                                       (abs)        000F8A
_TRISD                                       (abs)        000F8B
_TRISE                                       (abs)        000F8C
_TempC                                       bssBANK0     0000AC
_TempChar                                    bssBANK0     0000A3
_TempLimit                                   dataBANK0    0000F0
_TempLimitChar                               bssBANK0     00009D
_TempOrHum                                   bssBANK0     0000AE
_TempSelect                                  dataBANK0    0000F5
_Tim0Flag                                    bssBANK0     0000B3
_Tim1Flag                                    bssBANK0     0000AF
_Tim2Flag                                    bssBANK0     0000B0
_VDDinv                                      dataBANK0    0000EA
_WPUA                                        (abs)        000F10
_WPUB                                        (abs)        000F18
_WPUC                                        (abs)        000F20
_WPUD                                        (abs)        000F25
_WPUE                                        (abs)        000F2D
__HRAM                                       (abs)        000000
__Habs1                                      abs1         000000
__Hbank0                                     bank0        000000
__Hbank1                                     bank1        000000
__Hbank10                                    bank10       000000
__Hbank11                                    bank11       000000
__Hbank12                                    bank12       000000
__Hbank13                                    bank13       000000
__Hbank14                                    bank14       000000
__Hbank2                                     bank2        000000
__Hbank3                                     bank3        000000
__Hbank4                                     bank4        000000
__Hbank5                                     bank5        000000
__Hbank6                                     bank6        000000
__Hbank7                                     bank7        000000
__Hbank8                                     bank8        000000
__Hbank9                                     bank9        000000
__Hbigbss                                    bigbss       000000
__Hbigdata                                   bigdata      000000
__Hbigram                                    bigram       000000
__Hbigsfr                                    bigsfr       000000
__Hbss                                       bss          000000
__HbssBANK0                                  bssBANK0     000000
__HbssBANK1                                  bssBANK1     000000
__HbssCOMRAM                                 bssCOMRAM    000000
__Hcinit                                     cinit        000000
__Hclrtext                                   clrtext      000000
__Hcomram                                    comram       000000
__Hconfig                                    config       30000C
__Hconst                                     const        000000
__HcstackBANK0                               cstackBANK0  000000
__HcstackCOMRAM                              cstackCOMRAM 000000
__Hdata                                      data         000000
__HdataBANK0                                 dataBANK0    000000
__HdataBANK2                                 dataBANK2    000000
__Heeprom_data                               eeprom_data  000000
__Hfarbss                                    farbss       000000
__Hfardata                                   fardata      000000
__Hheap                                      heap         000000
__Hibigdata                                  ibigdata     000000
__Hidata                                     idata        000000
__HidataBANK0                                idataBANK0   000000
__HidataBANK2                                idataBANK2   000000
__Hidloc                                     idloc        200010
__Hifardata                                  ifardata     000000
__Hinit                                      init         000104
__Hintcode                                   intcode      000100
__Hintcode_body                              intcode_body 000000
__Hintcodelo                                 intcodelo    000100
__Hintentry                                  intentry     000000
__Hintret                                    intret       000000
__Hintsave_regs                              intsave_regs 000000
__Hirdata                                    irdata       000000
__Hmediumconst                               mediumconst  000000
__HnvBANK0                                   nvBANK0      000000
__HnvCOMRAM                                  nvCOMRAM     000000
__HnvFARRAM                                  nvFARRAM     000000
__Hnvbit                                     nvbit        000000
__Hnvrram                                    nvrram       000000
__Hparam                                     rparam       000000
__Hpowerup                                   powerup      000100
__Hram                                       ram          000000
__Hramtop                                    ramtop       000F00
__Hrbit                                      rbit         000000
__Hrbss                                      rbss         000000
__Hrdata                                     rdata        000000
__Hreset_vec                                 reset_vec    000006
__Hrparam                                    rparam       000000
__Hsfr                                       sfr          000000
__Hsmallconst                                smallconst   000F44
__Hspace_0                                   (abs)        0038AC
__Hspace_1                                   (abs)        0002C8
__Hspace_2                                   (abs)        000000
__Hspace_4                                   (abs)        60000C
__Hstack                                     stack        000000
__Hstruct                                    struct       000000
__Htemp                                      temp         000057
__Htext                                      text         000000
__Htext0                                     text0        000000
__Htext1                                     text1        000000
__Htext10                                    text10       000000
__Htext11                                    text11       000000
__Htext12                                    text12       000000
__Htext13                                    text13       000000
__Htext14                                    text14       000000
__Htext15                                    text15       000000
__Htext16                                    text16       000000
__Htext17                                    text17       000000
__Htext18                                    text18       000000
__Htext19                                    text19       000000
__Htext2                                     text2        000000
__Htext20                                    text20       000000
__Htext21                                    text21       000000
__Htext22                                    text22       000000
__Htext23                                    text23       000000
__Htext24                                    text24       000000
__Htext25                                    text25       000000
__Htext26                                    text26       000000
__Htext27                                    text27       000000
__Htext28                                    text28       000000
__Htext29                                    text29       000000
__Htext3                                     text3        000000
__Htext30                                    text30       000000
__Htext31                                    text31       000000
__Htext32                                    text32       000000
__Htext33                                    text33       000000
__Htext34                                    text34       000000
__Htext35                                    text35       000000
__Htext36                                    text36       000000
__Htext37                                    text37       000000
__Htext38                                    text38       000000
__Htext39                                    text39       000000
__Htext4                                     text4        000000
__Htext40                                    text40       000000
__Htext41                                    text41       000000
__Htext42                                    text42       000000
__Htext43                                    text43       000000
__Htext44                                    text44       000000
__Htext45                                    text45       000000
__Htext46                                    text46       000000
__Htext47                                    text47       000000
__Htext48                                    text48       000000
__Htext49                                    text49       000000
__Htext5                                     text5        000000
__Htext51                                    text51       000000
__Htext52                                    text52       000000
__Htext53                                    text53       000000
__Htext54                                    text54       000000
__Htext55                                    text55       000000
__Htext56                                    text56       000000
__Htext57                                    text57       000000
__Htext58                                    text58       000000
__Htext59                                    text59       000000
__Htext6                                     text6        000000
__Htext60                                    text60       000000
__Htext61                                    text61       000000
__Htext62                                    text62       000000
__Htext63                                    text63       000000
__Htext64                                    text64       000000
__Htext65                                    text65       000000
__Htext66                                    text66       000000
__Htext67                                    text67       000000
__Htext68                                    text68       000000
__Htext69                                    text69       000000
__Htext7                                     text7        000000
__Htext8                                     text8        000000
__Htext9                                     text9        000000
__LRAM                                       (abs)        000001
__Labs1                                      abs1         000000
__Lbank0                                     bank0        000000
__Lbank1                                     bank1        000000
__Lbank10                                    bank10       000000
__Lbank11                                    bank11       000000
__Lbank12                                    bank12       000000
__Lbank13                                    bank13       000000
__Lbank14                                    bank14       000000
__Lbank2                                     bank2        000000
__Lbank3                                     bank3        000000
__Lbank4                                     bank4        000000
__Lbank5                                     bank5        000000
__Lbank6                                     bank6        000000
__Lbank7                                     bank7        000000
__Lbank8                                     bank8        000000
__Lbank9                                     bank9        000000
__Lbigbss                                    bigbss       000000
__Lbigdata                                   bigdata      000000
__Lbigram                                    bigram       000000
__Lbigsfr                                    bigsfr       000000
__Lbss                                       bss          000000
__LbssBANK0                                  bssBANK0     000000
__LbssBANK1                                  bssBANK1     000000
__LbssCOMRAM                                 bssCOMRAM    000000
__Lcinit                                     cinit        000000
__Lclrtext                                   clrtext      000000
__Lcomram                                    comram       000000
__Lconfig                                    config       000000
__Lconst                                     const        000000
__LcstackBANK0                               cstackBANK0  000000
__LcstackCOMRAM                              cstackCOMRAM 000000
__Ldata                                      data         000000
__LdataBANK0                                 dataBANK0    000000
__LdataBANK2                                 dataBANK2    000000
__Leeprom_data                               eeprom_data  000000
__Lfarbss                                    farbss       000000
__Lfardata                                   fardata      000000
__Lheap                                      heap         000000
__Libigdata                                  ibigdata     000000
__Lidata                                     idata        000000
__LidataBANK0                                idataBANK0   000000
__LidataBANK2                                idataBANK2   000000
__Lidloc                                     idloc        000000
__Lifardata                                  ifardata     000000
__Linit                                      init         000100
__Lintcode                                   intcode      000008
__Lintcode_body                              intcode_body 000000
__Lintcodelo                                 intcodelo    000100
__Lintentry                                  intentry     000000
__Lintret                                    intret       000000
__Lintsave_regs                              intsave_regs 000000
__Lirdata                                    irdata       000000
__Lmediumconst                               mediumconst  000000
__LnvBANK0                                   nvBANK0      000000
__LnvCOMRAM                                  nvCOMRAM     000000
__LnvFARRAM                                  nvFARRAM     000000
__Lnvbit                                     nvbit        000000
__Lnvrram                                    nvrram       000000
__Lparam                                     rparam       000000
__Lpowerup                                   powerup      000100
__Lram                                       ram          000000
__Lramtop                                    ramtop       000F00
__Lrbit                                      rbit         000000
__Lrbss                                      rbss         000000
__Lrdata                                     rdata        000000
__Lreset_vec                                 reset_vec    000000
__Lrparam                                    rparam       000000
__Lsfr                                       sfr          000000
__Lsmallconst                                smallconst   000F00
__Lspace_0                                   (abs)        000000
__Lspace_1                                   (abs)        000000
__Lspace_2                                   (abs)        000000
__Lspace_4                                   (abs)        000000
__Lstack                                     stack        000000
__Lstruct                                    struct       000000
__Ltemp                                      temp         000056
__Ltext                                      text         000000
__Ltext0                                     text0        000000
__Ltext1                                     text1        000000
__Ltext10                                    text10       000000
__Ltext11                                    text11       000000
__Ltext12                                    text12       000000
__Ltext13                                    text13       000000
__Ltext14                                    text14       000000
__Ltext15                                    text15       000000
__Ltext16                                    text16       000000
__Ltext17                                    text17       000000
__Ltext18                                    text18       000000
__Ltext19                                    text19       000000
__Ltext2                                     text2        000000
__Ltext20                                    text20       000000
__Ltext21                                    text21       000000
__Ltext22                                    text22       000000
__Ltext23                                    text23       000000
__Ltext24                                    text24       000000
__Ltext25                                    text25       000000
__Ltext26                                    text26       000000
__Ltext27                                    text27       000000
__Ltext28                                    text28       000000
__Ltext29                                    text29       000000
__Ltext3                                     text3        000000
__Ltext30                                    text30       000000
__Ltext31                                    text31       000000
__Ltext32                                    text32       000000
__Ltext33                                    text33       000000
__Ltext34                                    text34       000000
__Ltext35                                    text35       000000
__Ltext36                                    text36       000000
__Ltext37                                    text37       000000
__Ltext38                                    text38       000000
__Ltext39                                    text39       000000
__Ltext4                                     text4        000000
__Ltext40                                    text40       000000
__Ltext41                                    text41       000000
__Ltext42                                    text42       000000
__Ltext43                                    text43       000000
__Ltext44                                    text44       000000
__Ltext45                                    text45       000000
__Ltext46                                    text46       000000
__Ltext47                                    text47       000000
__Ltext48                                    text48       000000
__Ltext49                                    text49       000000
__Ltext5                                     text5        000000
__Ltext51                                    text51       000000
__Ltext52                                    text52       000000
__Ltext53                                    text53       000000
__Ltext54                                    text54       000000
__Ltext55                                    text55       000000
__Ltext56                                    text56       000000
__Ltext57                                    text57       000000
__Ltext58                                    text58       000000
__Ltext59                                    text59       000000
__Ltext6                                     text6        000000
__Ltext60                                    text60       000000
__Ltext61                                    text61       000000
__Ltext62                                    text62       000000
__Ltext63                                    text63       000000
__Ltext64                                    text64       000000
__Ltext65                                    text65       000000
__Ltext66                                    text66       000000
__Ltext67                                    text67       000000
__Ltext68                                    text68       000000
__Ltext69                                    text69       000000
__Ltext7                                     text7        000000
__Ltext8                                     text8        000000
__Ltext9                                     text9        000000
__S0                                         (abs)        0038AC
__S1                                         (abs)        0002C8
__S4                                         (abs)        000000
__S5                                         (abs)        000000
___aodiv                                     text10       0023CA
___aodiv@counter                             cstackCOMRAM 000015
___aodiv@dividend                            cstackCOMRAM 000005
___aodiv@divisor                             cstackCOMRAM 00000D
___aodiv@quotient                            cstackCOMRAM 000017
___aodiv@sign                                cstackCOMRAM 000016
___aomod                                     text9        0026BC
___aomod@counter                             cstackCOMRAM 000015
___aomod@dividend                            cstackCOMRAM 000005
___aomod@divisor                             cstackCOMRAM 00000D
___aomod@sign                                cstackCOMRAM 000016
___fladd                                     text21       000F44
___fladd@a                                   cstackCOMRAM 000030
___fladd@aexp                                cstackCOMRAM 000039
___fladd@b                                   cstackCOMRAM 00002C
___fladd@bexp                                cstackCOMRAM 00003A
___fladd@grs                                 cstackCOMRAM 00003B
___fladd@signs                               cstackCOMRAM 000038
___flmul                                     text20       001404
___flmul@a                                   cstackCOMRAM 000017
___flmul@aexp                                cstackCOMRAM 000024
___flmul@b                                   cstackCOMRAM 000013
___flmul@bexp                                cstackCOMRAM 000025
___flmul@grs                                 cstackCOMRAM 000020
___flmul@prod                                cstackCOMRAM 000026
___flmul@sign                                cstackCOMRAM 00001F
___flmul@temp                                cstackCOMRAM 00002A
___fltol                                     text19       002A34
___fltol@exp1                                cstackCOMRAM 000045
___fltol@f1                                  cstackCOMRAM 00003C
___fltol@sign1                               cstackCOMRAM 000044
___heap_hi                                   (abs)        000000
___heap_lo                                   (abs)        000000
___inthi_sp                                  stack        000000
___intlo_sp                                  stack        000000
___param_bank                                (abs)        000000
___rparam_used                               (abs)        000001
___sp                                        stack        000000
___wmul                                      text17       003732
___wmul@multiplicand                         cstackCOMRAM 000007
___wmul@multiplier                           cstackCOMRAM 000005
___wmul@product                              cstackCOMRAM 000009
___xxtofl                                    text18       002216
___xxtofl@arg                                cstackCOMRAM 00000F
___xxtofl@exp                                cstackCOMRAM 00000E
___xxtofl@sign                               cstackCOMRAM 00000D
___xxtofl@val                                cstackCOMRAM 000005
__accesstop                                  (abs)        000060
__activetblptr                               (abs)        000003
__end_of_ADCC_DefaultInterruptHandler        text68       0038AC
__end_of_ADCC_GetConversionResult            text49       00380C
__end_of_ADCC_ISR                            text67       0036DA
__end_of_ADCC_Initialize                     text38       0031C6
__end_of_ADCC_SetADIInterruptHandler         text39       00387C
__end_of_ADCC_StartConversion                text48       003896
__end_of_INTERRUPT_Initialize                text37       00389A
__end_of_INTERRUPT_InterruptManager          intcode      000100
__end_of_IOCCF0_DefaultInterruptHandler      text66       0038AA
__end_of_IOCCF0_ISR                          text65       0036A4
__end_of_IOCCF0_SetInterruptHandler          text35       00386E
__end_of_IOCCF1_DefaultInterruptHandler      text64       0038A8
__end_of_IOCCF1_ISR                          text63       00366E
__end_of_IOCCF1_SetInterruptHandler          text34       003860
__end_of_IOCCF2_DefaultInterruptHandler      text62       0038A6
__end_of_IOCCF2_ISR                          text61       003638
__end_of_IOCCF2_SetInterruptHandler          text33       003852
__end_of_IOCCF3_DefaultInterruptHandler      text60       0038A4
__end_of_IOCCF3_ISR                          text59       003602
__end_of_IOCCF3_SetInterruptHandler          text32       003844
__end_of_LCD_Init                            text42       002F4E
__end_of_LCD_MakeCMD                         text47       002A34
__end_of_LCD_MakeData                        text41       00292A
__end_of_LCD_SendBytes                       text44       003090
__end_of_LCD_WriteCMD                        text43       003560
__end_of_LCD_WriteString                     text40       003228
__end_of_OSCILLATOR_Initialize               text36       0037F8
__end_of_PIN_MANAGER_IOC                     text58       00331E
__end_of_PIN_MANAGER_Initialize              text31       002C22
__end_of_PMD_Initialize                      text30       0037E0
__end_of_SPI1_Initialize                     text29       0037C4
__end_of_SYSTEM_Initialize                   text22       00377E
__end_of_TMR0_DefaultInterruptHandler        text57       0038A2
__end_of_TMR0_ISR                            text56       0034B4
__end_of_TMR0_Initialize                     text27       0034F0
__end_of_TMR0_SetInterruptHandler            text28       003836
__end_of_TMR1_DefaultInterruptHandler        text55       0038A0
__end_of_TMR1_ISR                            text53       003436
__end_of_TMR1_Initialize                     text25       003368
__end_of_TMR1_SetInterruptHandler            text26       003828
__end_of_TMR1_WriteTimer                     text54       003732
__end_of_TMR2_DefaultInterruptHandler        text52       00389E
__end_of_TMR2_ISR                            text51       0035CC
__end_of_TMR2_Initialize                     text23       00370A
__end_of_TMR2_SetInterruptHandler            text24       00381A
__end_of___aodiv                             text10       002552
__end_of___aomod                             text9        002820
__end_of___fladd                             text21       001404
__end_of___flmul                             text20       00182E
__end_of___fltol                             text19       002B3A
__end_of___wmul                              text17       003758
__end_of___xxtofl                            text18       0023CA
__end_of__initialization                     cinit        0030F0
__end_of_abs                                 text8        003476
__end_of_atoi                                text14       0026BC
__end_of_ctoa                                text11       002CF6
__end_of_delayUS                             text46       0033B0
__end_of_dtoa                                text4        002216
__end_of_fputc                               text12       002DC0
__end_of_fputs                               text7        0033F4
__end_of_isdigit                             text16       003528
__end_of_isspace                             text15       0032CC
__end_of_main                                text0        001C0A
__end_of_pad                                 text5        003010
__end_of_putch                               text13       00389C
__end_of_spi1_configuration                  smallconst   000F05
__end_of_sprintf                             text1        00327A
__end_of_strlen                              text6        003596
__end_of_vfpfcnvrt                           text3        001F36
__end_of_vfprintf                            text2        003160
__end_of_writeLCD                            text45       0037A4
__initialization                             cinit        003090
__mediumconst                                mediumconst  000000
__pbssBANK0                                  bssBANK0     00009A
__pbssBANK1                                  bssBANK1     000100
__pbssCOMRAM                                 bssCOMRAM    000050
__pcinit                                     cinit        003090
__pcstackBANK0                               cstackBANK0  000060
__pcstackCOMRAM                              cstackCOMRAM 000001
__pdataBANK0                                 dataBANK0    0000EA
__pdataBANK2                                 dataBANK2    000200
__pidataBANK0                                idataBANK0   00387C
__pidataBANK2                                idataBANK2   002DC0
__pintcode                                   intcode      000008
__pnvBANK0                                   nvBANK0      0000D0
__pnvCOMRAM                                  nvCOMRAM     000054
__psmallconst                                smallconst   000F00
__ptext0                                     text0        00182E
__ptext1                                     text1        003228
__ptext10                                    text10       0023CA
__ptext11                                    text11       002C22
__ptext12                                    text12       002CF6
__ptext13                                    text13       00389A
__ptext14                                    text14       002552
__ptext15                                    text15       00327A
__ptext16                                    text16       0034F0
__ptext17                                    text17       003732
__ptext18                                    text18       002216
__ptext19                                    text19       002A34
__ptext2                                     text2        0030FA
__ptext20                                    text20       001404
__ptext21                                    text21       000F44
__ptext22                                    text22       003758
__ptext23                                    text23       0036DA
__ptext24                                    text24       00380C
__ptext25                                    text25       00331E
__ptext26                                    text26       00381A
__ptext27                                    text27       0034B4
__ptext28                                    text28       003828
__ptext29                                    text29       0037A4
__ptext3                                     text3        001C0A
__ptext30                                    text30       0037C4
__ptext31                                    text31       002B3A
__ptext32                                    text32       003836
__ptext33                                    text33       003844
__ptext34                                    text34       003852
__ptext35                                    text35       003860
__ptext36                                    text36       0037E0
__ptext37                                    text37       003896
__ptext38                                    text38       003160
__ptext39                                    text39       00386E
__ptext4                                     text4        001F36
__ptext40                                    text40       0031C6
__ptext41                                    text41       002820
__ptext42                                    text42       002E88
__ptext43                                    text43       003528
__ptext44                                    text44       003010
__ptext45                                    text45       00377E
__ptext46                                    text46       003368
__ptext47                                    text47       00292A
__ptext48                                    text48       00388A
__ptext49                                    text49       0037F8
__ptext5                                     text5        002F4E
__ptext51                                    text51       003596
__ptext52                                    text52       00389C
__ptext53                                    text53       0033F4
__ptext54                                    text54       00370A
__ptext55                                    text55       00389E
__ptext56                                    text56       003476
__ptext57                                    text57       0038A0
__ptext58                                    text58       0032CC
__ptext59                                    text59       0035CC
__ptext6                                     text6        003560
__ptext60                                    text60       0038A2
__ptext61                                    text61       003602
__ptext62                                    text62       0038A4
__ptext63                                    text63       003638
__ptext64                                    text64       0038A6
__ptext65                                    text65       00366E
__ptext66                                    text66       0038A8
__ptext67                                    text67       0036A4
__ptext68                                    text68       0038AA
__ptext69                                    text69       000000
__ptext7                                     text7        0033B0
__ptext8                                     text8        003436
__ptext9                                     text9        0026BC
__ramtop                                     ramtop       000F00
__smallconst                                 smallconst   000F00
_abs                                         text8        003436
_atoi                                        text14       002552
_ctoa                                        text11       002C22
_dbuf                                        bssBANK1     000100
_delayUS                                     text46       003368
_dtoa                                        text4        001F36
_dtoa$2330                                   cstackCOMRAM 000032
_flags                                       bssCOMRAM    000052
_fputc                                       text12       002CF6
_fputs                                       text7        0033B0
_isdigit                                     text16       0034F0
_isspace                                     text15       00327A
_isspace$2380                                cstackCOMRAM 00000B
_main                                        text0        00182E
_main$2799                                   cstackBANK0  000090
_nout                                        bssBANK0     0000A6
_pad                                         text5        002F4E
_prec                                        bssBANK0     0000A8
_putch                                       text13       00389A
_sine                                        dataBANK2    000200
_spi1_configuration                          smallconst   000F01
_sprintf                                     text1        003228
_strlen                                      text6        003560
_timer0ReloadVal16bit                        nvCOMRAM     000054
_timer1ReloadVal                             nvBANK0      0000E8
_vfpfcnvrt                                   text3        001C0A
_vfprintf                                    text2        0030FA
_width                                       bssCOMRAM    000050
_writeLCD                                    text45       00377E
abs@a                                        cstackCOMRAM 000017
atoi@n                                       cstackCOMRAM 000014
atoi@neg                                     cstackCOMRAM 000012
atoi@s                                       cstackCOMRAM 00000C
btemp                                        temp         000056
ctoa@c                                       cstackCOMRAM 000010
ctoa@fp                                      cstackCOMRAM 00000E
ctoa@l                                       cstackCOMRAM 000012
ctoa@w                                       cstackCOMRAM 000014
delayUS@i                                    cstackCOMRAM 000009
delayUS@usec                                 cstackCOMRAM 000005
dtoa@d                                       cstackCOMRAM 000022
dtoa@fp                                      cstackCOMRAM 000020
dtoa@i                                       cstackCOMRAM 000042
dtoa@n                                       cstackCOMRAM 00003A
dtoa@p                                       cstackCOMRAM 000034
dtoa@s                                       cstackCOMRAM 000038
dtoa@w                                       cstackCOMRAM 000036
end_of_initialization                        cinit        0030F0
fputc@c                                      cstackCOMRAM 000005
fputc@fp                                     cstackCOMRAM 000007
fputs@c                                      cstackCOMRAM 000012
fputs@fp                                     cstackCOMRAM 000010
fputs@i                                      cstackCOMRAM 000013
fputs@s                                      cstackCOMRAM 00000E
int$flags                                    temp         000056
intlevel0                                    text         000000
intlevel1                                    text         000000
intlevel2                                    text         000000
intlevel3                                    text         000000
isa$std                                      (abs)        000001
isa$xinst                                    (abs)        000000
isdigit@c                                    cstackCOMRAM 000005
isspace@c                                    cstackCOMRAM 000005
main@lcd                                     cstackBANK0  000094
pad@buf                                      cstackCOMRAM 000017
pad@fp                                       cstackCOMRAM 000015
pad@i                                        cstackCOMRAM 00001C
pad@p                                        cstackCOMRAM 000019
pad@w                                        cstackCOMRAM 00001E
sprintf@ap                                   cstackBANK0  000083
sprintf@f                                    cstackBANK0  000085
sprintf@fmt                                  cstackBANK0  000071
sprintf@s                                    cstackBANK0  00006F
stackhi                                      (abs)        000000
stacklo                                      (abs)        000000
start                                        init         000100
start_initialization                         cinit        003090
strlen@a                                     cstackCOMRAM 000007
strlen@s                                     cstackCOMRAM 000005
ttemp5                                       temp         000057
ttemp6                                       temp         00005A
ttemp7                                       temp         00005E
vfpfcnvrt@ap                                 cstackCOMRAM 000048
vfpfcnvrt@c                                  cstackBANK0  000068
vfpfcnvrt@fmt                                cstackCOMRAM 000046
vfpfcnvrt@fp                                 cstackCOMRAM 000044
vfpfcnvrt@ll                                 cstackBANK0  000060
vfprintf@ap                                  cstackBANK0  00006D
vfprintf@cfmt                                cstackCOMRAM 00004E
vfprintf@fmt                                 cstackBANK0  00006B
vfprintf@fp                                  cstackBANK0  000069
writeLCD@bitfield                            cstackCOMRAM 000007
wtemp8                                       temp         000057


MODULE INFORMATION

Module		Function		Class		Link	Load	Size
D:\Program Files\Microchip\xc8\v2.35\pic\sources\c99\common\Umul16.c
		___wmul        		CODE           	3732	0000	38

D:\Program Files\Microchip\xc8\v2.35\pic\sources\c99\common\Umul16.c estimated size: 38

D:\Program Files\Microchip\xc8\v2.35\pic\sources\c99\common\aomod.c
		___aomod       		CODE           	26BC	0000	356

D:\Program Files\Microchip\xc8\v2.35\pic\sources\c99\common\aomod.c estimated size: 356

D:\Program Files\Microchip\xc8\v2.35\pic\sources\c99\common\abs.c
		_abs           		CODE           	3436	0000	64

D:\Program Files\Microchip\xc8\v2.35\pic\sources\c99\common\abs.c estimated size: 64

D:\Program Files\Microchip\xc8\v2.35\pic\sources\c99\common\putch.c
		_putch         		CODE           	389A	0000	2

D:\Program Files\Microchip\xc8\v2.35\pic\sources\c99\common\putch.c estimated size: 2

mcc_generated_files/tmr2.c
		_TMR2_ISR      		CODE           	3596	0000	54
		_TMR2_Initialize		CODE           	36DA	0000	48
		_TMR2_SetInterruptHandler		CODE           	380C	0000	14
		_TMR2_DefaultInterruptHandler		CODE           	389C	0000	2

mcc_generated_files/tmr2.c estimated size: 118

mcc_generated_files/interrupt_manager.c
		_INTERRUPT_Initialize		CODE           	3896	0000	4
		_INTERRUPT_InterruptManager		CODE           	0008	0000	248

mcc_generated_files/interrupt_manager.c estimated size: 252

mcc_generated_files/tmr0.c
		_TMR0_SetInterruptHandler		CODE           	3828	0000	14
		_TMR0_DefaultInterruptHandler		CODE           	38A0	0000	2
		_TMR0_ISR      		CODE           	3476	0000	62
		_TMR0_Initialize		CODE           	34B4	0000	60

mcc_generated_files/tmr0.c estimated size: 138

D:\Program Files\Microchip\xc8\v2.35\pic\sources\c99\common\isspace.c
		_isspace       		CODE           	327A	0000	82

D:\Program Files\Microchip\xc8\v2.35\pic\sources\c99\common\isspace.c estimated size: 82

mcc_generated_files/pin_manager.c
		_IOCCF0_DefaultInterruptHandler		CODE           	38A8	0000	2
		_PIN_MANAGER_Initialize		CODE           	2B3A	0000	232
		_IOCCF3_DefaultInterruptHandler		CODE           	38A2	0000	2
		_IOCCF0_ISR    		CODE           	366E	0000	54
		_IOCCF3_ISR    		CODE           	35CC	0000	54
		_IOCCF2_SetInterruptHandler		CODE           	3844	0000	14
		_IOCCF1_DefaultInterruptHandler		CODE           	38A6	0000	2
		_IOCCF1_ISR    		CODE           	3638	0000	54
		_IOCCF0_SetInterruptHandler		CODE           	3860	0000	14
		_IOCCF3_SetInterruptHandler		CODE           	3836	0000	14
		_PIN_MANAGER_IOC		CODE           	32CC	0000	82
		_IOCCF2_DefaultInterruptHandler		CODE           	38A4	0000	2
		_IOCCF2_ISR    		CODE           	3602	0000	54
		_IOCCF1_SetInterruptHandler		CODE           	3852	0000	14

mcc_generated_files/pin_manager.c estimated size: 594

D:\Program Files\Microchip\xc8\v2.35\pic\sources\c99\common\xxtofl.c
		___xxtofl      		CODE           	2216	0000	436

D:\Program Files\Microchip\xc8\v2.35\pic\sources\c99\common\xxtofl.c estimated size: 436

mcc_generated_files/spi1.c
		_SPI1_Initialize		CODE           	37A4	0000	32

mcc_generated_files/spi1.c estimated size: 32

D:\Program Files\Microchip\xc8\v2.35\pic\sources\c99\common\aodiv.c
		___aodiv       		CODE           	23CA	0000	392

D:\Program Files\Microchip\xc8\v2.35\pic\sources\c99\common\aodiv.c estimated size: 392

D:\Program Files\Microchip\xc8\v2.35\pic\sources\c99\common\sprcmul.c
		___flmul       		CODE           	1404	0000	1066

D:\Program Files\Microchip\xc8\v2.35\pic\sources\c99\common\sprcmul.c estimated size: 1066

ANY_LCD.c
		_LCD_Init      		CODE           	2E88	0000	198
		_LCD_SendBytes 		CODE           	3010	0000	128
		_LCD_WriteString		CODE           	31C6	0000	98
		_LCD_MakeCMD   		CODE           	292A	0000	266
		_LCD_MakeData  		CODE           	2820	0000	266
		_LCD_WriteCMD  		CODE           	3528	0000	56

ANY_LCD.c estimated size: 1012

D:\Program Files\Microchip\xc8\v2.35\pic\sources\c99\common\strlen.c
		_strlen        		CODE           	3560	0000	54

D:\Program Files\Microchip\xc8\v2.35\pic\sources\c99\common\strlen.c estimated size: 54

D:\Program Files\Microchip\xc8\v2.35\pic\sources\c99\common\nf_fputs.c
		_fputs         		CODE           	33B0	0000	68

D:\Program Files\Microchip\xc8\v2.35\pic\sources\c99\common\nf_fputs.c estimated size: 68

D:\Program Files\Microchip\xc8\v2.35\pic\sources\c99\common\fltol.c
		___fltol       		CODE           	2A34	0000	262

D:\Program Files\Microchip\xc8\v2.35\pic\sources\c99\common\fltol.c estimated size: 262

shared
		__initialization		CODE           	3090	0000	96
		_spi1_configuration		SMALLCONST     	0F01	0000	4

shared estimated size: 100

D:\Program Files\Microchip\xc8\v2.35\pic\sources\c99\common\doprnt.c
		_vfpfcnvrt     		CODE           	1C0A	0000	812
		_pad           		CODE           	2F4E	0000	194
		_ctoa          		CODE           	2C22	0000	212
		_dtoa          		CODE           	1F36	0000	736
		_vfprintf      		CODE           	30FA	0000	102

D:\Program Files\Microchip\xc8\v2.35\pic\sources\c99\common\doprnt.c estimated size: 2056

mcc_generated_files/mcc.c
		_PMD_Initialize		CODE           	37C4	0000	28
		_OSCILLATOR_Initialize		CODE           	37E0	0000	24
		_SYSTEM_Initialize		CODE           	3758	0000	38

mcc_generated_files/mcc.c estimated size: 90

D:\Program Files\Microchip\xc8\v2.35\pic\sources\c99\common\nf_sprintf.c
		_sprintf       		CODE           	3228	0000	82

D:\Program Files\Microchip\xc8\v2.35\pic\sources\c99\common\nf_sprintf.c estimated size: 82

mcc_generated_files/tmr1.c
		_TMR1_Initialize		CODE           	331E	0000	74
		_TMR1_SetInterruptHandler		CODE           	381A	0000	14
		_TMR1_DefaultInterruptHandler		CODE           	389E	0000	2
		_TMR1_WriteTimer		CODE           	370A	0000	40
		_TMR1_ISR      		CODE           	33F4	0000	66

mcc_generated_files/tmr1.c estimated size: 196

D:\Program Files\Microchip\xc8\v2.35\pic\sources\c99\common\atoi.c
		_atoi          		CODE           	2552	0000	362

D:\Program Files\Microchip\xc8\v2.35\pic\sources\c99\common\atoi.c estimated size: 362

D:\Program Files\Microchip\xc8\v2.35\pic\sources\c99\common\isdigit.c
		_isdigit       		CODE           	34F0	0000	56

D:\Program Files\Microchip\xc8\v2.35\pic\sources\c99\common\isdigit.c estimated size: 56

D:\Program Files\Microchip\xc8\v2.35\pic\sources\c99\common\sprcadd.c
		___fladd       		CODE           	0F44	0000	1216

D:\Program Files\Microchip\xc8\v2.35\pic\sources\c99\common\sprcadd.c estimated size: 1216

mcc_generated_files/adcc.c
		_ADCC_DefaultInterruptHandler		CODE           	38AA	0000	2
		_ADCC_GetConversionResult		CODE           	37F8	0000	20
		_ADCC_SetADIInterruptHandler		CODE           	386E	0000	14
		_ADCC_ISR      		CODE           	36A4	0000	54
		_ADCC_StartConversion		CODE           	388A	0000	12
		_ADCC_Initialize		CODE           	3160	0000	102

mcc_generated_files/adcc.c estimated size: 204

main.c
		_main          		CODE           	182E	0000	988
		_delayUS       		CODE           	3368	0000	72
		_writeLCD      		CODE           	377E	0000	38

main.c estimated size: 1098

D:\Program Files\Microchip\xc8\v2.35\pic\sources\c99\common\nf_fputc.c
		_fputc         		CODE           	2CF6	0000	202

D:\Program Files\Microchip\xc8\v2.35\pic\sources\c99\common\nf_fputc.c estimated size: 202

