Microchip MPLAB XC8 Compiler V2.35

Linker command line:

-W-3 --edf=D:\Program Files\Microchip\xc8\v2.35\pic\dat\en_msgs.txt -cn \
  -h+dist/default/debug\FinalProject.X.debug.sym \
  --cmf=dist/default/debug\FinalProject.X.debug.cmf -z -Q18F47K40 \
  -oC:\Users\ryans\AppData\Local\Temp\xcAset0.4 --defsym=__MPLAB_BUILD=1 \
  -Mdist/default/debug/FinalProject.X.debug.map \
  --md=C:\Users\ryans\AppData\Local\Temp\xcAset0.dat -E1 -ver=XC8 Compiler \
  --acfsm=1493 -ACODE=00h-01FFFFh -ACONST=00h-01FFFFh \
  -ASMALLCONST=0F00h-0FFFhx497 -AMEDIUMCONST=0F00h-0FFFFh,010F00h-01FFFFh \
  -ACOMRAM=01h-05Fh -AABS1=00h-0E87h -ABIGRAM=01h-0E87h \
  -ARAM=060h-0FFh,0100h-01FFhx13,0E00h-0E87h -ABANK0=060h-0FFh \
  -ABANK1=0100h-01FFh -ABANK2=0200h-02FFh -ABANK3=0300h-03FFh \
  -ABANK4=0400h-04FFh -ABANK5=0500h-05FFh -ABANK6=0600h-06FFh \
  -ABANK7=0700h-07FFh -ABANK8=0800h-08FFh -ABANK9=0900h-09FFh \
  -ABANK10=0A00h-0AFFh -ABANK11=0B00h-0BFFh -ABANK12=0C00h-0CFFh \
  -ABANK13=0D00h-0DFFh -ABANK14=0E00h-0E87h \
  -ASFR=0E8Dh-0EFFh,0F00h-0F5Fh,0F60h-0FFFh -ABIGSFR=0E8Dh-0FFFh \
  -ACONFIG=0300000h-030000Bh -AIDLOC=0200000h-020000Fh \
  -AEEDATA=0310000h-03103FFh -peeprom_data=EEDATA \
  -preset_vec=00h,intcode=08h,intcodelo,powerup,init -pramtop=0F00h \
  -psmallconst=SMALLCONST -pmediumconst=MEDIUMCONST -pconst=CONST \
  -AFARRAM=00h-00h \
  -prdata=COMRAM,nvrram=COMRAM,nvbit=COMRAM,rbss=COMRAM,rbit=COMRAM \
  -pfarbss=FARRAM,fardata=FARRAM,nvFARRAM=FARRAM \
  -pintsave_regs=BIGRAM,bigbss=BIGRAM,bigdata=BIGRAM -pbss=RAM \
  -pidata=CODE,irdata=CODE,ibigdata=CODE,ifardata=CODE -prparam=COMRAM \
  C:\Users\ryans\AppData\Local\Temp\xcAset0.o \
  dist/default/debug\FinalProject.X.debug.o 

Object code version is 3.11

Machine type is 18F47K40



                Name                               Link     Load   Length Selector   Space Scale
C:\Users\ryans\AppData\Local\Temp\xcAset0.o
                idloc                            200000   200000       10        0       5
                config                           300000   300000        C        0       4
                init                                358      358        4        4       0
                reset_vec                             0        0        6        0       0
dist/default/debug\FinalProject.X.debug.o
                intcode                               8        8      350        4       0
                idloc                            200000   200000       10        0       5
                config                           300000   300000        C        0       4
                temp                                 53       53        1        1       1
                smallconst                          F00      F00       44      780       0
                text70                             38AC     38AC        2      7A2       0
                text69                             356E     356E       36      7A2       0
                text68                             38AA     38AA        2      7A2       0
                text67                             3538     3538       36      7A2       0
                text66                             38A8     38A8        2      7A2       0
                text65                             3502     3502       36      7A2       0
                text64                             38A6     38A6        2      7A2       0
                text63                             34CC     34CC       36      7A2       0
                text62                             3224     3224       52      7A2       0
                text61                             37C4     37C4       1C      7A2       0
                text60                             3698     3698       2A      7A2       0
                text59                             38A4     38A4        2      7A2       0
                text58                             3608     3608       32      7A2       0
                text57                             36EA     36EA       28      7A2       0
                text56                             380E     380E       16      7A2       0
                text55                             38A2     38A2        2      7A2       0
                text54                             35D6     35D6       32      7A2       0
                text53                             3886     3886        A      7A2       0
                text52                             38A0     38A0        2      7A2       0
                text51                             35A4     35A4       32      7A2       0
                text50                             36C2     36C2       28      7A2       0
                text49                             37F8     37F8       16      7A2       0
                text47                             366A     366A       2E      7A2       0
                text46                             28B8     28B8      10A      7A2       0
                text45                             335A     335A       48      7A2       0
                text44                             375E     375E       26      7A2       0
                text43                             3038     3038       80      7A2       0
                text42                             345E     345E       38      7A2       0
                text41                             2E16     2E16       C6      7A2       0
                text40                             27AE     27AE      10A      7A2       0
                text39                             311E     311E       62      7A2       0
                text38                             3276     3276       50      7A2       0
                text37                             389A     389A        4      7A2       0
                text36                             37E0     37E0       18      7A2       0
                text35                             3878     3878        E      7A2       0
                text34                             386A     386A        E      7A2       0
                text33                             385C     385C        E      7A2       0
                text32                             384E     384E        E      7A2       0
                text31                             2ACA     2ACA       E6      7A2       0
                text30                             37A8     37A8       1C      7A2       0
                text29                             3784     3784       24      7A2       0
                text28                             3840     3840        E      7A2       0
                text27                             3310     3310       4A      7A2       0
                text26                             3832     3832        E      7A2       0
                text25                             363A     363A       30      7A2       0
                text24                             3824     3824        E      7A2       0
                text23                             32C6     32C6       4A      7A2       0
                text22                             3738     3738       26      7A2       0
                text21                              F44      F44      4C2      7A2       0
                text20                             1406     1406      42A      7A2       0
                text19                             29C2     29C2      108      7A2       0
                text18                             21A4     21A4      1B4      7A2       0
                text17                             3712     3712       26      7A2       0
                text16                             3426     3426       38      7A2       0
                text15                             31D2     31D2       52      7A2       0
                text14                             24E0     24E0      16A      7A2       0
                text13                             389E     389E        2      7A2       0
                text12                             2C84     2C84       CA      7A2       0
                text11                             2BB0     2BB0       D4      7A2       0
                text10                             2358     2358      188      7A2       0
                text9                              264A     264A      164      7A2       0
                text8                              33E6     33E6       40      7A2       0
                text7                              33A2     33A2       44      7A2       0
                text6                              3496     3496       36      7A2       0
                text5                              2EDC     2EDC       C2      7A2       0
                text4                              1EC0     1EC0      2E4      7A2       0
                text3                              1B96     1B96      32A      7A2       0
                text2                              30B8     30B8       66      7A2       0
                text1                              3180     3180       52      7A2       0
                text0                              1830     1830      366      7A2       0
                cstackCOMRAM                          1        1       3F        1       1
                cstackBANK0                          60       60       52       60       1
                bssBANK3                            300      300       C8      300       1
                dataBANK2                           200      200       C8      200       1
                bssBANK1                            100      100       40      100       1
                dataBANK0                            F2       F2        5       60       1
                bssBANK0                             B2       B2       27       60       1
                dataCOMRAM                           4E       4E        5        1       1
                bssCOMRAM                            40       40        E        1       1
                cinit                              2F9E     2F9E       9A      7A2       0
                nvBANK0                              D9       D9       19       60       1
                idataBANK2                         2D4E     2D4E       C8      7A2       0
                idataBANK0                         3895     3895        5      7A2       0
                idataCOMRAM                        3890     3890        5      7A2       0

TOTAL           Name                               Link     Load   Length     Space
        CLASS   CODE           
                intcode                               8        8      350         0
                init                                358      358        4         0
                reset_vec                             0        0        6         0
                text70                             38AC     38AC        2         0
                text69                             356E     356E       36         0
                text68                             38AA     38AA        2         0
                text67                             3538     3538       36         0
                text66                             38A8     38A8        2         0
                text65                             3502     3502       36         0
                text64                             38A6     38A6        2         0
                text63                             34CC     34CC       36         0
                text62                             3224     3224       52         0
                text61                             37C4     37C4       1C         0
                text60                             3698     3698       2A         0
                text59                             38A4     38A4        2         0
                text58                             3608     3608       32         0
                text57                             36EA     36EA       28         0
                text56                             380E     380E       16         0
                text55                             38A2     38A2        2         0
                text54                             35D6     35D6       32         0
                text53                             3886     3886        A         0
                text52                             38A0     38A0        2         0
                text51                             35A4     35A4       32         0
                text50                             36C2     36C2       28         0
                text49                             37F8     37F8       16         0
                text47                             366A     366A       2E         0
                text46                             28B8     28B8      10A         0
                text45                             335A     335A       48         0
                text44                             375E     375E       26         0
                text43                             3038     3038       80         0
                text42                             345E     345E       38         0
                text41                             2E16     2E16       C6         0
                text40                             27AE     27AE      10A         0
                text39                             311E     311E       62         0
                text38                             3276     3276       50         0
                text37                             389A     389A        4         0
                text36                             37E0     37E0       18         0
                text35                             3878     3878        E         0
                text34                             386A     386A        E         0
                text33                             385C     385C        E         0
                text32                             384E     384E        E         0
                text31                             2ACA     2ACA       E6         0
                text30                             37A8     37A8       1C         0
                text29                             3784     3784       24         0
                text28                             3840     3840        E         0
                text27                             3310     3310       4A         0
                text26                             3832     3832        E         0
                text25                             363A     363A       30         0
                text24                             3824     3824        E         0
                text23                             32C6     32C6       4A         0
                text22                             3738     3738       26         0
                text21                              F44      F44      4C2         0
                text20                             1406     1406      42A         0
                text19                             29C2     29C2      108         0
                text18                             21A4     21A4      1B4         0
                text17                             3712     3712       26         0
                text16                             3426     3426       38         0
                text15                             31D2     31D2       52         0
                text14                             24E0     24E0      16A         0
                text13                             389E     389E        2         0
                text12                             2C84     2C84       CA         0
                text11                             2BB0     2BB0       D4         0
                text10                             2358     2358      188         0
                text9                              264A     264A      164         0
                text8                              33E6     33E6       40         0
                text7                              33A2     33A2       44         0
                text6                              3496     3496       36         0
                text5                              2EDC     2EDC       C2         0
                text4                              1EC0     1EC0      2E4         0
                text3                              1B96     1B96      32A         0
                text2                              30B8     30B8       66         0
                text1                              3180     3180       52         0
                text0                              1830     1830      366         0
                cinit                              2F9E     2F9E       9A         0
                idataBANK2                         2D4E     2D4E       C8         0
                idataBANK0                         3895     3895        5         0
                idataCOMRAM                        3890     3890        5         0

        CLASS   CONST          

        CLASS   SMALLCONST     
                smallconst                          F00      F00       44         0

        CLASS   MEDIUMCONST    

        CLASS   COMRAM         
                temp                                 53       53        1         1
                cstackCOMRAM                          1        1       3F         1
                dataCOMRAM                           4E       4E        5         1
                bssCOMRAM                            40       40        E         1

        CLASS   ABS1           

        CLASS   BIGRAM         

        CLASS   RAM            

        CLASS   BANK0          
                cstackBANK0                          60       60       52         1
                dataBANK0                            F2       F2        5         1
                bssBANK0                             B2       B2       27         1
                nvBANK0                              D9       D9       19         1

        CLASS   BANK1          
                bssBANK1                            100      100       40         1

        CLASS   BANK2          
                dataBANK2                           200      200       C8         1

        CLASS   BANK3          
                bssBANK3                            300      300       C8         1

        CLASS   BANK4          

        CLASS   BANK5          

        CLASS   BANK6          

        CLASS   BANK7          

        CLASS   BANK8          

        CLASS   BANK9          

        CLASS   BANK10         

        CLASS   BANK11         

        CLASS   BANK12         

        CLASS   BANK13         

        CLASS   BANK14         

        CLASS   SFR            

        CLASS   BIGSFR         

        CLASS   CONFIG         
                config                           300000   300000        C         4

        CLASS   IDLOC          
                idloc                            200000   200000       10         5

        CLASS   EEDATA         

        CLASS   FARRAM         

        CLASS   HEAP           

        CLASS   STACK          



SEGMENTS        Name                           Load    Length   Top    Selector   Space  Class

                reset_vec                      000000  000006  000006         0       0  CODE    
                cstackCOMRAM                   000001  000053  000054         1       1  COMRAM  
                intcode                        000008  000354  00035C         4       0  CODE    
                cstackBANK0                    000060  000097  0000F7        60       1  BANK0   
                bssBANK1                       000100  000040  000140       100       1  BANK1   
                dataBANK2                      000200  0000C8  0002C8       200       1  BANK2   
                bssBANK3                       000300  0000C8  0003C8       300       1  BANK3   
                smallconst                     000F00  000044  000F44       780       0  SMALLCON
                text21                         000F44  00296A  0038AE       7A2       0  CODE    


UNUSED ADDRESS RANGES

        Name                Unused          Largest block    Delta
        BANK0            0000F7-0000FF                9
        BANK1            000140-0001FF               C0
        BANK10           000A00-000AFF              100
        BANK11           000B00-000BFF              100
        BANK12           000C00-000CFF              100
        BANK13           000D00-000DFF              100
        BANK14           000E00-000E87               88
        BANK2            0002C8-0002FF               38
        BANK3            0003C8-0003FF               38
        BANK4            000400-0004FF              100
        BANK5            000500-0005FF              100
        BANK6            000600-0006FF              100
        BANK7            000700-0007FF              100
        BANK8            000800-0008FF              100
        BANK9            000900-0009FF              100
        BIGRAM           000054-00005F                C
                         0000F7-0000FF                9
                         000140-0001FF               C0
                         0002C8-0002FF               38
                         0003C8-000E87              AC0
        BIGSFR           000E8D-000FFF              173
        CODE             000006-000007                2
                         00035C-000EFF              BA4
                         0038AE-01FFFF            1C752
        COMRAM           000054-00005F                C
        CONST            000006-000007                2
                         00035C-000EFF              BA4
                         0038AE-01FFFF            1C752
        EEDATA           310000-3103FF              400
        MEDIUMCONST      0038AE-00FFFF             C752
                         010F00-01FFFF             F100
        RAM              0000F7-0000FF                9
                         000140-0001FF               C0
                         0002C8-0002FF               38
                         0003C8-000E87              100
        SFR              000E8D-000FFF               73
        SMALLCONST       0038AE-01FFFF              100

                                  Symbol Table

?_ADCC_GetSingleConversion                  cstackCOMRAM 00000D
?_SPIConvertData                            cstackCOMRAM 000001
?___aodiv                                   cstackCOMRAM 00000D
?___aomod                                   cstackCOMRAM 00000D
?___fladd                                   cstackCOMRAM 000034
?___flmul                                   cstackCOMRAM 00001B
?___fltol                                   cstackBANK0  000064
?___wmul                                    cstackCOMRAM 00000D
?___xxtofl                                  cstackCOMRAM 00000D
?_abs                                       cstackCOMRAM 00001F
?_atoi                                      cstackCOMRAM 000014
?_ctoa                                      cstackCOMRAM 000016
?_dtoa                                      cstackCOMRAM 000028
?_isdigit                                   cstackCOMRAM 00000D
?_isspace                                   cstackCOMRAM 00000D
?_pad                                       cstackCOMRAM 00001D
?_sprintf                                   cstackBANK0  000087
?_strlen                                    cstackCOMRAM 00000D
?_vfpfcnvrt                                 cstackCOMRAM 00003A
?_vfprintf                                  cstackBANK0  00007F
ADCC_GetSingleConversion@channel            cstackCOMRAM 000011
IOCCF0_SetInterruptHandler@InterruptHandler cstackCOMRAM 00000D
IOCCF1_SetInterruptHandler@InterruptHandler cstackCOMRAM 00000D
IOCCF2_SetInterruptHandler@InterruptHandler cstackCOMRAM 00000D
IOCCF3_SetInterruptHandler@InterruptHandler cstackCOMRAM 00000D
LCD_Init@lcd                                cstackCOMRAM 000029
LCD_MakeCMD@buffer                          cstackCOMRAM 00000D
LCD_MakeCMD@data                            cstackCOMRAM 00000F
LCD_MakeData@buffer                         cstackCOMRAM 00000D
LCD_MakeData@data                           cstackCOMRAM 00000F
LCD_SendBytes@buffer                        cstackCOMRAM 000015
LCD_SendBytes@i                             cstackCOMRAM 000020
LCD_SendBytes@lcd                           cstackCOMRAM 000017
LCD_SendBytes@len                           cstackCOMRAM 00001D
LCD_WriteCMD@buffer                         bssBANK0     0000CD
LCD_WriteCMD@cmd                            cstackCOMRAM 000021
LCD_WriteCMD@lcd                            cstackCOMRAM 000023
LCD_WriteData@buffer                        bssBANK0     0000BD
LCD_WriteString@buffer                      bssBANK0     0000C5
LCD_WriteString@lcd                         cstackCOMRAM 000023
LCD_WriteString@str                         cstackCOMRAM 000021
SPI1_ExchangeByte@data                      cstackCOMRAM 000001
SPIConvertData@Data                         cstackCOMRAM 000001
SPIConvertData@DigiPacket                   cstackCOMRAM 000005
TMR1_SetInterruptHandler@InterruptHandler   cstackCOMRAM 00000D
TMR1_WriteTimer@timerVal                    cstackCOMRAM 000001
TMR2_SetInterruptHandler@InterruptHandler   cstackCOMRAM 00000D
TMR3_SetInterruptHandler@InterruptHandler   cstackCOMRAM 00000D
TMR3_WriteTimer@timerVal                    cstackCOMRAM 000001
_ADACCH                                     (abs)        000F71
_ADACCL                                     (abs)        000F70
_ADACQ                                      (abs)        000F5C
_ADACT                                      (abs)        000F56
_ADCAP                                      (abs)        000F5D
_ADCC_GetSingleConversion                   text47       00366A
_ADCC_Initialize                            text38       003276
_ADCLK                                      (abs)        000F57
_ADCNT                                      (abs)        000F67
_ADCON0                                     (abs)        000F60
_ADCON0bits                                 (abs)        000F60
_ADCON1                                     (abs)        000F59
_ADCON1bits                                 (abs)        000F59
_ADCON2                                     (abs)        000F5A
_ADCON2bits                                 (abs)        000F5A
_ADCON3                                     (abs)        000F5B
_ADCON3bits                                 (abs)        000F5B
_ADERRH                                     (abs)        000F6F
_ADERRL                                     (abs)        000F6E
_ADFLTRH                                    (abs)        000F73
_ADFLTRL                                    (abs)        000F72
_ADLTHH                                     (abs)        000F6B
_ADLTHL                                     (abs)        000F6A
_ADPCH                                      (abs)        000F5F
_ADPRE                                      (abs)        000F5E
_ADPREVH                                    (abs)        000F62
_ADPREVL                                    (abs)        000F61
_ADREF                                      (abs)        000F58
_ADRESH                                     (abs)        000F64
_ADRESL                                     (abs)        000F63
_ADRPT                                      (abs)        000F66
_ADSTAT                                     (abs)        000F65
_ADSTATbits                                 (abs)        000F65
_ADSTPTH                                    (abs)        000F69
_ADSTPTL                                    (abs)        000F68
_ADUTHH                                     (abs)        000F6D
_ADUTHL                                     (abs)        000F6C
_ANSELA                                     (abs)        000F11
_ANSELB                                     (abs)        000F19
_ANSELC                                     (abs)        000F21
_ANSELD                                     (abs)        000F26
_ANSELE                                     (abs)        000F2E
_BeepCount                                  bssCOMRAM    000049
_BothBeepFlag                               bssCOMRAM    00004B
_CalcFlag                                   dataBANK0    0000F6
_HumBeepFlag                                bssCOMRAM    00004C
_HumData                                    bssBANK0     0000D5
_HumLimit                                   dataCOMRAM   00004E
_HumRH                                      bssCOMRAM    000044
_INLVLA                                     (abs)        000F0D
_INLVLB                                     (abs)        000F15
_INLVLC                                     (abs)        000F1D
_INLVLD                                     (abs)        000F22
_INLVLE                                     (abs)        000F2A
_INTCONbits                                 (abs)        000FF2
_INTERRUPT_Initialize                       text37       00389A
_INTERRUPT_InterruptManager                 intcode      000008
_IOCCF0_DefaultInterruptHandler             text70       0038AC
_IOCCF0_ISR                                 text69       00356E
_IOCCF0_InterruptHandler                    nvBANK0      0000E8
_IOCCF0_SetInterruptHandler                 text35       003878
_IOCCF1_DefaultInterruptHandler             text68       0038AA
_IOCCF1_ISR                                 text67       003538
_IOCCF1_InterruptHandler                    nvBANK0      0000E5
_IOCCF1_SetInterruptHandler                 text34       00386A
_IOCCF2_DefaultInterruptHandler             text66       0038A8
_IOCCF2_ISR                                 text65       003502
_IOCCF2_InterruptHandler                    nvBANK0      0000E2
_IOCCF2_SetInterruptHandler                 text33       00385C
_IOCCF3_DefaultInterruptHandler             text64       0038A6
_IOCCF3_ISR                                 text63       0034CC
_IOCCF3_InterruptHandler                    nvBANK0      0000DF
_IOCCF3_SetInterruptHandler                 text32       00384E
_IOCCFbits                                  (abs)        000F1A
_IOCCNbits                                  (abs)        000F1B
_IOCCPbits                                  (abs)        000F1C
_LATA                                       (abs)        000F83
_LATAbits                                   (abs)        000F83
_LATB                                       (abs)        000F84
_LATC                                       (abs)        000F85
_LATD                                       (abs)        000F86
_LATE                                       (abs)        000F87
_LCD_Init                                   text41       002E16
_LCD_MakeCMD                                text46       0028B8
_LCD_MakeData                               text40       0027AE
_LCD_SendBytes                              text43       003038
_LCD_WriteCMD                               text42       00345E
_LCD_WriteString                            text39       00311E
_LCDout                                     bssBANK1     000120
_ODCONA                                     (abs)        000F0F
_ODCONB                                     (abs)        000F17
_ODCONC                                     (abs)        000F1F
_ODCOND                                     (abs)        000F24
_ODCONE                                     (abs)        000F2C
_OSCCON1                                    (abs)        000ED8
_OSCCON3                                    (abs)        000EDA
_OSCEN                                      (abs)        000EDC
_OSCFRQ                                     (abs)        000EDE
_OSCILLATOR_Initialize                      text36       0037E0
_OSCTUNE                                    (abs)        000EDD
_PBFlag                                     bssBANK0     0000BC
_PIE0bits                                   (abs)        000EC2
_PIE4bits                                   (abs)        000EC6
_PIN_MANAGER_IOC                            text62       003224
_PIN_MANAGER_Initialize                     text31       002ACA
_PIR0bits                                   (abs)        000ECA
_PIR3bits                                   (abs)        000ECD
_PIR4bits                                   (abs)        000ECE
_PMD0                                       (abs)        000EE1
_PMD1                                       (abs)        000EE2
_PMD2                                       (abs)        000EE3
_PMD3                                       (abs)        000EE4
_PMD4                                       (abs)        000EE5
_PMD5                                       (abs)        000EE6
_PMD_Initialize                             text30       0037A8
_PORTB                                      (abs)        000F8E
_PORTC                                      (abs)        000F8F
_PORTCbits                                  (abs)        000F8F
_PR2                                        (abs)        000FBC
_RB4PPS                                     (abs)        000EF3
_RB5PPS                                     (abs)        000EF4
_SLRCONA                                    (abs)        000F0E
_SLRCONB                                    (abs)        000F16
_SLRCONC                                    (abs)        000F1E
_SLRCOND                                    (abs)        000F23
_SLRCONE                                    (abs)        000F2B
_SPI1_ExchangeByte                          text61       0037C4
_SPI1_Initialize                            text29       003784
_SPIConvertData                             text60       003698
_SPIOutData                                 bssBANK0     0000B6
_SPIOutDataLower                            bssBANK0     0000BB
_SPIOutDataUpper                            bssCOMRAM    000048
_SSP1ADD                                    (abs)        000F93
_SSP1BUF                                    (abs)        000F92
_SSP1CLKPPS                                 (abs)        000EB7
_SSP1CON1                                   (abs)        000F96
_SSP1CON1bits                               (abs)        000F96
_SSP1CON2                                   (abs)        000F97
_SSP1DATPPS                                 (abs)        000EB8
_SSP1STAT                                   (abs)        000F95
_SYSTEM_Initialize                          text22       003738
_T1CLK                                      (abs)        000FD2
_T1CON                                      (abs)        000FCF
_T1CONbits                                  (abs)        000FCF
_T1GATE                                     (abs)        000FD1
_T1GCON                                     (abs)        000FD0
_T1GCONbits                                 (abs)        000FD0
_T2CLKCON                                   (abs)        000FBF
_T2CON                                      (abs)        000FBD
_T2CONbits                                  (abs)        000FBD
_T2HLT                                      (abs)        000FBE
_T2HLTbits                                  (abs)        000FBE
_T2PR                                       (abs)        000FBC
_T2RST                                      (abs)        000FC0
_T2RSTbits                                  (abs)        000FC0
_T2TMR                                      (abs)        000FBB
_T3CLK                                      (abs)        000FCC
_T3CON                                      (abs)        000FC9
_T3CONbits                                  (abs)        000FC9
_T3GATE                                     (abs)        000FCB
_T3GCON                                     (abs)        000FCA
_T3GCONbits                                 (abs)        000FCA
_TMR1H                                      (abs)        000FCE
_TMR1L                                      (abs)        000FCD
_TMR1_CallBack                              text58       003608
_TMR1_DefaultInterruptHandler               text59       0038A4
_TMR1_ISR                                   text56       00380E
_TMR1_Initialize                            text27       003310
_TMR1_InterruptHandler                      nvBANK0      0000EB
_TMR1_SetInterruptHandler                   text28       003840
_TMR1_WriteTimer                            text57       0036EA
_TMR2                                       (abs)        000FBB
_TMR2_CallBack                              text54       0035D6
_TMR2_DefaultInterruptHandler               text55       0038A2
_TMR2_ISR                                   text53       003886
_TMR2_Initialize                            text25       00363A
_TMR2_InterruptHandler                      nvBANK0      0000D9
_TMR2_SetInterruptHandler                   text26       003832
_TMR3H                                      (abs)        000FC8
_TMR3L                                      (abs)        000FC7
_TMR3_CallBack                              text51       0035A4
_TMR3_DefaultInterruptHandler               text52       0038A0
_TMR3_ISR                                   text49       0037F8
_TMR3_Initialize                            text23       0032C6
_TMR3_InterruptHandler                      nvBANK0      0000DC
_TMR3_SetInterruptHandler                   text24       003824
_TMR3_WriteTimer                            text50       0036C2
_TRISA                                      (abs)        000F88
_TRISB                                      (abs)        000F89
_TRISBbits                                  (abs)        000F89
_TRISC                                      (abs)        000F8A
_TRISD                                      (abs)        000F8B
_TRISE                                      (abs)        000F8C
_TempBeepFlag                               bssCOMRAM    00004D
_TempC                                      bssCOMRAM    000046
_TempData                                   bssBANK0     0000D7
_TempLimit                                  dataCOMRAM   000050
_TempOrHum                                  bssBANK0     0000B8
_Tim1Flag                                   bssBANK0     0000BA
_Tim3Flag                                   bssBANK0     0000B9
_VDDinv                                     dataBANK0    0000F2
_WPUA                                       (abs)        000F10
_WPUB                                       (abs)        000F18
_WPUC                                       (abs)        000F20
_WPUD                                       (abs)        000F25
_WPUE                                       (abs)        000F2D
_Waveselect                                 dataCOMRAM   000052
__HRAM                                      (abs)        000000
__Habs1                                     abs1         000000
__Hbank0                                    bank0        000000
__Hbank1                                    bank1        000000
__Hbank10                                   bank10       000000
__Hbank11                                   bank11       000000
__Hbank12                                   bank12       000000
__Hbank13                                   bank13       000000
__Hbank14                                   bank14       000000
__Hbank2                                    bank2        000000
__Hbank3                                    bank3        000000
__Hbank4                                    bank4        000000
__Hbank5                                    bank5        000000
__Hbank6                                    bank6        000000
__Hbank7                                    bank7        000000
__Hbank8                                    bank8        000000
__Hbank9                                    bank9        000000
__Hbigbss                                   bigbss       000000
__Hbigdata                                  bigdata      000000
__Hbigram                                   bigram       000000
__Hbigsfr                                   bigsfr       000000
__Hbss                                      bss          000000
__HbssBANK0                                 bssBANK0     000000
__HbssBANK1                                 bssBANK1     000000
__HbssBANK3                                 bssBANK3     000000
__HbssCOMRAM                                bssCOMRAM    000000
__Hcinit                                    cinit        000000
__Hclrtext                                  clrtext      000000
__Hcomram                                   comram       000000
__Hconfig                                   config       30000C
__Hconst                                    const        000000
__HcstackBANK0                              cstackBANK0  000000
__HcstackCOMRAM                             cstackCOMRAM 000000
__Hdata                                     data         000000
__HdataBANK0                                dataBANK0    000000
__HdataBANK2                                dataBANK2    000000
__HdataCOMRAM                               dataCOMRAM   000000
__Heeprom_data                              eeprom_data  000000
__Hfarbss                                   farbss       000000
__Hfardata                                  fardata      000000
__Hheap                                     heap         000000
__Hibigdata                                 ibigdata     000000
__Hidata                                    idata        000000
__HidataBANK0                               idataBANK0   000000
__HidataBANK2                               idataBANK2   000000
__HidataCOMRAM                              idataCOMRAM  000000
__Hidloc                                    idloc        200010
__Hifardata                                 ifardata     000000
__Hinit                                     init         00035C
__Hintcode                                  intcode      000358
__Hintcode_body                             intcode_body 000000
__Hintcodelo                                intcodelo    000358
__Hintentry                                 intentry     000000
__Hintret                                   intret       000000
__Hintsave_regs                             intsave_regs 000000
__Hirdata                                   irdata       000000
__Hmediumconst                              mediumconst  000000
__HnvBANK0                                  nvBANK0      000000
__HnvFARRAM                                 nvFARRAM     000000
__Hnvbit                                    nvbit        000000
__Hnvrram                                   nvrram       000000
__Hparam                                    rparam       000000
__Hpowerup                                  powerup      000358
__Hram                                      ram          000000
__Hramtop                                   ramtop       000F00
__Hrbit                                     rbit         000000
__Hrbss                                     rbss         000000
__Hrdata                                    rdata        000000
__Hreset_vec                                reset_vec    000006
__Hrparam                                   rparam       000000
__Hsfr                                      sfr          000000
__Hsmallconst                               smallconst   000F44
__Hspace_0                                  (abs)        0038AE
__Hspace_1                                  (abs)        0003C8
__Hspace_2                                  (abs)        000000
__Hspace_4                                  (abs)        60000C
__Hstack                                    stack        000000
__Hstruct                                   struct       000000
__Htemp                                     temp         000054
__Htext                                     text         000000
__Htext0                                    text0        000000
__Htext1                                    text1        000000
__Htext10                                   text10       000000
__Htext11                                   text11       000000
__Htext12                                   text12       000000
__Htext13                                   text13       000000
__Htext14                                   text14       000000
__Htext15                                   text15       000000
__Htext16                                   text16       000000
__Htext17                                   text17       000000
__Htext18                                   text18       000000
__Htext19                                   text19       000000
__Htext2                                    text2        000000
__Htext20                                   text20       000000
__Htext21                                   text21       000000
__Htext22                                   text22       000000
__Htext23                                   text23       000000
__Htext24                                   text24       000000
__Htext25                                   text25       000000
__Htext26                                   text26       000000
__Htext27                                   text27       000000
__Htext28                                   text28       000000
__Htext29                                   text29       000000
__Htext3                                    text3        000000
__Htext30                                   text30       000000
__Htext31                                   text31       000000
__Htext32                                   text32       000000
__Htext33                                   text33       000000
__Htext34                                   text34       000000
__Htext35                                   text35       000000
__Htext36                                   text36       000000
__Htext37                                   text37       000000
__Htext38                                   text38       000000
__Htext39                                   text39       000000
__Htext4                                    text4        000000
__Htext40                                   text40       000000
__Htext41                                   text41       000000
__Htext42                                   text42       000000
__Htext43                                   text43       000000
__Htext44                                   text44       000000
__Htext45                                   text45       000000
__Htext46                                   text46       000000
__Htext47                                   text47       000000
__Htext49                                   text49       000000
__Htext5                                    text5        000000
__Htext50                                   text50       000000
__Htext51                                   text51       000000
__Htext52                                   text52       000000
__Htext53                                   text53       000000
__Htext54                                   text54       000000
__Htext55                                   text55       000000
__Htext56                                   text56       000000
__Htext57                                   text57       000000
__Htext58                                   text58       000000
__Htext59                                   text59       000000
__Htext6                                    text6        000000
__Htext60                                   text60       000000
__Htext61                                   text61       000000
__Htext62                                   text62       000000
__Htext63                                   text63       000000
__Htext64                                   text64       000000
__Htext65                                   text65       000000
__Htext66                                   text66       000000
__Htext67                                   text67       000000
__Htext68                                   text68       000000
__Htext69                                   text69       000000
__Htext7                                    text7        000000
__Htext70                                   text70       000000
__Htext71                                   text71       000000
__Htext8                                    text8        000000
__Htext9                                    text9        000000
__LRAM                                      (abs)        000001
__Labs1                                     abs1         000000
__Lbank0                                    bank0        000000
__Lbank1                                    bank1        000000
__Lbank10                                   bank10       000000
__Lbank11                                   bank11       000000
__Lbank12                                   bank12       000000
__Lbank13                                   bank13       000000
__Lbank14                                   bank14       000000
__Lbank2                                    bank2        000000
__Lbank3                                    bank3        000000
__Lbank4                                    bank4        000000
__Lbank5                                    bank5        000000
__Lbank6                                    bank6        000000
__Lbank7                                    bank7        000000
__Lbank8                                    bank8        000000
__Lbank9                                    bank9        000000
__Lbigbss                                   bigbss       000000
__Lbigdata                                  bigdata      000000
__Lbigram                                   bigram       000000
__Lbigsfr                                   bigsfr       000000
__Lbss                                      bss          000000
__LbssBANK0                                 bssBANK0     000000
__LbssBANK1                                 bssBANK1     000000
__LbssBANK3                                 bssBANK3     000000
__LbssCOMRAM                                bssCOMRAM    000000
__Lcinit                                    cinit        000000
__Lclrtext                                  clrtext      000000
__Lcomram                                   comram       000000
__Lconfig                                   config       000000
__Lconst                                    const        000000
__LcstackBANK0                              cstackBANK0  000000
__LcstackCOMRAM                             cstackCOMRAM 000000
__Ldata                                     data         000000
__LdataBANK0                                dataBANK0    000000
__LdataBANK2                                dataBANK2    000000
__LdataCOMRAM                               dataCOMRAM   000000
__Leeprom_data                              eeprom_data  000000
__Lfarbss                                   farbss       000000
__Lfardata                                  fardata      000000
__Lheap                                     heap         000000
__Libigdata                                 ibigdata     000000
__Lidata                                    idata        000000
__LidataBANK0                               idataBANK0   000000
__LidataBANK2                               idataBANK2   000000
__LidataCOMRAM                              idataCOMRAM  000000
__Lidloc                                    idloc        000000
__Lifardata                                 ifardata     000000
__Linit                                     init         000358
__Lintcode                                  intcode      000008
__Lintcode_body                             intcode_body 000000
__Lintcodelo                                intcodelo    000358
__Lintentry                                 intentry     000000
__Lintret                                   intret       000000
__Lintsave_regs                             intsave_regs 000000
__Lirdata                                   irdata       000000
__Lmediumconst                              mediumconst  000000
__LnvBANK0                                  nvBANK0      000000
__LnvFARRAM                                 nvFARRAM     000000
__Lnvbit                                    nvbit        000000
__Lnvrram                                   nvrram       000000
__Lparam                                    rparam       000000
__Lpowerup                                  powerup      000358
__Lram                                      ram          000000
__Lramtop                                   ramtop       000F00
__Lrbit                                     rbit         000000
__Lrbss                                     rbss         000000
__Lrdata                                    rdata        000000
__Lreset_vec                                reset_vec    000000
__Lrparam                                   rparam       000000
__Lsfr                                      sfr          000000
__Lsmallconst                               smallconst   000F00
__Lspace_0                                  (abs)        000000
__Lspace_1                                  (abs)        000000
__Lspace_2                                  (abs)        000000
__Lspace_4                                  (abs)        000000
__Lstack                                    stack        000000
__Lstruct                                   struct       000000
__Ltemp                                     temp         000053
__Ltext                                     text         000000
__Ltext0                                    text0        000000
__Ltext1                                    text1        000000
__Ltext10                                   text10       000000
__Ltext11                                   text11       000000
__Ltext12                                   text12       000000
__Ltext13                                   text13       000000
__Ltext14                                   text14       000000
__Ltext15                                   text15       000000
__Ltext16                                   text16       000000
__Ltext17                                   text17       000000
__Ltext18                                   text18       000000
__Ltext19                                   text19       000000
__Ltext2                                    text2        000000
__Ltext20                                   text20       000000
__Ltext21                                   text21       000000
__Ltext22                                   text22       000000
__Ltext23                                   text23       000000
__Ltext24                                   text24       000000
__Ltext25                                   text25       000000
__Ltext26                                   text26       000000
__Ltext27                                   text27       000000
__Ltext28                                   text28       000000
__Ltext29                                   text29       000000
__Ltext3                                    text3        000000
__Ltext30                                   text30       000000
__Ltext31                                   text31       000000
__Ltext32                                   text32       000000
__Ltext33                                   text33       000000
__Ltext34                                   text34       000000
__Ltext35                                   text35       000000
__Ltext36                                   text36       000000
__Ltext37                                   text37       000000
__Ltext38                                   text38       000000
__Ltext39                                   text39       000000
__Ltext4                                    text4        000000
__Ltext40                                   text40       000000
__Ltext41                                   text41       000000
__Ltext42                                   text42       000000
__Ltext43                                   text43       000000
__Ltext44                                   text44       000000
__Ltext45                                   text45       000000
__Ltext46                                   text46       000000
__Ltext47                                   text47       000000
__Ltext49                                   text49       000000
__Ltext5                                    text5        000000
__Ltext50                                   text50       000000
__Ltext51                                   text51       000000
__Ltext52                                   text52       000000
__Ltext53                                   text53       000000
__Ltext54                                   text54       000000
__Ltext55                                   text55       000000
__Ltext56                                   text56       000000
__Ltext57                                   text57       000000
__Ltext58                                   text58       000000
__Ltext59                                   text59       000000
__Ltext6                                    text6        000000
__Ltext60                                   text60       000000
__Ltext61                                   text61       000000
__Ltext62                                   text62       000000
__Ltext63                                   text63       000000
__Ltext64                                   text64       000000
__Ltext65                                   text65       000000
__Ltext66                                   text66       000000
__Ltext67                                   text67       000000
__Ltext68                                   text68       000000
__Ltext69                                   text69       000000
__Ltext7                                    text7        000000
__Ltext70                                   text70       000000
__Ltext71                                   text71       000000
__Ltext8                                    text8        000000
__Ltext9                                    text9        000000
__S0                                        (abs)        0038AE
__S1                                        (abs)        0003C8
__S4                                        (abs)        000000
__S5                                        (abs)        000000
___aodiv                                    text10       002358
___aodiv@counter                            cstackCOMRAM 00001D
___aodiv@dividend                           cstackCOMRAM 00000D
___aodiv@divisor                            cstackCOMRAM 000015
___aodiv@quotient                           cstackCOMRAM 00001F
___aodiv@sign                               cstackCOMRAM 00001E
___aomod                                    text9        00264A
___aomod@counter                            cstackCOMRAM 00001D
___aomod@dividend                           cstackCOMRAM 00000D
___aomod@divisor                            cstackCOMRAM 000015
___aomod@sign                               cstackCOMRAM 00001E
___fladd                                    text21       000F44
___fladd@a                                  cstackCOMRAM 000038
___fladd@aexp                               cstackBANK0  000061
___fladd@b                                  cstackCOMRAM 000034
___fladd@bexp                               cstackBANK0  000062
___fladd@grs                                cstackBANK0  000063
___fladd@signs                              cstackBANK0  000060
___flmul                                    text20       001406
___flmul@a                                  cstackCOMRAM 00001F
___flmul@aexp                               cstackCOMRAM 00002C
___flmul@b                                  cstackCOMRAM 00001B
___flmul@bexp                               cstackCOMRAM 00002D
___flmul@grs                                cstackCOMRAM 000028
___flmul@prod                               cstackCOMRAM 00002E
___flmul@sign                               cstackCOMRAM 000027
___flmul@temp                               cstackCOMRAM 000032
___fltol                                    text19       0029C2
___fltol@exp1                               cstackBANK0  00006D
___fltol@f1                                 cstackBANK0  000064
___fltol@sign1                              cstackBANK0  00006C
___heap_hi                                  (abs)        000000
___heap_lo                                  (abs)        000000
___inthi_sp                                 stack        000000
___intlo_sp                                 stack        000000
___param_bank                               (abs)        000000
___rparam_used                              (abs)        000001
___sp                                       stack        000000
___wmul                                     text17       003712
___wmul@multiplicand                        cstackCOMRAM 00000F
___wmul@multiplier                          cstackCOMRAM 00000D
___wmul@product                             cstackCOMRAM 000011
___xxtofl                                   text18       0021A4
___xxtofl@arg                               cstackCOMRAM 000017
___xxtofl@exp                               cstackCOMRAM 000016
___xxtofl@sign                              cstackCOMRAM 000015
___xxtofl@val                               cstackCOMRAM 00000D
__accesstop                                 (abs)        000060
__activetblptr                              (abs)        000003
__end_of_ADCC_GetSingleConversion           text47       003698
__end_of_ADCC_Initialize                    text38       0032C6
__end_of_INTERRUPT_Initialize               text37       00389E
__end_of_INTERRUPT_InterruptManager         intcode      000358
__end_of_IOCCF0_DefaultInterruptHandler     text70       0038AE
__end_of_IOCCF0_ISR                         text69       0035A4
__end_of_IOCCF0_SetInterruptHandler         text35       003886
__end_of_IOCCF1_DefaultInterruptHandler     text68       0038AC
__end_of_IOCCF1_ISR                         text67       00356E
__end_of_IOCCF1_SetInterruptHandler         text34       003878
__end_of_IOCCF2_DefaultInterruptHandler     text66       0038AA
__end_of_IOCCF2_ISR                         text65       003538
__end_of_IOCCF2_SetInterruptHandler         text33       00386A
__end_of_IOCCF3_DefaultInterruptHandler     text64       0038A8
__end_of_IOCCF3_ISR                         text63       003502
__end_of_IOCCF3_SetInterruptHandler         text32       00385C
__end_of_LCD_Init                           text41       002EDC
__end_of_LCD_MakeCMD                        text46       0029C2
__end_of_LCD_MakeData                       text40       0028B8
__end_of_LCD_SendBytes                      text43       0030B8
__end_of_LCD_WriteCMD                       text42       003496
__end_of_LCD_WriteString                    text39       003180
__end_of_OSCILLATOR_Initialize              text36       0037F8
__end_of_PIN_MANAGER_IOC                    text62       003276
__end_of_PIN_MANAGER_Initialize             text31       002BB0
__end_of_PMD_Initialize                     text30       0037C4
__end_of_SPI1_ExchangeByte                  text61       0037E0
__end_of_SPI1_Initialize                    text29       0037A8
__end_of_SPIConvertData                     text60       0036C2
__end_of_SYSTEM_Initialize                  text22       00375E
__end_of_TMR1_CallBack                      text58       00363A
__end_of_TMR1_DefaultInterruptHandler       text59       0038A6
__end_of_TMR1_ISR                           text56       003824
__end_of_TMR1_Initialize                    text27       00335A
__end_of_TMR1_SetInterruptHandler           text28       00384E
__end_of_TMR1_WriteTimer                    text57       003712
__end_of_TMR2_CallBack                      text54       003608
__end_of_TMR2_DefaultInterruptHandler       text55       0038A4
__end_of_TMR2_ISR                           text53       003890
__end_of_TMR2_Initialize                    text25       00366A
__end_of_TMR2_SetInterruptHandler           text26       003840
__end_of_TMR3_CallBack                      text51       0035D6
__end_of_TMR3_DefaultInterruptHandler       text52       0038A2
__end_of_TMR3_ISR                           text49       00380E
__end_of_TMR3_Initialize                    text23       003310
__end_of_TMR3_SetInterruptHandler           text24       003832
__end_of_TMR3_WriteTimer                    text50       0036EA
__end_of___aodiv                            text10       0024E0
__end_of___aomod                            text9        0027AE
__end_of___fladd                            text21       001406
__end_of___flmul                            text20       001830
__end_of___fltol                            text19       002ACA
__end_of___wmul                             text17       003738
__end_of___xxtofl                           text18       002358
__end_of__initialization                    cinit        00302E
__end_of_abs                                text8        003426
__end_of_atoi                               text14       00264A
__end_of_ctoa                               text11       002C84
__end_of_delayUS                            text45       0033A2
__end_of_dtoa                               text4        0021A4
__end_of_fputc                              text12       002D4E
__end_of_fputs                              text7        0033E6
__end_of_isdigit                            text16       00345E
__end_of_isspace                            text15       003224
__end_of_main                               text0        001B96
__end_of_pad                                text5        002F9E
__end_of_putch                              text13       0038A0
__end_of_spi1_configuration                 smallconst   000F05
__end_of_sprintf                            text1        0031D2
__end_of_strlen                             text6        0034CC
__end_of_vfpfcnvrt                          text3        001EC0
__end_of_vfprintf                           text2        00311E
__end_of_writeLCD                           text44       003784
__initialization                            cinit        002F9E
__mediumconst                               mediumconst  000000
__pbssBANK0                                 bssBANK0     0000B2
__pbssBANK1                                 bssBANK1     000100
__pbssBANK3                                 bssBANK3     000300
__pbssCOMRAM                                bssCOMRAM    000040
__pcinit                                    cinit        002F9E
__pcstackBANK0                              cstackBANK0  000060
__pcstackCOMRAM                             cstackCOMRAM 000001
__pdataBANK0                                dataBANK0    0000F2
__pdataBANK2                                dataBANK2    000200
__pdataCOMRAM                               dataCOMRAM   00004E
__pidataBANK0                               idataBANK0   003895
__pidataBANK2                               idataBANK2   002D4E
__pidataCOMRAM                              idataCOMRAM  003890
__pintcode                                  intcode      000008
__pnvBANK0                                  nvBANK0      0000D9
__psmallconst                               smallconst   000F00
__ptext0                                    text0        001830
__ptext1                                    text1        003180
__ptext10                                   text10       002358
__ptext11                                   text11       002BB0
__ptext12                                   text12       002C84
__ptext13                                   text13       00389E
__ptext14                                   text14       0024E0
__ptext15                                   text15       0031D2
__ptext16                                   text16       003426
__ptext17                                   text17       003712
__ptext18                                   text18       0021A4
__ptext19                                   text19       0029C2
__ptext2                                    text2        0030B8
__ptext20                                   text20       001406
__ptext21                                   text21       000F44
__ptext22                                   text22       003738
__ptext23                                   text23       0032C6
__ptext24                                   text24       003824
__ptext25                                   text25       00363A
__ptext26                                   text26       003832
__ptext27                                   text27       003310
__ptext28                                   text28       003840
__ptext29                                   text29       003784
__ptext3                                    text3        001B96
__ptext30                                   text30       0037A8
__ptext31                                   text31       002ACA
__ptext32                                   text32       00384E
__ptext33                                   text33       00385C
__ptext34                                   text34       00386A
__ptext35                                   text35       003878
__ptext36                                   text36       0037E0
__ptext37                                   text37       00389A
__ptext38                                   text38       003276
__ptext39                                   text39       00311E
__ptext4                                    text4        001EC0
__ptext40                                   text40       0027AE
__ptext41                                   text41       002E16
__ptext42                                   text42       00345E
__ptext43                                   text43       003038
__ptext44                                   text44       00375E
__ptext45                                   text45       00335A
__ptext46                                   text46       0028B8
__ptext47                                   text47       00366A
__ptext49                                   text49       0037F8
__ptext5                                    text5        002EDC
__ptext50                                   text50       0036C2
__ptext51                                   text51       0035A4
__ptext52                                   text52       0038A0
__ptext53                                   text53       003886
__ptext54                                   text54       0035D6
__ptext55                                   text55       0038A2
__ptext56                                   text56       00380E
__ptext57                                   text57       0036EA
__ptext58                                   text58       003608
__ptext59                                   text59       0038A4
__ptext6                                    text6        003496
__ptext60                                   text60       003698
__ptext61                                   text61       0037C4
__ptext62                                   text62       003224
__ptext63                                   text63       0034CC
__ptext64                                   text64       0038A6
__ptext65                                   text65       003502
__ptext66                                   text66       0038A8
__ptext67                                   text67       003538
__ptext68                                   text68       0038AA
__ptext69                                   text69       00356E
__ptext7                                    text7        0033A2
__ptext70                                   text70       0038AC
__ptext71                                   text71       000000
__ptext8                                    text8        0033E6
__ptext9                                    text9        00264A
__ramtop                                    ramtop       000F00
__smallconst                                smallconst   000F00
_abs                                        text8        0033E6
_atoi                                       text14       0024E0
_ctoa                                       text11       002BB0
_dbuf                                       bssBANK1     000100
_delayUS                                    text45       00335A
_dtoa                                       text4        001EC0
_dtoa$2413                                  cstackBANK0  000060
_flags                                      bssCOMRAM    000042
_fputc                                      text12       002C84
_fputs                                      text7        0033A2
_isdigit                                    text16       003426
_isspace                                    text15       0031D2
_isspace$2463                               cstackCOMRAM 000013
_main                                       text0        001830
_main$2881                                  cstackBANK0  0000A8
_nout                                       bssBANK0     0000B2
_pad                                        text5        002EDC
_prec                                       bssBANK0     0000B4
_putch                                      text13       00389E
_sine                                       dataBANK2    000200
_spi1_configuration                         smallconst   000F01
_sprintf                                    text1        003180
_strlen                                     text6        003496
_timer1ReloadVal                            nvBANK0      0000F0
_timer3ReloadVal                            nvBANK0      0000EE
_vfpfcnvrt                                  text3        001B96
_vfprintf                                   text2        0030B8
_wavecount                                  bssCOMRAM    00004A
_width                                      bssCOMRAM    000040
_writeLCD                                   text44       00375E
_zeros                                      bssBANK3     000300
abs@a                                       cstackCOMRAM 00001F
atoi@n                                      cstackCOMRAM 00001C
atoi@neg                                    cstackCOMRAM 00001A
atoi@s                                      cstackCOMRAM 000014
btemp                                       temp         000053
ctoa@c                                      cstackCOMRAM 000018
ctoa@fp                                     cstackCOMRAM 000016
ctoa@l                                      cstackCOMRAM 00001A
ctoa@w                                      cstackCOMRAM 00001C
delayUS@i                                   cstackCOMRAM 000011
delayUS@usec                                cstackCOMRAM 00000D
dtoa@d                                      cstackCOMRAM 00002A
dtoa@fp                                     cstackCOMRAM 000028
dtoa@i                                      cstackBANK0  000070
dtoa@n                                      cstackBANK0  000068
dtoa@p                                      cstackBANK0  000062
dtoa@s                                      cstackBANK0  000066
dtoa@w                                      cstackBANK0  000064
end_of_initialization                       cinit        00302E
fputc@c                                     cstackCOMRAM 00000D
fputc@fp                                    cstackCOMRAM 00000F
fputs@c                                     cstackCOMRAM 00001A
fputs@fp                                    cstackCOMRAM 000018
fputs@i                                     cstackCOMRAM 00001B
fputs@s                                     cstackCOMRAM 000016
int$flags                                   temp         000053
intlevel0                                   text         000000
intlevel1                                   text         000000
intlevel2                                   text         000000
intlevel3                                   text         000000
isa$std                                     (abs)        000001
isa$xinst                                   (abs)        000000
isdigit@c                                   cstackCOMRAM 00000D
isspace@c                                   cstackCOMRAM 00000D
main@lcd                                    cstackBANK0  0000AC
pad@buf                                     cstackCOMRAM 00001F
pad@fp                                      cstackCOMRAM 00001D
pad@i                                       cstackCOMRAM 000024
pad@p                                       cstackCOMRAM 000021
pad@w                                       cstackCOMRAM 000026
sprintf@ap                                  cstackBANK0  00009B
sprintf@f                                   cstackBANK0  00009D
sprintf@fmt                                 cstackBANK0  000089
sprintf@s                                   cstackBANK0  000087
stackhi                                     (abs)        000000
stacklo                                     (abs)        000000
start                                       init         000358
start_initialization                        cinit        002F9E
strlen@a                                    cstackCOMRAM 00000F
strlen@s                                    cstackCOMRAM 00000D
ttemp5                                      temp         000054
ttemp6                                      temp         000057
ttemp7                                      temp         00005B
vfpfcnvrt@ap                                cstackCOMRAM 00003E
vfpfcnvrt@c                                 cstackBANK0  00007E
vfpfcnvrt@fmt                               cstackCOMRAM 00003C
vfpfcnvrt@fp                                cstackCOMRAM 00003A
vfpfcnvrt@ll                                cstackBANK0  000076
vfprintf@ap                                 cstackBANK0  000083
vfprintf@cfmt                               cstackBANK0  000085
vfprintf@fmt                                cstackBANK0  000081
vfprintf@fp                                 cstackBANK0  00007F
writeLCD@bitfield                           cstackCOMRAM 00000F
wtemp8                                      temp         000054


MODULE INFORMATION

Module		Function		Class		Link	Load	Size
D:\Program Files\Microchip\xc8\v2.35\pic\sources\c99\common\Umul16.c
		___wmul        		CODE           	3712	0000	38

D:\Program Files\Microchip\xc8\v2.35\pic\sources\c99\common\Umul16.c estimated size: 38

D:\Program Files\Microchip\xc8\v2.35\pic\sources\c99\common\aomod.c
		___aomod       		CODE           	264A	0000	356

D:\Program Files\Microchip\xc8\v2.35\pic\sources\c99\common\aomod.c estimated size: 356

D:\Program Files\Microchip\xc8\v2.35\pic\sources\c99\common\abs.c
		_abs           		CODE           	33E6	0000	64

D:\Program Files\Microchip\xc8\v2.35\pic\sources\c99\common\abs.c estimated size: 64

D:\Program Files\Microchip\xc8\v2.35\pic\sources\c99\common\putch.c
		_putch         		CODE           	389E	0000	2

D:\Program Files\Microchip\xc8\v2.35\pic\sources\c99\common\putch.c estimated size: 2

mcc_generated_files/tmr2.c
		_TMR2_ISR      		CODE           	3886	0000	10
		_TMR2_Initialize		CODE           	363A	0000	48
		_TMR2_SetInterruptHandler		CODE           	3832	0000	14
		_TMR2_DefaultInterruptHandler		CODE           	38A2	0000	2
		_TMR2_CallBack 		CODE           	35D6	0000	50

mcc_generated_files/tmr2.c estimated size: 124

mcc_generated_files/interrupt_manager.c
		_INTERRUPT_Initialize		CODE           	389A	0000	4
		_INTERRUPT_InterruptManager		CODE           	0008	0000	848

mcc_generated_files/interrupt_manager.c estimated size: 852

D:\Program Files\Microchip\xc8\v2.35\pic\sources\c99\common\isspace.c
		_isspace       		CODE           	31D2	0000	82

D:\Program Files\Microchip\xc8\v2.35\pic\sources\c99\common\isspace.c estimated size: 82

mcc_generated_files/pin_manager.c
		_IOCCF0_DefaultInterruptHandler		CODE           	38AC	0000	2
		_PIN_MANAGER_Initialize		CODE           	2ACA	0000	230
		_IOCCF3_DefaultInterruptHandler		CODE           	38A6	0000	2
		_IOCCF0_ISR    		CODE           	356E	0000	54
		_IOCCF3_ISR    		CODE           	34CC	0000	54
		_IOCCF2_SetInterruptHandler		CODE           	385C	0000	14
		_IOCCF1_DefaultInterruptHandler		CODE           	38AA	0000	2
		_IOCCF1_ISR    		CODE           	3538	0000	54
		_IOCCF0_SetInterruptHandler		CODE           	3878	0000	14
		_IOCCF3_SetInterruptHandler		CODE           	384E	0000	14
		_PIN_MANAGER_IOC		CODE           	3224	0000	82
		_IOCCF2_DefaultInterruptHandler		CODE           	38A8	0000	2
		_IOCCF2_ISR    		CODE           	3502	0000	54
		_IOCCF1_SetInterruptHandler		CODE           	386A	0000	14

mcc_generated_files/pin_manager.c estimated size: 592

D:\Program Files\Microchip\xc8\v2.35\pic\sources\c99\common\xxtofl.c
		___xxtofl      		CODE           	21A4	0000	436

D:\Program Files\Microchip\xc8\v2.35\pic\sources\c99\common\xxtofl.c estimated size: 436

mcc_generated_files/spi1.c
		_SPI1_Initialize		CODE           	3784	0000	36
		_SPI1_ExchangeByte		CODE           	37C4	0000	28

mcc_generated_files/spi1.c estimated size: 64

D:\Program Files\Microchip\xc8\v2.35\pic\sources\c99\common\aodiv.c
		___aodiv       		CODE           	2358	0000	392

D:\Program Files\Microchip\xc8\v2.35\pic\sources\c99\common\aodiv.c estimated size: 392

D:\Program Files\Microchip\xc8\v2.35\pic\sources\c99\common\sprcmul.c
		___flmul       		CODE           	1406	0000	1066

D:\Program Files\Microchip\xc8\v2.35\pic\sources\c99\common\sprcmul.c estimated size: 1066

ANY_LCD.c
		_LCD_Init      		CODE           	2E16	0000	198
		_LCD_SendBytes 		CODE           	3038	0000	128
		_LCD_WriteString		CODE           	311E	0000	98
		_LCD_MakeCMD   		CODE           	28B8	0000	266
		_LCD_MakeData  		CODE           	27AE	0000	266
		_LCD_WriteCMD  		CODE           	345E	0000	56

ANY_LCD.c estimated size: 1012

D:\Program Files\Microchip\xc8\v2.35\pic\sources\c99\common\strlen.c
		_strlen        		CODE           	3496	0000	54

D:\Program Files\Microchip\xc8\v2.35\pic\sources\c99\common\strlen.c estimated size: 54

D:\Program Files\Microchip\xc8\v2.35\pic\sources\c99\common\nf_fputs.c
		_fputs         		CODE           	33A2	0000	68

D:\Program Files\Microchip\xc8\v2.35\pic\sources\c99\common\nf_fputs.c estimated size: 68

D:\Program Files\Microchip\xc8\v2.35\pic\sources\c99\common\fltol.c
		___fltol       		CODE           	29C2	0000	264

D:\Program Files\Microchip\xc8\v2.35\pic\sources\c99\common\fltol.c estimated size: 264

shared
		__initialization		CODE           	2F9E	0000	144
		_spi1_configuration		SMALLCONST     	0F01	0000	4

shared estimated size: 148

D:\Program Files\Microchip\xc8\v2.35\pic\sources\c99\common\doprnt.c
		_vfpfcnvrt     		CODE           	1B96	0000	810
		_pad           		CODE           	2EDC	0000	194
		_ctoa          		CODE           	2BB0	0000	212
		_dtoa          		CODE           	1EC0	0000	740
		_vfprintf      		CODE           	30B8	0000	102

D:\Program Files\Microchip\xc8\v2.35\pic\sources\c99\common\doprnt.c estimated size: 2058

mcc_generated_files/mcc.c
		_PMD_Initialize		CODE           	37A8	0000	28
		_OSCILLATOR_Initialize		CODE           	37E0	0000	24
		_SYSTEM_Initialize		CODE           	3738	0000	38

mcc_generated_files/mcc.c estimated size: 90

mcc_generated_files/tmr3.c
		_TMR3_ISR      		CODE           	37F8	0000	22
		_TMR3_Initialize		CODE           	32C6	0000	74
		_TMR3_SetInterruptHandler		CODE           	3824	0000	14
		_TMR3_DefaultInterruptHandler		CODE           	38A0	0000	2
		_TMR3_CallBack 		CODE           	35A4	0000	50
		_TMR3_WriteTimer		CODE           	36C2	0000	40

mcc_generated_files/tmr3.c estimated size: 202

D:\Program Files\Microchip\xc8\v2.35\pic\sources\c99\common\nf_sprintf.c
		_sprintf       		CODE           	3180	0000	82

D:\Program Files\Microchip\xc8\v2.35\pic\sources\c99\common\nf_sprintf.c estimated size: 82

mcc_generated_files/tmr1.c
		_TMR1_Initialize		CODE           	3310	0000	74
		_TMR1_SetInterruptHandler		CODE           	3840	0000	14
		_TMR1_DefaultInterruptHandler		CODE           	38A4	0000	2
		_TMR1_CallBack 		CODE           	3608	0000	50
		_TMR1_WriteTimer		CODE           	36EA	0000	40
		_TMR1_ISR      		CODE           	380E	0000	22

mcc_generated_files/tmr1.c estimated size: 202

D:\Program Files\Microchip\xc8\v2.35\pic\sources\c99\common\atoi.c
		_atoi          		CODE           	24E0	0000	362

D:\Program Files\Microchip\xc8\v2.35\pic\sources\c99\common\atoi.c estimated size: 362

D:\Program Files\Microchip\xc8\v2.35\pic\sources\c99\common\isdigit.c
		_isdigit       		CODE           	3426	0000	56

D:\Program Files\Microchip\xc8\v2.35\pic\sources\c99\common\isdigit.c estimated size: 56

D:\Program Files\Microchip\xc8\v2.35\pic\sources\c99\common\sprcadd.c
		___fladd       		CODE           	0F44	0000	1218

D:\Program Files\Microchip\xc8\v2.35\pic\sources\c99\common\sprcadd.c estimated size: 1218

mcc_generated_files/adcc.c
		_ADCC_GetSingleConversion		CODE           	366A	0000	46
		_ADCC_Initialize		CODE           	3276	0000	80

mcc_generated_files/adcc.c estimated size: 126

main.c
		_main          		CODE           	1830	0000	870
		_delayUS       		CODE           	335A	0000	72
		_writeLCD      		CODE           	375E	0000	38
		_SPIConvertData		CODE           	3698	0000	42

main.c estimated size: 1022

D:\Program Files\Microchip\xc8\v2.35\pic\sources\c99\common\nf_fputc.c
		_fputc         		CODE           	2C84	0000	202

D:\Program Files\Microchip\xc8\v2.35\pic\sources\c99\common\nf_fputc.c estimated size: 202

