Microchip MPLAB XC8 Compiler V2.35

Linker command line:

-W-3 --edf=D:\Program Files\Microchip\xc8\v2.35\pic\dat\en_msgs.txt -cn \
  -h+dist/default/production\uPBasics.X.production.sym \
  --cmf=dist/default/production\uPBasics.X.production.cmf -z -Q18F47K40 \
  -oC:\Users\ryans\AppData\Local\Temp\xcAsl74.4 --defsym=__MPLAB_BUILD=1 \
  -Mdist/default/production/uPBasics.X.production.map \
  --md=C:\Users\ryans\AppData\Local\Temp\xcAsl74.dat -E1 -ver=XC8 Compiler \
  --acfsm=1493 -ACODE=00h-01FFFFh -ACONST=00h-01FFFFh \
  -ASMALLCONST=0F00h-0FFFhx497 -AMEDIUMCONST=0F00h-0FFFFh,010F00h-01FFFFh \
  -ACOMRAM=01h-05Fh -AABS1=00h-0E87h -ABIGRAM=01h-0E87h \
  -ARAM=060h-0FFh,0100h-01FFhx13,0E00h-0E87h -ABANK0=060h-0FFh \
  -ABANK1=0100h-01FFh -ABANK2=0200h-02FFh -ABANK3=0300h-03FFh \
  -ABANK4=0400h-04FFh -ABANK5=0500h-05FFh -ABANK6=0600h-06FFh \
  -ABANK7=0700h-07FFh -ABANK8=0800h-08FFh -ABANK9=0900h-09FFh \
  -ABANK10=0A00h-0AFFh -ABANK11=0B00h-0BFFh -ABANK12=0C00h-0CFFh \
  -ABANK13=0D00h-0DFFh -ABANK14=0E00h-0E87h \
  -ASFR=0E8Dh-0EFFh,0F00h-0F5Fh,0F60h-0FFFh -ABIGSFR=0E8Dh-0FFFh \
  -ACONFIG=0300000h-030000Bh -AIDLOC=0200000h-020000Fh \
  -AEEDATA=0310000h-03103FFh -peeprom_data=EEDATA \
  -preset_vec=00h,intcode=08h,intcodelo,powerup,init -pramtop=0F00h \
  -psmallconst=SMALLCONST -pmediumconst=MEDIUMCONST -pconst=CONST \
  -AFARRAM=00h-00h \
  -prdata=COMRAM,nvrram=COMRAM,nvbit=COMRAM,rbss=COMRAM,rbit=COMRAM \
  -pfarbss=FARRAM,fardata=FARRAM,nvFARRAM=FARRAM \
  -pintsave_regs=BIGRAM,bigbss=BIGRAM,bigdata=BIGRAM -pbss=RAM \
  -pidata=CODE,irdata=CODE,ibigdata=CODE,ifardata=CODE -prparam=COMRAM \
  C:\Users\ryans\AppData\Local\Temp\xcAsl74.o \
  dist/default/production\uPBasics.X.production.o 

Object code version is 3.11

Machine type is 18F47K40



                Name                               Link     Load   Length Selector   Space Scale
C:\Users\ryans\AppData\Local\Temp\xcAsl74.o
                idloc                            200000   200000       10        0       5
                config                           300000   300000        C        0       4
                init                                 D2       D2        4        4       0
                reset_vec                             0        0        4        0       0
dist/default/production\uPBasics.X.production.o
                intcode                               8        8       CA        4       0
                idloc                            200000   200000       10        0       5
                config                           300000   300000        C        0       4
                temp                                  C        C        1        1       1
                text12                              24C      24C        2        4       0
                text11                              17A      17A       30        4       0
                text10                              238      238        A        4       0
                text8                               246      246        4        4       0
                text7                               1E8      1E8       18        4       0
                text6                                D6       D6       74        4       0
                text5                               1CC      1CC       1C        4       0
                text4                               22A      22A        E        4       0
                text3                               14A      14A       30        4       0
                text2                               200      200       16        4       0
                text1                               242      242        4        4       0
                text0                               216      216       14        4       0
                cstackCOMRAM                          1        1        6        1       1
                dataCOMRAM                            A        A        2        1       1
                cinit                               1AA      1AA       22        4       0
                nvCOMRAM                              7        7        3        1       1
                idataCOMRAM                         24A      24A        2        4       0

TOTAL           Name                               Link     Load   Length     Space
        CLASS   CODE           
                intcode                               8        8       CA         0
                init                                 D2       D2        4         0
                reset_vec                             0        0        4         0
                text12                              24C      24C        2         0
                text11                              17A      17A       30         0
                text10                              238      238        A         0
                text8                               246      246        4         0
                text7                               1E8      1E8       18         0
                text6                                D6       D6       74         0
                text5                               1CC      1CC       1C         0
                text4                               22A      22A        E         0
                text3                               14A      14A       30         0
                text2                               200      200       16         0
                text1                               242      242        4         0
                text0                               216      216       14         0
                cinit                               1AA      1AA       22         0
                idataCOMRAM                         24A      24A        2         0

        CLASS   CONST          

        CLASS   SMALLCONST     

        CLASS   MEDIUMCONST    

        CLASS   COMRAM         
                temp                                  C        C        1         1
                cstackCOMRAM                          1        1        6         1
                dataCOMRAM                            A        A        2         1
                nvCOMRAM                              7        7        3         1

        CLASS   ABS1           

        CLASS   BIGRAM         

        CLASS   RAM            

        CLASS   BANK0          

        CLASS   BANK1          

        CLASS   BANK2          

        CLASS   BANK3          

        CLASS   BANK4          

        CLASS   BANK5          

        CLASS   BANK6          

        CLASS   BANK7          

        CLASS   BANK8          

        CLASS   BANK9          

        CLASS   BANK10         

        CLASS   BANK11         

        CLASS   BANK12         

        CLASS   BANK13         

        CLASS   BANK14         

        CLASS   SFR            

        CLASS   BIGSFR         

        CLASS   CONFIG         
                config                           300000   300000        C         4

        CLASS   IDLOC          
                idloc                            200000   200000       10         5

        CLASS   EEDATA         

        CLASS   FARRAM         

        CLASS   HEAP           

        CLASS   STACK          



SEGMENTS        Name                           Load    Length   Top    Selector   Space  Class

                reset_vec                      000000  000004  000004         0       0  CODE    
                cstackCOMRAM                   000001  00000C  00000D         1       1  COMRAM  
                intcode                        000008  000246  00024E         4       0  CODE    


UNUSED ADDRESS RANGES

        Name                Unused          Largest block    Delta
        BANK0            000060-0000FF               A0
        BANK1            000100-0001FF              100
        BANK10           000A00-000AFF              100
        BANK11           000B00-000BFF              100
        BANK12           000C00-000CFF              100
        BANK13           000D00-000DFF              100
        BANK14           000E00-000E87               88
        BANK2            000200-0002FF              100
        BANK3            000300-0003FF              100
        BANK4            000400-0004FF              100
        BANK5            000500-0005FF              100
        BANK6            000600-0006FF              100
        BANK7            000700-0007FF              100
        BANK8            000800-0008FF              100
        BANK9            000900-0009FF              100
        BIGRAM           00000D-000E87              E7B
        BIGSFR           000E8D-000FFF              173
        CODE             000004-000007                4
                         00024E-01FFFF            1FDB2
        COMRAM           00000D-00005F               53
        CONST            000004-000007                4
                         00024E-01FFFF            1FDB2
        EEDATA           310000-3103FF              400
        MEDIUMCONST      000F00-00FFFF             F100
                         010F00-01FFFF             F100
        RAM              000060-000E87              100
        SFR              000E8D-000FFF               73
        SMALLCONST       000F00-01FFFF              100

                                  Symbol Table

TMR2_SetInterruptHandler@InterruptHandler cstackCOMRAM 000004
_ANSELA                                   (abs)        000F11
_ANSELB                                   (abs)        000F19
_ANSELC                                   (abs)        000F21
_ANSELD                                   (abs)        000F26
_ANSELE                                   (abs)        000F2E
_INLVLA                                   (abs)        000F0D
_INLVLB                                   (abs)        000F15
_INLVLC                                   (abs)        000F1D
_INLVLD                                   (abs)        000F22
_INLVLE                                   (abs)        000F2A
_INTCONbits                               (abs)        000FF2
_INTERRUPT_Initialize                     text8        000246
_INTERRUPT_InterruptManager               intcode      000008
_LATA                                     (abs)        000F83
_LATB                                     (abs)        000F84
_LATBbits                                 (abs)        000F84
_LATC                                     (abs)        000F85
_LATD                                     (abs)        000F86
_LATE                                     (abs)        000F87
_ODCONA                                   (abs)        000F0F
_ODCONB                                   (abs)        000F17
_ODCONC                                   (abs)        000F1F
_ODCOND                                   (abs)        000F24
_ODCONE                                   (abs)        000F2C
_OSCCON1                                  (abs)        000ED8
_OSCCON3                                  (abs)        000EDA
_OSCEN                                    (abs)        000EDC
_OSCFRQ                                   (abs)        000EDE
_OSCILLATOR_Initialize                    text7        0001E8
_OSCTUNE                                  (abs)        000EDD
_PIE4bits                                 (abs)        000EC6
_PIN_MANAGER_Initialize                   text6        0000D6
_PIR4bits                                 (abs)        000ECE
_PMD0                                     (abs)        000EE1
_PMD1                                     (abs)        000EE2
_PMD2                                     (abs)        000EE3
_PMD3                                     (abs)        000EE4
_PMD4                                     (abs)        000EE5
_PMD5                                     (abs)        000EE6
_PMD_Initialize                           text5        0001CC
_PORTBbits                                (abs)        000F8E
_PR2                                      (abs)        000FBC
_SLRCONA                                  (abs)        000F0E
_SLRCONB                                  (abs)        000F16
_SLRCONC                                  (abs)        000F1E
_SLRCOND                                  (abs)        000F23
_SLRCONE                                  (abs)        000F2B
_SYSTEM_Initialize                        text2        000200
_T2CLKCON                                 (abs)        000FBF
_T2CON                                    (abs)        000FBD
_T2CONbits                                (abs)        000FBD
_T2HLT                                    (abs)        000FBE
_T2HLTbits                                (abs)        000FBE
_T2PR                                     (abs)        000FBC
_T2RST                                    (abs)        000FC0
_T2RSTbits                                (abs)        000FC0
_T2TMR                                    (abs)        000FBB
_TMR2                                     (abs)        000FBB
_TMR2_CallBack                            text11       00017A
_TMR2_DefaultInterruptHandler             text12       00024C
_TMR2_ISR                                 text10       000238
_TMR2_Initialize                          text3        00014A
_TMR2_InterruptHandler                    nvCOMRAM     000007
_TMR2_SetInterruptHandler                 text4        00022A
_TMR2_Start                               text1        000242
_TRISA                                    (abs)        000F88
_TRISB                                    (abs)        000F89
_TRISC                                    (abs)        000F8A
_TRISD                                    (abs)        000F8B
_TRISE                                    (abs)        000F8C
_WPUA                                     (abs)        000F10
_WPUB                                     (abs)        000F18
_WPUC                                     (abs)        000F20
_WPUD                                     (abs)        000F25
_WPUE                                     (abs)        000F2D
__HRAM                                    (abs)        000000
__Habs1                                   abs1         000000
__Hbank0                                  bank0        000000
__Hbank1                                  bank1        000000
__Hbank10                                 bank10       000000
__Hbank11                                 bank11       000000
__Hbank12                                 bank12       000000
__Hbank13                                 bank13       000000
__Hbank14                                 bank14       000000
__Hbank2                                  bank2        000000
__Hbank3                                  bank3        000000
__Hbank4                                  bank4        000000
__Hbank5                                  bank5        000000
__Hbank6                                  bank6        000000
__Hbank7                                  bank7        000000
__Hbank8                                  bank8        000000
__Hbank9                                  bank9        000000
__Hbigbss                                 bigbss       000000
__Hbigdata                                bigdata      000000
__Hbigram                                 bigram       000000
__Hbigsfr                                 bigsfr       000000
__Hbss                                    bss          000000
__Hcinit                                  cinit        000000
__Hclrtext                                clrtext      000000
__Hcomram                                 comram       000000
__Hconfig                                 config       30000C
__Hconst                                  const        000000
__HcstackCOMRAM                           cstackCOMRAM 000000
__Hdata                                   data         000000
__HdataCOMRAM                             dataCOMRAM   000000
__Heeprom_data                            eeprom_data  000000
__Hfarbss                                 farbss       000000
__Hfardata                                fardata      000000
__Hheap                                   heap         000000
__Hibigdata                               ibigdata     000000
__Hidata                                  idata        000000
__HidataCOMRAM                            idataCOMRAM  000000
__Hidloc                                  idloc        200010
__Hifardata                               ifardata     000000
__Hinit                                   init         0000D6
__Hintcode                                intcode      0000D2
__Hintcode_body                           intcode_body 000000
__Hintcodelo                              intcodelo    0000D2
__Hintentry                               intentry     000000
__Hintret                                 intret       000000
__Hintsave_regs                           intsave_regs 000000
__Hirdata                                 irdata       000000
__Hmediumconst                            mediumconst  000000
__HnvCOMRAM                               nvCOMRAM     000000
__HnvFARRAM                               nvFARRAM     000000
__Hnvbit                                  nvbit        000000
__Hnvrram                                 nvrram       000000
__Hparam                                  rparam       000000
__Hpowerup                                powerup      0000D2
__Hram                                    ram          000000
__Hramtop                                 ramtop       000F00
__Hrbit                                   rbit         000000
__Hrbss                                   rbss         000000
__Hrdata                                  rdata        000000
__Hreset_vec                              reset_vec    000004
__Hrparam                                 rparam       000000
__Hsfr                                    sfr          000000
__Hsmallconst                             smallconst   000000
__Hspace_0                                (abs)        000F00
__Hspace_1                                (abs)        00000D
__Hspace_2                                (abs)        000000
__Hspace_4                                (abs)        60000C
__Hstack                                  stack        000000
__Hstruct                                 struct       000000
__Htemp                                   temp         00000D
__Htext                                   text         000000
__Htext0                                  text0        000000
__Htext1                                  text1        000000
__Htext10                                 text10       000000
__Htext11                                 text11       000000
__Htext12                                 text12       000000
__Htext13                                 text13       000000
__Htext2                                  text2        000000
__Htext3                                  text3        000000
__Htext4                                  text4        000000
__Htext5                                  text5        000000
__Htext6                                  text6        000000
__Htext7                                  text7        000000
__Htext8                                  text8        000000
__LRAM                                    (abs)        000001
__Labs1                                   abs1         000000
__Lbank0                                  bank0        000000
__Lbank1                                  bank1        000000
__Lbank10                                 bank10       000000
__Lbank11                                 bank11       000000
__Lbank12                                 bank12       000000
__Lbank13                                 bank13       000000
__Lbank14                                 bank14       000000
__Lbank2                                  bank2        000000
__Lbank3                                  bank3        000000
__Lbank4                                  bank4        000000
__Lbank5                                  bank5        000000
__Lbank6                                  bank6        000000
__Lbank7                                  bank7        000000
__Lbank8                                  bank8        000000
__Lbank9                                  bank9        000000
__Lbigbss                                 bigbss       000000
__Lbigdata                                bigdata      000000
__Lbigram                                 bigram       000000
__Lbigsfr                                 bigsfr       000000
__Lbss                                    bss          000000
__Lcinit                                  cinit        000000
__Lclrtext                                clrtext      000000
__Lcomram                                 comram       000000
__Lconfig                                 config       000000
__Lconst                                  const        000000
__LcstackCOMRAM                           cstackCOMRAM 000000
__Ldata                                   data         000000
__LdataCOMRAM                             dataCOMRAM   000000
__Leeprom_data                            eeprom_data  000000
__Lfarbss                                 farbss       000000
__Lfardata                                fardata      000000
__Lheap                                   heap         000000
__Libigdata                               ibigdata     000000
__Lidata                                  idata        000000
__LidataCOMRAM                            idataCOMRAM  000000
__Lidloc                                  idloc        000000
__Lifardata                               ifardata     000000
__Linit                                   init         0000D2
__Lintcode                                intcode      000008
__Lintcode_body                           intcode_body 000000
__Lintcodelo                              intcodelo    0000D2
__Lintentry                               intentry     000000
__Lintret                                 intret       000000
__Lintsave_regs                           intsave_regs 000000
__Lirdata                                 irdata       000000
__Lmediumconst                            mediumconst  000000
__LnvCOMRAM                               nvCOMRAM     000000
__LnvFARRAM                               nvFARRAM     000000
__Lnvbit                                  nvbit        000000
__Lnvrram                                 nvrram       000000
__Lparam                                  rparam       000000
__Lpowerup                                powerup      0000D2
__Lram                                    ram          000000
__Lramtop                                 ramtop       000F00
__Lrbit                                   rbit         000000
__Lrbss                                   rbss         000000
__Lrdata                                  rdata        000000
__Lreset_vec                              reset_vec    000000
__Lrparam                                 rparam       000000
__Lsfr                                    sfr          000000
__Lsmallconst                             smallconst   000000
__Lspace_0                                (abs)        000000
__Lspace_1                                (abs)        000000
__Lspace_2                                (abs)        000000
__Lspace_4                                (abs)        000000
__Lstack                                  stack        000000
__Lstruct                                 struct       000000
__Ltemp                                   temp         00000C
__Ltext                                   text         000000
__Ltext0                                  text0        000000
__Ltext1                                  text1        000000
__Ltext10                                 text10       000000
__Ltext11                                 text11       000000
__Ltext12                                 text12       000000
__Ltext13                                 text13       000000
__Ltext2                                  text2        000000
__Ltext3                                  text3        000000
__Ltext4                                  text4        000000
__Ltext5                                  text5        000000
__Ltext6                                  text6        000000
__Ltext7                                  text7        000000
__Ltext8                                  text8        000000
__S0                                      (abs)        00024E
__S1                                      (abs)        00000D
__S4                                      (abs)        000000
__S5                                      (abs)        000000
___heap_hi                                (abs)        000000
___heap_lo                                (abs)        000000
___inthi_sp                               stack        000000
___intlo_sp                               stack        000000
___param_bank                             (abs)        000000
___rparam_used                            (abs)        000001
___sp                                     stack        000000
__accesstop                               (abs)        000060
__activetblptr                            (abs)        000003
__end_of_INTERRUPT_Initialize             text8        00024A
__end_of_INTERRUPT_InterruptManager       intcode      0000D2
__end_of_OSCILLATOR_Initialize            text7        000200
__end_of_PIN_MANAGER_Initialize           text6        00014A
__end_of_PMD_Initialize                   text5        0001E8
__end_of_SYSTEM_Initialize                text2        000216
__end_of_TMR2_CallBack                    text11       0001AA
__end_of_TMR2_DefaultInterruptHandler     text12       00024E
__end_of_TMR2_ISR                         text10       000242
__end_of_TMR2_Initialize                  text3        00017A
__end_of_TMR2_SetInterruptHandler         text4        000238
__end_of_TMR2_Start                       text1        000246
__end_of__initialization                  cinit        0001C2
__end_of_main                             text0        00022A
__initialization                          cinit        0001AA
__mediumconst                             mediumconst  000000
__pcinit                                  cinit        0001AA
__pcstackCOMRAM                           cstackCOMRAM 000001
__pdataCOMRAM                             dataCOMRAM   00000A
__pidataCOMRAM                            idataCOMRAM  00024A
__pintcode                                intcode      000008
__pnvCOMRAM                               nvCOMRAM     000007
__ptext0                                  text0        000216
__ptext1                                  text1        000242
__ptext10                                 text10       000238
__ptext11                                 text11       00017A
__ptext12                                 text12       00024C
__ptext13                                 text13       000000
__ptext2                                  text2        000200
__ptext3                                  text3        00014A
__ptext4                                  text4        00022A
__ptext5                                  text5        0001CC
__ptext6                                  text6        0000D6
__ptext7                                  text7        0001E8
__ptext8                                  text8        000246
__ramtop                                  ramtop       000F00
__smallconst                              smallconst   000000
_count                                    dataCOMRAM   00000A
_main                                     text0        000216
btemp                                     temp         00000C
end_of_initialization                     cinit        0001C2
int$flags                                 temp         00000C
intlevel0                                 text         000000
intlevel1                                 text         000000
intlevel2                                 text         000000
intlevel3                                 text         000000
isa$std                                   (abs)        000001
isa$xinst                                 (abs)        000000
stackhi                                   (abs)        000000
stacklo                                   (abs)        000000
start                                     init         0000D2
start_initialization                      cinit        0001AA
ttemp5                                    temp         00000D
ttemp6                                    temp         000010
ttemp7                                    temp         000014
wtemp8                                    temp         00000D


MODULE INFORMATION

Module		Function		Class		Link	Load	Size
mcc_generated_files/tmr2.c
		_TMR2_ISR      		CODE           	0238	0000	10
		_TMR2_Initialize		CODE           	014A	0000	48
		_TMR2_Start    		CODE           	0242	0000	4
		_TMR2_SetInterruptHandler		CODE           	022A	0000	14
		_TMR2_DefaultInterruptHandler		CODE           	024C	0000	2
		_TMR2_CallBack 		CODE           	017A	0000	48

mcc_generated_files/tmr2.c estimated size: 126

mcc_generated_files/interrupt_manager.c
		_INTERRUPT_Initialize		CODE           	0246	0000	4
		_INTERRUPT_InterruptManager		CODE           	0008	0000	202

mcc_generated_files/interrupt_manager.c estimated size: 206

mcc_generated_files/pin_manager.c
		_PIN_MANAGER_Initialize		CODE           	00D6	0000	116

mcc_generated_files/pin_manager.c estimated size: 116

shared
		__initialization		CODE           	01AA	0000	24

shared estimated size: 24

mcc_generated_files/mcc.c
		_PMD_Initialize		CODE           	01CC	0000	28
		_OSCILLATOR_Initialize		CODE           	01E8	0000	24
		_SYSTEM_Initialize		CODE           	0200	0000	22

mcc_generated_files/mcc.c estimated size: 74

main.c
		_main          		CODE           	0216	0000	20

main.c estimated size: 20

